
>   Error Message:
    Stack Trace:
>   Error Message:
    Stack Trace:
>   Error Message:
    Stack Trace:
>   Error Message:
    Stack Trace:
>   Error Message:
    Stack Trace:
>   Error Message:
    Stack Trace:
>   Error Message:
    Stack Trace:
>   Error Message:
    Stack Trace:
>   Error Message:
    Stack Trace:
>   Error Message:
    Stack Trace:
>   Error Message:
    Stack Trace:
>   Error Message:
    Stack Trace:
>   Error Message:
    Stack Trace:
>   Error Message:
    Stack Trace:
>   Error Message:
    Stack Trace:
>   Error Message:
    Stack Trace:
>   Error Message:
    Stack Trace:
>   Error Message:
    Stack Trace:
>   Error Message:
    Stack Trace:
>   Error Message:
    Stack Trace:
>   Error Message:
    Stack Trace:
>   Error Message:
    Stack Trace:
>   Error Message:
    Stack Trace:
>   Error Message:
    Stack Trace:
>   Error Message:
    Stack Trace:
>   Error Message:
    Stack Trace:
>   Error Message:
    Stack Trace:
>   Error Message:
    Stack Trace:
>   Error Message:
    Stack Trace:
>   Error Message:
    Stack Trace:
>   Error Message:
    Stack Trace:
>   Error Message:
    Stack Trace:
>   Error Message:
    Stack Trace:
>   Error Message:
    Stack Trace:
>   Error Message:
    Stack Trace:
>   Error Message:
    Stack Trace:
>   Error Message:
    Stack Trace:
>   Error Message:
    Stack Trace:
>   Error Message:
    Stack Trace:
>   Error Message:
    Stack Trace:
>   Error Message:
    Stack Trace:
>   Error Message:
    Stack Trace:
>   Error Message:
    Stack Trace:
>   Error Message:
    Stack Trace:
>   Error Message:
    Stack Trace:
>   Error Message:
    Stack Trace:
>   Error Message:
    Stack Trace:
>   Error Message:
    Stack Trace:
>   Error Message:
    Stack Trace:
>   Error Message:
    Stack Trace:
>   Error Message:
    Stack Trace:
>   Error Message:
    Stack Trace:
>   Error Message:
    Stack Trace:
>   Error Message:
    Stack Trace:
>   Error Message:
    Stack Trace:
>   Error Message:
    Stack Trace:
>   Error Message:
    Stack Trace:
>   Error Message:
    Stack Trace:
>   Error Message:
    Stack Trace:
>   Error Message:
    Stack Trace:
>   Error Message:
    Stack Trace:
>   Error Message:
    Stack Trace:
>   Error Message:
    Stack Trace:
>   Error Message:
    Stack Trace:
>   Error Message:
    Stack Trace:
>   Error Message:
    Stack Trace:
>   Error Message:
    Stack Trace:
>   Error Message:
    Stack Trace:
>   Error Message:
    Stack Trace:
>   Error Message:
    Stack Trace:
>   Error Message:
    Stack Trace:
>   Error Message:
    Stack Trace:
>   Error Message:
    Stack Trace:
>   Error Message:
    Stack Trace:
>   Error Message:
    Stack Trace:
>   Error Message:
    Stack Trace:
>   Error Message:
    Stack Trace:
>   Error Message:
    Stack Trace:
>   Error Message:
    Stack Trace:
>   Error Message:
    Stack Trace:
>   Error Message:
    Stack Trace:
>   Error Message:
    Stack Trace:
>   Error Message:
    Stack Trace:
>   Error Message:
    Stack Trace:
>   Error Message:
    Stack Trace:
>   Error Message:
    Stack Trace:
>   Error Message:
    Stack Trace:
>   Error Message:
    Stack Trace:
>   Error Message:
    Stack Trace:
>   Error Message:
    Stack Trace:
>   Error Message:
    Stack Trace:
>   Error Message:
    Stack Trace:
>   Error Message:
    Stack Trace:
>   Error Message:
    Stack Trace:
>   Error Message:
    Stack Trace:
>   Error Message:
    Stack Trace:
>   Error Message:
    Stack Trace:
>   Error Message:
    Stack Trace:
>   Error Message:
    Stack Trace:
>   Error Message:
    Stack Trace:
>   Error Message:
    Stack Trace:
>   Error Message:
    Stack Trace:
>   Error Message:
    Stack Trace:
>   Error Message:
    Stack Trace:
>   Error Message:
    Stack Trace:
>   Error Message:
    Stack Trace:
>   Error Message:
    Stack Trace:
>   Error Message:
    Stack Trace:
>   Error Message:
    Stack Trace:
>   Error Message:
    Stack Trace:
>   Error Message:
    Stack Trace:
>   Error Message:
    Stack Trace:
>   Error Message:
    Stack Trace:
>   Error Message:
    Stack Trace:
>   Error Message:
    Stack Trace:
>   Error Message:
    Stack Trace:
>   Error Message:
    Stack Trace:
>   Error Message:
    Stack Trace:
>   Error Message:
    Stack Trace:
>   Error Message:
    Stack Trace:
>   Error Message:
    Stack Trace:
>   Error Message:
    Stack Trace:
>   Error Message:
    Stack Trace:
>   Error Message:
    Stack Trace:
>   Error Message:
    Stack Trace:
>   Error Message:
    Stack Trace:
>   Error Message:
    Stack Trace:
>   Error Message:
    Stack Trace:
>   Error Message:
    Stack Trace:
>   Error Message:
    Stack Trace:
>   Error Message:
    Stack Trace:
>   Error Message:
    Stack Trace:
>   Error Message:
    Stack Trace:
>   Error Message:
    Stack Trace:
>   Error Message:
    Stack Trace:
>   Error Message:
    Stack Trace:
>   Error Message:
    Stack Trace:
>   Error Message:
    Stack Trace:
>   Error Message:
    Stack Trace:


