Test run for c:\VibeCoding\Gemini_Windsurf\6_Tests\VanAn.Core.Tests\bin\Debug\net8.0\VanAn.Core.Tests.dll (.NETCoreApp,Version=v8.0)
Microsoft (R) Test Execution Command Line Tool Version 17.8.0 (x64)
Copyright (c) Microsoft Corporation.  All rights reserved.

Starting test execution, please wait...
A total of 1 test files matched the specified pattern.
c:\VibeCoding\Gemini_Windsurf\6_Tests\VanAn.Core.Tests\bin\Debug\net8.0\VanAn.Core.Tests.dll
[xUnit.net 00:00:00.00] xUnit.net VSTest Adapter v2.5.7+8f2703126a (64-bit .NET 8.0.0)
[xUnit.net 00:00:00.40]   Discovering: VanAn.Core.Tests
[xUnit.net 00:00:00.98]   Discovered:  VanAn.Core.Tests
[xUnit.net 00:00:01.00]   Starting:    VanAn.Core.Tests
  Passed VanAn.Core.Tests.Domain.CustomerTests.Customer_Should_Have_Valid_CustomerId [50 ms]
  Passed VanAn.Core.Tests.Domain.CustomerTests.Customer_Should_Track_CreatedAt [< 1 ms]
  Passed VanAn.Core.Tests.Domain.CustomerTests.Customer_Should_Support_Soft_Delete [< 1 ms]
  Passed VanAn.Core.Tests.Domain.CustomerTests.Customer_Should_Have_Default_IsDeleted_False [< 1 ms]
  Passed VanAn.Core.Tests.Infrastructure.ValueConverters.AccountingBookTypeConverterTests.Should_Convert_To_Database_Value [48 ms]
  Passed VanAn.Core.Tests.Infrastructure.ValueConverters.AccountingBookTypeConverterTests.Should_Handle_All_4_HKD_Book_Types [4 ms]
  Passed VanAn.Core.Tests.Infrastructure.ValueConverters.AccountingBookTypeConverterTests.Should_Convert_From_Database_Value [< 1 ms]
  Passed VanAn.Core.Tests.Domain.CustomerTests.Customer_Should_Initialize_With_Provided_Values [14 ms]
  Passed VanAn.Core.Tests.Domain.CustomerTests.Customer_Should_Track_UpdatedAt [< 1 ms]
  Passed VanAn.Core.Tests.Domain.CustomerTests.Customer_Should_Have_TenantId [2 ms]
  Passed VanAn.Core.Tests.Accounting.AccountingValidationTests.ValidatePeriod_ShouldReturnTrue_WhenDateInCurrentPeriod [< 1 ms]
  Passed VanAn.Core.Tests.Accounting.AccountingValidationTests.ValidateBalanceConstraint_ShouldReturnWarning_WhenExpensesExceedRevenue [< 1 ms]
  Passed VanAn.Core.Tests.Accounting.AccountingValidationTests.DetectDuplicateEntry_ShouldReturnFalse_WhenSameEntryAfter5Minutes [2 ms]
  Passed VanAn.Core.Tests.Accounting.AccountingValidationTests.DetectDuplicateEntry_ShouldReturnTrue_WhenSameAmountDateAccountWithin5Minutes [< 1 ms]
  Passed VanAn.Core.Tests.Accounting.AccountingValidationTests.ValidatePeriod_ShouldReturnError_WhenDateOutsideCurrentPeriod [< 1 ms]
  Passed VanAn.Core.Tests.Accounting.JournalTemplateTests.JournalTemplate_Should_Handle_Different_Codes(code: "SALE-CASH") [120 ms]
  Passed VanAn.Core.Tests.Accounting.JournalTemplateTests.JournalTemplate_Should_Handle_Different_Codes(code: "PURCHASE-CREDIT") [1 ms]
  Passed VanAn.Core.Tests.Accounting.JournalTemplateTests.JournalTemplate_Should_Handle_Different_Codes(code: "TAX-PAYMENT") [< 1 ms]
  Passed VanAn.Core.Tests.Accounting.JournalTemplateTests.JournalTemplate_Should_Handle_Different_Codes(code: "SALARY-PAYMENT") [< 1 ms]
  Passed VanAn.Core.Tests.Accounting.JournalTemplateTests.JournalTemplate_Should_Execute_Parameter_Replacement [2 ms]
  Passed VanAn.Core.Tests.Accounting.JournalTemplateTests.JournalTemplate_Should_Handle_Complex_Lines [4 ms]
  Passed VanAn.Core.Tests.Accounting.JournalTemplateTests.JournalTemplate_Should_Handle_Validation_Rules [1 ms]
  Passed VanAn.Core.Tests.Accounting.JournalTemplateTests.JournalTemplate_Should_Handle_Business_Rules [4 ms]
  Passed VanAn.Core.Tests.Accounting.JournalTemplateTests.JournalTemplate_Should_Create_With_Valid_Data [1 ms]
  Passed VanAn.Core.Tests.Accounting.JournalTemplateTests.JournalTemplate_Should_Create_With_Empty_Lines [5 ms]
  Passed VanAn.Core.Tests.Infrastructure.ValueConverters.AccountingEntryIdConverterTests.Should_Convert_From_Database_Value [6 ms]
  Passed VanAn.Core.Tests.Infrastructure.ValueConverters.AccountingEntryIdConverterTests.Should_Handle_Null_Values [1 ms]
  Passed VanAn.Core.Tests.Infrastructure.ValueConverters.AccountingEntryIdConverterTests.Should_Convert_To_Database_Value [3 ms]
  Passed VanAn.Core.Tests.Accounting.HKDBookServiceTests.GetExpenseTotalAsync_ShouldReturnCorrectTotal_ForPeriod [319 ms]
  Passed VanAn.Core.Tests.Services.OrderServiceTests.GetOrderByIdAsync_ShouldReturnOrder_WhenOrderExists [321 ms]
  Passed VanAn.Core.Tests.Services.OrderServiceTests.GetOrdersByDateRangeAsync_ShouldReturnOrders_WhenOrdersExist [10 ms]
  Passed VanAn.Core.Tests.Accounting.ReversalServiceTests.GetReversalChainAsync_ShouldReturnChain_WhenEntriesExist [244 ms]
  Passed VanAn.Core.Tests.Accounting.ReversalServiceTests.CreateReversalEntryAsync_ShouldThrowException_WhenEntryAlreadyReversed [7 ms]
  Passed VanAn.Core.Tests.Accounting.HKDBookServiceTests.GetExpenseEntriesAsync_ShouldReturnEntries_ForPeriod [52 ms]
  Passed VanAn.Core.Tests.Accounting.HKDBookServiceTests.RecordRevenueAsync_ShouldCreateEntry_WithCorrectPeriod [28 ms]
  Passed VanAn.Core.Tests.Accounting.HKDBookServiceTests.RecordRevenueAsync_ShouldCreateEntry_WithCurrentDateWhenNotProvided [2 ms]
  Passed VanAn.Core.Tests.Accounting.HKDBookServiceTests.GetProfitAsync_ShouldReturnNegativeProfit_WhenExpensesExceedRevenue [18 ms]
  Passed VanAn.Core.Tests.Accounting.ReversalServiceTests.CreateReversalEntryAsync_ShouldCreateReversal_WhenValidInput [63 ms]
  Passed VanAn.Core.Tests.Accounting.ReversalServiceTests.CreateReversalEntryAsync_ShouldThrowException_WhenEntryBelongsToDifferentTenant [12 ms]
  Passed VanAn.Core.Tests.Accounting.ReversalServiceTests.CanReverseEntryAsync_ShouldReturnFalse_WhenEntryDoesNotExist [5 ms]
  Passed VanAn.Core.Tests.Accounting.ReversalServiceTests.GetOriginalEntryAsync_ShouldReturnNull_WhenEntryBelongsToDifferentTenant [6 ms]
  Passed VanAn.Core.Tests.Accounting.HKDBookServiceTests.GetProfitAsync_ShouldReturnCorrectProfit_ForPeriod [49 ms]
  Passed VanAn.Core.Tests.Accounting.HKDBookServiceTests.GetRevenueTotalAsync_ShouldReturnCorrectTotal_ForPeriod [5 ms]
  Passed VanAn.Core.Tests.Accounting.HKDBookServiceTests.GetRevenueTotalAsync_ShouldReturnZero_WhenNoRevenueEntries [8 ms]
  Passed VanAn.Core.Tests.Accounting.HKDBookServiceTests.RecordExpenseAsync_ShouldCreateEntry_WithCorrectPeriod [3 ms]
  Passed VanAn.Core.Tests.Accounting.HKDBookServiceTests.GetRevenueEntriesAsync_ShouldReturnEntries_ForPeriod [11 ms]
  Passed VanAn.Core.Tests.Accounting.ReversalServiceTests.CreateReversalEntryAsync_ShouldThrowException_WhenOriginalEntryNotFound [54 ms]
  Passed VanAn.Core.Tests.Accounting.HKDBookServiceTests.GetExpenseTotalAsync_ShouldReturnZero_WhenNoExpenseEntries [3 ms]
  Passed VanAn.Core.Tests.Accounting.ReversalServiceTests.CanReverseEntryAsync_ShouldReturnTrue_WhenEntryExistsAndNotReversed [3 ms]
  Passed ProductId is distinct from the cart line Id [1 ms]
  Passed VanAn.Core.Tests.Accounting.ReversalServiceTests.GetOriginalEntryAsync_ShouldReturnEntry_WhenEntryExistsAndBelongsToTenant [11 ms]
  Passed VanAn.Core.Tests.Accounting.ReversalServiceTests.CanReverseEntryAsync_ShouldReturnFalse_WhenEntryBelongsToDifferentTenant [3 ms]
  Passed VanAn.Core.Tests.Accounting.JournalTemplateLineTests.JournalTemplateLine_Should_Handle_Different_Amount_Formulas(formula: "NetAmount") [< 1 ms]
  Passed VanAn.Core.Tests.Accounting.JournalTemplateLineTests.JournalTemplateLine_Should_Handle_Different_Amount_Formulas(formula: "Amount") [< 1 ms]
  Passed VanAn.Core.Tests.Accounting.JournalTemplateLineTests.JournalTemplateLine_Should_Handle_Different_Amount_Formulas(formula: "ImportTax") [< 1 ms]
  Passed VanAn.Core.Tests.Accounting.JournalTemplateLineTests.JournalTemplateLine_Should_Handle_Different_Amount_Formulas(formula: "Amount*0.1") [< 1 ms]
  Passed VanAn.Core.Tests.Accounting.JournalTemplateLineTests.JournalTemplateLine_Should_Handle_Different_Amount_Formulas(formula: "COGS") [< 1 ms]
  Passed VanAn.Core.Tests.Accounting.JournalTemplateLineTests.JournalTemplateLine_Should_Handle_Different_Amount_Formulas(formula: "VatAmount") [< 1 ms]
  Passed VanAn.Core.Tests.Accounting.JournalTemplateLineTests.JournalTemplateLine_Should_Handle_Different_Account_Numbers(accountNumber: "111") [< 1 ms]
  Passed VanAn.Core.Tests.Accounting.JournalTemplateLineTests.JournalTemplateLine_Should_Handle_Different_Account_Numbers(accountNumber: "511") [< 1 ms]
  Passed VanAn.Core.Tests.Accounting.JournalTemplateLineTests.JournalTemplateLine_Should_Handle_Different_Account_Numbers(accountNumber: "632") [< 1 ms]
  Passed VanAn.Core.Tests.Accounting.JournalTemplateLineTests.JournalTemplateLine_Should_Handle_Different_Account_Numbers(accountNumber: "112") [< 1 ms]
  Passed VanAn.Core.Tests.Accounting.JournalTemplateLineTests.JournalTemplateLine_Should_Handle_Different_Account_Numbers(accountNumber: "131") [< 1 ms]
  Passed VanAn.Core.Tests.Accounting.JournalTemplateLineTests.JournalTemplate_Should_Calculate_Formula_Amounts [3 ms]
  Passed VanAn.Core.Tests.Accounting.JournalTemplateLineTests.JournalTemplate_Should_Handle_Empty_Codes(invalidCode: "   ") [< 1 ms]
  Passed VanAn.Core.Tests.Accounting.JournalTemplateLineTests.JournalTemplate_Should_Handle_Empty_Codes(invalidCode: "") [< 1 ms]
  Passed VanAn.Core.Tests.Accounting.JournalTemplateLineTests.JournalTemplate_Should_Handle_Empty_Codes(invalidCode: null) [< 1 ms]
  Passed VanAn.Core.Tests.Accounting.JournalTemplateLineTests.JournalTemplateLine_Should_Create_With_Valid_Data [2 ms]
  Passed VanAn.Core.Tests.Accounting.JournalTemplateLineTests.JournalTemplateLine_Should_Handle_Null_Description_Template [< 1 ms]
  Passed VanAn.Core.Tests.Accounting.JournalTemplateLineTests.JournalTemplateLine_Should_Handle_Different_Debit_Credit_Combinations(isDebit: False, isCredit: True) [< 1 ms]
  Passed VanAn.Core.Tests.Accounting.JournalTemplateLineTests.JournalTemplateLine_Should_Handle_Different_Debit_Credit_Combinations(isDebit: True, isCredit: False) [< 1 ms]
  Passed VanAn.Core.Tests.Accounting.JournalTemplateLineTests.JournalTemplateLine_Should_Handle_Different_Debit_Credit_Combinations(isDebit: False, isCredit: False) [< 1 ms]
  Passed VanAn.Core.Tests.Accounting.JournalTemplateLineTests.JournalTemplateLine_Should_Handle_Null_Amount_Formula [< 1 ms]
  Passed VanAn.Core.Tests.Accounting.JournalTemplateLineTests.JournalTemplate_Should_Prevent_Duplicate_Business_Rules [< 1 ms]
  Passed VanAn.Core.Tests.Accounting.JournalTemplateLineTests.JournalTemplate_Should_Validate_Account_Number_In_Lines [< 1 ms]
  Passed VanAn.Core.Tests.Accounting.JournalTemplateLineTests.JournalTemplate_Should_Handle_Description_Templates [< 1 ms]
  Passed VanAn.Core.Tests.Accounting.JournalTemplateLineTests.JournalTemplateLine_Should_Handle_Empty_Description_Template [< 1 ms]
  Passed VanAn.Core.Tests.Accounting.JournalTemplateLineTests.JournalTemplate_Should_Handle_Complex_Formulas [< 1 ms]
  Passed VanAn.Core.Tests.Accounting.JournalTemplateLineTests.JournalTemplate_Should_Validate_Business_Rule_Execution [< 1 ms]
  Passed TotalPrice is zero when Quantity is zero [48 ms]
dotnet : [xUnit.net 00:00:02.08]     VanAn.Core.Tests.Accounting.J
ournalEntryTests.JournalEntry_Should_Reject_Invalid_Vietnamese_Acc
ount_Numbers(invalidAccountNumber: "11") [FAIL]
At line:1 char:1
+ dotnet test 
c:\VibeCoding\Gemini_Windsurf\6_Tests\VanAn.Core.Tests\Va ...
+ ~~~~~~~~~~~~~~~~~~~~~~~~~~~~~~~~~~~~~~~~~~~~~~~~~~~~~~~~~~~~~~~~
~~~~~
    + CategoryInfo          : NotSpecified: ([xUnit.net 00:0...r: 
    "11") [FAIL]:String) [], RemoteException
    + FullyQualifiedErrorId : NativeCommandError
 
[xUnit.net 00:00:02.08]       Assert.Throws() Failure: No exception was thrown
[xUnit.net 00:00:02.08]       Expected: typeof(System.ArgumentException)
[xUnit.net 00:00:02.08]       Stack Trace:
[xUnit.net 00:00:02.08]         c:\VibeCoding\Gemini_Windsurf\6_Tests\VanAn.Core.Tests\Accounting\JournalEntryTests.cs(225,0): at VanAn.Core.Tests.Accounting.JournalEntryTests.JournalEntry_Should_Reject_Invalid_Vietnamese_Account_Numbers(String invalidAccountNumber)
[xUnit.net 00:00:02.08]            at System.RuntimeMethodHandle.InvokeMethod(Object target, Void** arguments, Signature sig, Boolean isConstructor)
[xUnit.net 00:00:02.08]            at System.Reflection.MethodBaseInvoker.InvokeDirectByRefWithFewArgs(Object obj, Span`1 copyOfArgs, BindingFlags invokeAttr)
  Passed With expression produces new instance with updated Quantity, Id unchanged [< 1 ms]
  Passed ProductName is not null or empty after construction [< 1 ms]
  Passed TotalPrice equals Quantity times UnitPrice [< 1 ms]
  Passed Two CartItems with same ProductId but different Id are allowed by design [< 1 ms]
  Passed VanAn.Core.Tests.Accounting.JournalEntryTests.JournalEntry_Should_Throw_Exception_For_Negative_Amounts(debit: -100, credit: -200) [40 ms]
  Passed VanAn.Core.Tests.Accounting.JournalEntryTests.JournalEntry_Should_Throw_Exception_For_Negative_Amounts(debit: 0, credit: -500) [4 ms]
  Passed VanAn.Core.Tests.Accounting.JournalEntryTests.JournalEntry_Should_Throw_Exception_For_Negative_Amounts(debit: -1000, credit: 0) [< 1 ms]
  Failed VanAn.Core.Tests.Accounting.JournalEntryTests.JournalEntry_Should_Reject_Invalid_Vietnamese_Account_Numbers(invalidAccountNumber: "11") [6 ms]
  Error Message:
   Assert.Throws() Failure: No exception was thrown
Expected: typeof(System.ArgumentException)
  Stack Trace:
     at VanAn.Core.Tests.Accounting.JournalEntryTests.JournalEntry_Should_Reject_Invalid_Vietnamese_Account_Numbers(String invalidAccountNumber) in c:\VibeCoding\Gemini_Windsurf\6_Tests\VanAn.Core.Tests\Accounting\JournalEntryTests.cs:line 225
   at System.RuntimeMethodHandle.InvokeMethod(Object target, Void** arguments, Signature sig, Boolean isConstructor)
   at System.Reflection.MethodBaseInvoker.InvokeDirectByRefWithFewArgs(Object obj, Span`1 copyOfArgs, BindingFlags invokeAttr)
  Passed VanAn.Core.Tests.Accounting.JournalEntryTests.JournalEntry_Should_Reject_Invalid_Vietnamese_Account_Numbers(invalidAccountNumber: "11A") [< 1 ms]
  Passed VanAn.Core.Tests.Accounting.JournalEntryTests.JournalEntry_Should_Reject_Invalid_Vietnamese_Account_Numbers(invalidAccountNumber: "12345678901") [< 1 ms]
  Passed VanAn.Core.Tests.Accounting.JournalEntryTests.JournalEntry_Should_Reject_Invalid_Vietnamese_Account_Numbers(invalidAccountNumber: "ABC") [< 1 ms]
  Passed VanAn.Core.Tests.Accounting.JournalEntryTests.JournalEntry_Should_Add_Line_Correctly [3 ms]
  Passed VanAn.Core.Tests.Accounting.JournalEntryTests.JournalEntry_Should_Add_Multiple_Lines_Correctly [1 ms]
  Passed VanAn.Core.Tests.Accounting.JournalEntryTests.JournalEntry_Should_Accept_Valid_Vietnamese_Account_Numbers(validAccountNumber: "112") [< 1 ms]
  Passed VanAn.Core.Tests.Accounting.JournalEntryTests.JournalEntry_Should_Accept_Valid_Vietnamese_Account_Numbers(validAccountNumber: "131") [< 1 ms]
  Passed VanAn.Core.Tests.Accounting.JournalEntryTests.JournalEntry_Should_Accept_Valid_Vietnamese_Account_Numbers(validAccountNumber: "511") [< 1 ms]
  Passed VanAn.Core.Tests.Accounting.JournalEntryTests.JournalEntry_Should_Accept_Valid_Vietnamese_Account_Numbers(validAccountNumber: "111") [< 1 ms]
[xUnit.net 00:00:02.11]     VanAn.Core.Tests.Services.OrderService
Tests.GetTodayOrderCountAsync_ShouldReturnCorrectCount [FAIL]
[xUnit.net 00:00:02.11]       Expected result to be 3, but found 0 (difference of -3).
[xUnit.net 00:00:02.11]       Stack Trace:
[xUnit.net 00:00:02.11]            at FluentAssertions.Execution.XUnit2TestFramework.Throw(String message)
[xUnit.net 00:00:02.11]            at FluentAssertions.Execution.TestFrameworkProvider.Throw(String message)
[xUnit.net 00:00:02.11]            at FluentAssertions.Execution.DefaultAssertionStrategy.HandleFailure(String message)
[xUnit.net 00:00:02.11]            at FluentAssertions.Execution.AssertionScope.FailWith(Func`1 failReasonFunc)
[xUnit.net 00:00:02.11]            at FluentAssertions.Execution.AssertionScope.FailWith(Func`1 failReasonFunc)
[xUnit.net 00:00:02.11]            at FluentAssertions.Execution.AssertionScope.FailWith(String message, Object[] args)
[xUnit.net 00:00:02.11]            at FluentAssertions.Numeric.NumericAssertions`2.Be(T expected, String because, Object[] becauseArgs)
[xUnit.net 00:00:02.11]         c:\VibeCoding\Gemini_Windsurf\6_Tests\VanAn.Core.Tests\Services\OrderServiceTests.cs(85,0): at VanAn.Core.Tests.Services.OrderServiceTests.GetTodayOrderCountAsync_ShouldReturnCorrectCount()
[xUnit.net 00:00:02.11]         --- End of stack trace from previous location ---
[xUnit.net 00:00:02.11]     VanAn.Core.Tests.Services.HKDBookServi
ceTests.GenerateS2bBookAsync_ShouldGenerateRevenueBook_WhenTenantI
sHKDGroup2 [FAIL]
[xUnit.net 00:00:02.11]       Expected result.Entries to contain 2 item(s), but found 0: {empty}.
[xUnit.net 00:00:02.11]       Stack Trace:
[xUnit.net 00:00:02.11]            at FluentAssertions.Execution.XUnit2TestFramework.Throw(String message)
[xUnit.net 00:00:02.11]            at FluentAssertions.Execution.TestFrameworkProvider.Throw(String message)
[xUnit.net 00:00:02.11]            at FluentAssertions.Execution.DefaultAssertionStrategy.HandleFailure(String message)
[xUnit.net 00:00:02.11]            at FluentAssertions.Execution.AssertionScope.FailWith(Func`1 failReasonFunc)
[xUnit.net 00:00:02.11]            at FluentAssertions.Execution.AssertionScope.FailWith(Func`1 failReasonFunc)
[xUnit.net 00:00:02.11]            at FluentAssertions.Execution.AssertionScope.FailWith(String message, Object[] args)
[xUnit.net 00:00:02.11]            at FluentAssertions.Collections.GenericCollectionAssertions`3.HaveCount(Int32 expected, String because, Object[] becauseArgs)
[xUnit.net 00:00:02.11]         c:\VibeCoding\Gemini_Windsurf\6_Tests\VanAn.Core.Tests\Services\HKDBookServiceTests.cs(179,0): at VanAn.Core.Tests.Services.HKDBookServiceTests.GenerateS2bBookAsync_ShouldGenerateRevenueBook_WhenTenantIsHKDGroup2()
[xUnit.net 00:00:02.11]         --- End of stack trace from previous location ---
  Passed VanAn.Core.Tests.Accounting.JournalEntryTests.JournalEntry_Should_Be_Immutable_After_Creation [1 ms]
  Passed VanAn.Core.Tests.Accounting.AccountingEntryServiceTests.GetEntriesByTenantAndBookTypeAsync_ShouldReturnFilteredEntries [55 ms]
  Passed VanAn.Core.Tests.Accounting.AccountingEntryServiceTests.CreateExpenseEntryAsync_ShouldCreateEntry_WhenValidInput [4 ms]
  Failed VanAn.Core.Tests.Services.OrderServiceTests.GetTodayOrderCountAsync_ShouldReturnCorrectCount [296 ms]
  Error Message:
   Expected result to be 3, but found 0 (difference of -3).
  Stack Trace:
     at FluentAssertions.Execution.XUnit2TestFramework.Throw(String message)
   at FluentAssertions.Execution.TestFrameworkProvider.Throw(String message)
   at FluentAssertions.Execution.DefaultAssertionStrategy.HandleFailure(String message)
   at FluentAssertions.Execution.AssertionScope.FailWith(Func`1 failReasonFunc)
   at FluentAssertions.Execution.AssertionScope.FailWith(Func`1 failReasonFunc)
   at FluentAssertions.Execution.AssertionScope.FailWith(String message, Object[] args)
   at FluentAssertions.Numeric.NumericAssertions`2.Be(T expected, String because, Object[] becauseArgs)
   at VanAn.Core.Tests.Services.OrderServiceTests.GetTodayOrderCountAsync_ShouldReturnCorrectCount() in c:\VibeCoding\Gemini_Windsurf\6_Tests\VanAn.Core.Tests\Services\OrderServiceTests.cs:line 85
--- End of stack trace from previous location ---
  Failed VanAn.Core.Tests.Services.HKDBookServiceTests.GenerateS2bBookAsync_ShouldGenerateRevenueBook_WhenTenantIsHKDGroup2 [363 ms]
  Error Message:
   Expected result.Entries to contain 2 item(s), but found 0: {empty}.
  Stack Trace:
     at FluentAssertions.Execution.XUnit2TestFramework.Throw(String message)
   at FluentAssertions.Execution.TestFrameworkProvider.Throw(String message)
   at FluentAssertions.Execution.DefaultAssertionStrategy.HandleFailure(String message)
   at FluentAssertions.Execution.AssertionScope.FailWith(Func`1 failReasonFunc)
   at FluentAssertions.Execution.AssertionScope.FailWith(Func`1 failReasonFunc)
   at FluentAssertions.Execution.AssertionScope.FailWith(String message, Object[] args)
   at FluentAssertions.Collections.GenericCollectionAssertions`3.HaveCount(Int32 expected, String because, Object[] becauseArgs)
   at VanAn.Core.Tests.Services.HKDBookServiceTests.GenerateS2bBookAsync_ShouldGenerateRevenueBook_WhenTenantIsHKDGroup2() in c:\VibeCoding\Gemini_Windsurf\6_Tests\VanAn.Core.Tests\Services\HKDBookServiceTests.cs:line 179
--- End of stack trace from previous location ---
  Passed VanAn.Core.Tests.Accounting.AccountingEntryServiceTests.GetEntryByIdAsync_ShouldReturnEntry_WhenEntryExistsAndBelongsToTenant [14 ms]
[xUnit.net 00:00:02.14]     VanAn.Core.Tests.Accounting.JournalEnt
ryTests.JournalEntry_Should_Create_Reversal_Correctly [FAIL]
[xUnit.net 00:00:02.14]       Expected reversalJournal.Description to be "Reversal: Original Entry - Test reversal" with a length of 40, but "Reversal: Original Entry" has a length of 24, differs near "y" (index 23).
[xUnit.net 00:00:02.14]       Stack Trace:
[xUnit.net 00:00:02.14]            at FluentAssertions.Execution.XUnit2TestFramework.Throw(String message)
[xUnit.net 00:00:02.14]            at FluentAssertions.Execution.TestFrameworkProvider.Throw(String message)
[xUnit.net 00:00:02.14]            at FluentAssertions.Execution.DefaultAssertionStrategy.HandleFailure(String message)
[xUnit.net 00:00:02.14]            at FluentAssertions.Execution.AssertionScope.FailWith(Func`1 failReasonFunc)
[xUnit.net 00:00:02.14]            at FluentAssertions.Execution.AssertionScope.FailWith(Func`1 failReasonFunc)
[xUnit.net 00:00:02.14]            at FluentAssertions.Primitives.StringEqualityValidator.ValidateAgainstLengthDifferences()
[xUnit.net 00:00:02.14]            at FluentAssertions.Primitives.StringValidator.Validate()
[xUnit.net 00:00:02.14]            at FluentAssertions.Primitives.StringAssertions`1.Be(String expected, String because, Object[] becauseArgs)
[xUnit.net 00:00:02.14]         c:\VibeCoding\Gemini_Windsurf\6_Tests\VanAn.Core.Tests\Accounting\JournalEntryTests.cs(186,0): at VanAn.Core.Tests.Accounting.JournalEntryTests.JournalEntry_Should_Create_Reversal_Correctly()
[xUnit.net 00:00:02.14]            at System.RuntimeMethodHandle.InvokeMethod(Object target, Void** arguments, Signature sig, Boolean isConstructor)
[xUnit.net 00:00:02.14]            at System.Reflection.MethodBaseInvoker.InvokeWithNoArgs(Object obj, BindingFlags invokeAttr)
[xUnit.net 00:00:02.15]     VanAn.Core.Tests.Services.HKDBookServi
ceTests.GetAvailableBookTypesAsync_ShouldReturnCompanyBooks_WhenTe
nantIsCompany [FAIL]
[xUnit.net 00:00:02.15]       Expected result {AccountingBookType.S1a_HKD {value: 5}, AccountingBookType.S2a_HKD {value: 6}, AccountingBookType.S2b_HKD {value: 7}, AccountingBookType.S2c_HKD {value: 8}, AccountingBookType.S2d_HKD {value: 9}, AccountingBookType.S2e_HKD {value: 10}, AccountingBookType.S3a_HKD {value: 11}} to contain AccountingBookType.RevenueBook {value: 1}.
[xUnit.net 00:00:02.15]       Stack Trace:
[xUnit.net 00:00:02.15]            at FluentAssertions.Execution.XUnit2TestFramework.Throw(String message)
[xUnit.net 00:00:02.15]            at FluentAssertions.Execution.TestFrameworkProvider.Throw(String message)
[xUnit.net 00:00:02.15]            at FluentAssertions.Execution.DefaultAssertionStrategy.HandleFailure(String message)
[xUnit.net 00:00:02.15]            at FluentAssertions.Execution.AssertionScope.FailWith(Func`1 failReasonFunc)
[xUnit.net 00:00:02.15]            at FluentAssertions.Execution.AssertionScope.FailWith(Func`1 failReasonFunc)
[xUnit.net 00:00:02.15]            at FluentAssertions.Execution.AssertionScope.FailWith(String message, Object[] args)
[xUnit.net 00:00:02.15]            at FluentAssertions.Collections.GenericCollectionAssertions`3.Contain(T expected, String because, Object[] becauseArgs)
[xUnit.net 00:00:02.15]         c:\VibeCoding\Gemini_Windsurf\6_Tests\VanAn.Core.Tests\Services\HKDBookServiceTests.cs(153,0): at VanAn.Core.Tests.Services.HKDBookServiceTests.GetAvailableBookTypesAsync_ShouldReturnCompanyBooks_WhenTenantIsCompany()
[xUnit.net 00:00:02.15]         --- End of stack trace from previous location ---
  Passed VanAn.Core.Tests.Accounting.AccountingEntryServiceTests.CreateRevenueEntryAsync_ShouldCreateEntry_WhenValidInput [3 ms]
  Passed VanAn.Core.Tests.Services.OrderServiceTests.CreateOrderAsync_ShouldCreateOrder_WhenValidOrder [16 ms]
  Passed VanAn.Core.Tests.Services.OrderServiceTests.UpdateOrderStatusAsync_ShouldUpdateStatus_WhenValidStatus [9 ms]
  Failed VanAn.Core.Tests.Accounting.JournalEntryTests.JournalEntry_Should_Create_Reversal_Correctly [58 ms]
  Error Message:
   Expected reversalJournal.Description to be "Reversal: Original Entry - Test reversal" with a length of 40, but "Reversal: Original Entry" has a length of 24, differs near "y" (index 23).
  Stack Trace:
     at FluentAssertions.Execution.XUnit2TestFramework.Throw(String message)
   at FluentAssertions.Execution.TestFrameworkProvider.Throw(String message)
   at FluentAssertions.Execution.DefaultAssertionStrategy.HandleFailure(String message)
   at FluentAssertions.Execution.AssertionScope.FailWith(Func`1 failReasonFunc)
   at FluentAssertions.Execution.AssertionScope.FailWith(Func`1 failReasonFunc)
   at FluentAssertions.Primitives.StringEqualityValidator.ValidateAgainstLengthDifferences()
   at FluentAssertions.Primitives.StringValidator.Validate()
   at FluentAssertions.Primitives.StringAssertions`1.Be(String expected, String because, Object[] becauseArgs)
   at VanAn.Core.Tests.Accounting.JournalEntryTests.JournalEntry_Should_Create_Reversal_Correctly() in c:\VibeCoding\Gemini_Windsurf\6_Tests\VanAn.Core.Tests\Accounting\JournalEntryTests.cs:line 186
   at System.RuntimeMethodHandle.InvokeMethod(Object target, Void** arguments, Signature sig, Boolean isConstructor)
   at System.Reflection.MethodBaseInvoker.InvokeWithNoArgs(Object obj, BindingFlags invokeAttr)
  Passed VanAn.Core.Tests.Accounting.JournalEntryTests.JournalEntry_Should_Handle_Null_Reference [6 ms]
  Failed VanAn.Core.Tests.Services.HKDBookServiceTests.GetAvailableBookTypesAsync_ShouldReturnCompanyBooks_WhenTenantIsCompany [39 ms]
  Error Message:
   Expected result {AccountingBookType.S1a_HKD {value: 5}, AccountingBookType.S2a_HKD {value: 6}, AccountingBookType.S2b_HKD {value: 7}, AccountingBookType.S2c_HKD {value: 8}, AccountingBookType.S2d_HKD {value: 9}, AccountingBookType.S2e_HKD {value: 10}, AccountingBookType.S3a_HKD {value: 11}} to contain AccountingBookType.RevenueBook {value: 1}.
  Stack Trace:
     at FluentAssertions.Execution.XUnit2TestFramework.Throw(String message)
   at FluentAssertions.Execution.TestFrameworkProvider.Throw(String message)
   at FluentAssertions.Execution.DefaultAssertionStrategy.HandleFailure(String message)
   at FluentAssertions.Execution.AssertionScope.FailWith(Func`1 failReasonFunc)
   at FluentAssertions.Execution.AssertionScope.FailWith(Func`1 failReasonFunc)
   at FluentAssertions.Execution.AssertionScope.FailWith(String message, Object[] args)
   at FluentAssertions.Collections.GenericCollectionAssertions`3.Contain(T expected, String because, Object[] becauseArgs)
   at VanAn.Core.Tests.Services.HKDBookServiceTests.GetAvailableBookTypesAsync_ShouldReturnCompanyBooks_WhenTenantIsCompany() in c:\VibeCoding\Gemini_Windsurf\6_Tests\VanAn.Core.Tests\Services\HKDBookServiceTests.cs:line 153
--- End of stack trace from previous location ---
  Passed VanAn.Core.Tests.Accounting.JournalEntryTests.JournalEntry_Should_Create_With_Valid_Data [4 ms]
  Passed VanAn.Core.Tests.Accounting.JournalEntryTests.JournalEntry_Should_Throw_Exception_For_Both_Debit_And_Credit [< 1 ms]
  Passed VanAn.Core.Tests.Accounting.JournalEntryTests.JournalEntry_Should_Create_With_Reference [< 1 ms]
  Passed VanAn.Core.Tests.Accounting.JournalEntryTests.JournalEntry_Should_Handle_Empty_Description [< 1 ms]
  Passed VanAn.Core.Tests.Accounting.JournalEntryTests.JournalEntry_Should_Generate_Unique_Journal_No [< 1 ms]
  Passed VanAn.Core.Tests.Accounting.JournalEntryTests.JournalEntry_Should_Prevent_Reversal_Of_Reversal [< 1 ms]
  Passed VanAn.Core.Tests.Accounting.BusinessRuleTestsPlaceholder.BusinessRules_Tests_Placeholder_For_Step6_Implementation [< 1 ms]
  Passed VanAn.Core.Tests.Accounting.JournalEntryLineTests.JournalEntryLine_Should_Accept_Invalid_Account_Formats_In_Constructor(invalidAccount: "AB") [< 1 ms]
  Passed VanAn.Core.Tests.Accounting.JournalEntryLineTests.JournalEntryLine_Should_Accept_Invalid_Account_Formats_In_Constructor(invalidAccount: "ABC123") [< 1 ms]
  Passed VanAn.Core.Tests.Accounting.JournalEntryLineTests.JournalEntryLine_Should_Accept_Invalid_Account_Formats_In_Constructor(invalidAccount: "11-22") [< 1 ms]
  Passed VanAn.Core.Tests.Accounting.JournalEntryLineTests.JournalEntryLine_Should_Accept_Invalid_Account_Formats_In_Constructor(invalidAccount: "12345678901") [< 1 ms]
  Passed VanAn.Core.Tests.Accounting.JournalEntryLineTests.JournalEntryLine_Should_Handle_Valid_Account_Numbers(accountNumber: "111", debit: 1000, credit: 0) [< 1 ms]
  Passed VanAn.Core.Tests.Accounting.JournalEntryLineTests.JournalEntryLine_Should_Handle_Valid_Account_Numbers(accountNumber: "511", debit: 0, credit: 2500) [< 1 ms]
  Passed VanAn.Core.Tests.Accounting.JournalEntryLineTests.JournalEntryLine_Should_Handle_Valid_Account_Numbers(accountNumber: "131", debit: 10000, credit: 0) [< 1 ms]
  Passed VanAn.Core.Tests.Accounting.JournalEntryLineTests.JournalEntryLine_Should_Handle_Valid_Account_Numbers(accountNumber: "112", debit: 0, credit: 500) [< 1 ms]
  Passed VanAn.Core.Tests.Accounting.JournalEntryLineTests.JournalEntryLine_Should_Handle_Small_Amounts(smallAmount: 0.0001) [< 1 ms]
  Passed VanAn.Core.Tests.Accounting.JournalEntryLineTests.JournalEntryLine_Should_Handle_Small_Amounts(smallAmount: 0.1) [< 1 ms]
  Passed VanAn.Core.Tests.Accounting.JournalEntryLineTests.JournalEntryLine_Should_Handle_Small_Amounts(smallAmount: 0.01) [< 1 ms]
  Passed VanAn.Core.Tests.Accounting.JournalEntryLineTests.JournalEntryLine_Should_Create_With_Null_Description [< 1 ms]
  Passed VanAn.Core.Tests.Accounting.JournalEntryLineTests.JournalEntryLine_Should_Handle_Decimal_Precision [< 1 ms]
  Passed VanAn.Core.Tests.Accounting.JournalEntryLineTests.JournalEntryLine_Should_Handle_Negative_Zero [< 1 ms]
  Passed VanAn.Core.Tests.Accounting.JournalEntryLineTests.JournalEntryLine_Should_Handle_Invalid_Account_Numbers(accountNumber: "   ", debit: 1000, credit: 0) [2 ms]
  Passed VanAn.Core.Tests.Accounting.JournalEntryLineTests.JournalEntryLine_Should_Handle_Invalid_Account_Numbers(accountNumber: "", debit: 1000, credit: 0) [< 1 ms]
  Passed VanAn.Core.Tests.Accounting.JournalEntryLineTests.JournalEntryLine_Should_Handle_Invalid_Account_Numbers(accountNumber: null, debit: 1000, credit: 0) [< 1 ms]
  Passed VanAn.Core.Tests.Accounting.JournalEntryLineTests.JournalEntryLine_Should_Assign_Correct_JournalEntryId [< 1 ms]
  Passed VanAn.Core.Tests.Accounting.JournalEntryLineTests.JournalEntryLine_Should_Throw_For_Both_Debit_And_Credit_Positive(debit: 1000, credit: 500) [< 1 ms]
  Passed VanAn.Core.Tests.Accounting.JournalEntryLineTests.JournalEntryLine_Should_Throw_For_Both_Debit_And_Credit_Positive(debit: 500, credit: 300) [< 1 ms]
  Passed VanAn.Core.Tests.Accounting.JournalEntryLineTests.JournalEntryLine_Should_Throw_For_Both_Debit_And_Credit_Positive(debit: 100, credit: 50) [< 1 ms]
  Passed VanAn.Core.Tests.Accounting.JournalEntryLineTests.JournalEntryLine_Should_Throw_For_Negative_Amounts(debit: -100, credit: -200) [2 ms]
  Passed VanAn.Core.Tests.Accounting.AccountingEntryServiceTests.GetEntriesByTenantAsync_ShouldReturnEntries_ForValidTenant [79 ms]
  Passed VanAn.Core.Tests.Accounting.JournalEntryLineTests.JournalEntryLine_Should_Throw_For_Negative_Amounts(debit: -1000, credit: 0) [< 1 ms]
  Passed VanAn.Core.Tests.Accounting.JournalEntryLineTests.JournalEntryLine_Should_Throw_For_Negative_Amounts(debit: 0, credit: -500) [< 1 ms]
  Passed VanAn.Core.Tests.Accounting.JournalEntryLineTests.JournalEntryLine_Should_Create_With_Empty_Description [< 1 ms]
  Passed VanAn.Core.Tests.Accounting.JournalEntryLineTests.JournalEntryLine_Should_Create_With_Valid_Data [< 1 ms]
  Passed VanAn.Core.Tests.Accounting.JournalEntryLineTests.JournalEntryLine_Should_Handle_Zero_Amounts [< 1 ms]
[xUnit.net 00:00:02.21]     VanAn.Core.Tests.Services.HKDBookServi
ceTests.ValidateHKDGroupAsync_ShouldReturnFalse_WhenTenantDoesNotM
atchRequiredGroup [FAIL]
[xUnit.net 00:00:02.21]       Expected result to be false, but found True.
[xUnit.net 00:00:02.21]       Stack Trace:
[xUnit.net 00:00:02.21]            at FluentAssertions.Execution.XUnit2TestFramework.Throw(String message)
[xUnit.net 00:00:02.21]            at FluentAssertions.Execution.TestFrameworkProvider.Throw(String message)
[xUnit.net 00:00:02.21]            at FluentAssertions.Execution.DefaultAssertionStrategy.HandleFailure(String message)
[xUnit.net 00:00:02.21]            at FluentAssertions.Execution.AssertionScope.FailWith(Func`1 failReasonFunc)
[xUnit.net 00:00:02.21]            at FluentAssertions.Execution.AssertionScope.FailWith(Func`1 failReasonFunc)
[xUnit.net 00:00:02.21]            at FluentAssertions.Execution.AssertionScope.FailWith(String message, Object[] args)
[xUnit.net 00:00:02.21]            at FluentAssertions.Primitives.BooleanAssertions`1.BeFalse(String because, Object[] becauseArgs)
[xUnit.net 00:00:02.21]         c:\VibeCoding\Gemini_Windsurf\6_Tests\VanAn.Core.Tests\Services\HKDBookServiceTests.cs(124,0): at VanAn.Core.Tests.Services.HKDBookServiceTests.ValidateHKDGroupAsync_ShouldReturnFalse_WhenTenantDoesNotMatchRequiredGroup()
[xUnit.net 00:00:02.21]         --- End of stack trace from previous location ---
  Passed VanAn.Core.Tests.Accounting.AccountingEntryServiceTests.CreateRevenueEntryAsync_ShouldLogError_WhenRepositoryThrowsException [4 ms]
  Passed VanAn.Core.Tests.Accounting.JournalEntryLineTests.JournalEntryLine_Should_Maintain_Immutability [< 1 ms]
  Passed VanAn.Core.Tests.Accounting.JournalEntryLineTests.JournalEntryLine_Should_Handle_Large_Amounts [< 1 ms]
  Failed VanAn.Core.Tests.Services.HKDBookServiceTests.ValidateHKDGroupAsync_ShouldReturnFalse_WhenTenantDoesNotMatchRequiredGroup [56 ms]
  Error Message:
   Expected result to be false, but found True.
  Stack Trace:
     at FluentAssertions.Execution.XUnit2TestFramework.Throw(String message)
   at FluentAssertions.Execution.TestFrameworkProvider.Throw(String message)
   at FluentAssertions.Execution.DefaultAssertionStrategy.HandleFailure(String message)
   at FluentAssertions.Execution.AssertionScope.FailWith(Func`1 failReasonFunc)
   at FluentAssertions.Execution.AssertionScope.FailWith(Func`1 failReasonFunc)
   at FluentAssertions.Execution.AssertionScope.FailWith(String message, Object[] args)
   at FluentAssertions.Primitives.BooleanAssertions`1.BeFalse(String because, Object[] becauseArgs)
   at VanAn.Core.Tests.Services.HKDBookServiceTests.ValidateHKDGroupAsync_ShouldReturnFalse_WhenTenantDoesNotMatchRequiredGroup() in c:\VibeCoding\Gemini_Windsurf\6_Tests\VanAn.Core.Tests\Services\HKDBookServiceTests.cs:line 124
--- End of stack trace from previous location ---
  Passed VanAn.Core.Tests.Accounting.AccountingEntryServiceTests.GetEntryByIdAsync_ShouldReturnNull_WhenEntryDoesNotExist [6 ms]
  Passed VanAn.Core.Tests.Accounting.AccountingEntryServiceTests.GetEntriesByTenantAndPeriodAsync_ShouldReturnFilteredEntries [7 ms]
  Passed VanAn.Core.Tests.Accounting.AccountingEntryServiceTests.GetEntryByIdAsync_ShouldReturnEntry_WhenEntryBelongsToDifferentTenant [3 ms]
[xUnit.net 00:00:02.23]     VanAn.Core.Tests.Services.HKDBookServi
ceTests.GenerateS2aBookAsync_ShouldGenerateBook_WhenTenantIsHKDGro
up2 [FAIL]
[xUnit.net 00:00:02.23]       Expected result.Entries to contain 2 item(s), but found 0: {empty}.
[xUnit.net 00:00:02.23]       Stack Trace:
[xUnit.net 00:00:02.23]            at FluentAssertions.Execution.XUnit2TestFramework.Throw(String message)
[xUnit.net 00:00:02.23]            at FluentAssertions.Execution.TestFrameworkProvider.Throw(String message)
[xUnit.net 00:00:02.23]            at FluentAssertions.Execution.DefaultAssertionStrategy.HandleFailure(String message)
[xUnit.net 00:00:02.23]            at FluentAssertions.Execution.AssertionScope.FailWith(Func`1 failReasonFunc)
[xUnit.net 00:00:02.23]            at FluentAssertions.Execution.AssertionScope.FailWith(Func`1 failReasonFunc)
[xUnit.net 00:00:02.23]            at FluentAssertions.Execution.AssertionScope.FailWith(String message, Object[] args)
[xUnit.net 00:00:02.23]            at FluentAssertions.Collections.GenericCollectionAssertions`3.HaveCount(Int32 expected, String because, Object[] becauseArgs)
[xUnit.net 00:00:02.23]         c:\VibeCoding\Gemini_Windsurf\6_Tests\VanAn.Core.Tests\Services\HKDBookServiceTests.cs(96,0): at VanAn.Core.Tests.Services.HKDBookServiceTests.GenerateS2aBookAsync_ShouldGenerateBook_WhenTenantIsHKDGroup2()
[xUnit.net 00:00:02.23]         --- End of stack trace from previous location ---
[xUnit.net 00:00:02.24]     VanAn.Core.Tests.Services.HKDBookServi
ceTests.GenerateS1aBookAsync_ShouldGenerateBook_WhenTenantIsHKDGro
up1 [FAIL]
[xUnit.net 00:00:02.24]       Expected result.Entries to contain 2 item(s), but found 0: {empty}.
[xUnit.net 00:00:02.24]       Stack Trace:
[xUnit.net 00:00:02.25]            at FluentAssertions.Execution.XUnit2TestFramework.Throw(String message)
[xUnit.net 00:00:02.25]            at FluentAssertions.Execution.TestFrameworkProvider.Throw(String message)
[xUnit.net 00:00:02.25]            at FluentAssertions.Execution.DefaultAssertionStrategy.HandleFailure(String message)
[xUnit.net 00:00:02.25]            at FluentAssertions.Execution.AssertionScope.FailWith(Func`1 failReasonFunc)
[xUnit.net 00:00:02.25]            at FluentAssertions.Execution.AssertionScope.FailWith(Func`1 failReasonFunc)
[xUnit.net 00:00:02.25]            at FluentAssertions.Execution.AssertionScope.FailWith(String message, Object[] args)
[xUnit.net 00:00:02.25]            at FluentAssertions.Collections.GenericCollectionAssertions`3.HaveCount(Int32 expected, String because, Object[] becauseArgs)
[xUnit.net 00:00:02.25]         c:\VibeCoding\Gemini_Windsurf\6_Tests\VanAn.Core.Tests\Services\HKDBookServiceTests.cs(69,0): at VanAn.Core.Tests.Services.HKDBookServiceTests.GenerateS1aBookAsync_ShouldGenerateBook_WhenTenantIsHKDGroup1()
[xUnit.net 00:00:02.25]         --- End of stack trace from previous location ---
  Failed VanAn.Core.Tests.Services.HKDBookServiceTests.GenerateS2aBookAsync_ShouldGenerateBook_WhenTenantIsHKDGroup2 [17 ms]
  Error Message:
   Expected result.Entries to contain 2 item(s), but found 0: {empty}.
  Stack Trace:
     at FluentAssertions.Execution.XUnit2TestFramework.Throw(String message)
   at FluentAssertions.Execution.TestFrameworkProvider.Throw(String message)
   at FluentAssertions.Execution.DefaultAssertionStrategy.HandleFailure(String message)
   at FluentAssertions.Execution.AssertionScope.FailWith(Func`1 failReasonFunc)
   at FluentAssertions.Execution.AssertionScope.FailWith(Func`1 failReasonFunc)
   at FluentAssertions.Execution.AssertionScope.FailWith(String message, Object[] args)
   at FluentAssertions.Collections.GenericCollectionAssertions`3.HaveCount(Int32 expected, String because, Object[] becauseArgs)
   at VanAn.Core.Tests.Services.HKDBookServiceTests.GenerateS2aBookAsync_ShouldGenerateBook_WhenTenantIsHKDGroup2() in c:\VibeCoding\Gemini_Windsurf\6_Tests\VanAn.Core.Tests\Services\HKDBookServiceTests.cs:line 96
--- End of stack trace from previous location ---
  Failed VanAn.Core.Tests.Services.HKDBookServiceTests.GenerateS1aBookAsync_ShouldGenerateBook_WhenTenantIsHKDGroup1 [15 ms]
  Error Message:
   Expected result.Entries to contain 2 item(s), but found 0: {empty}.
  Stack Trace:
     at FluentAssertions.Execution.XUnit2TestFramework.Throw(String message)
   at FluentAssertions.Execution.TestFrameworkProvider.Throw(String message)
   at FluentAssertions.Execution.DefaultAssertionStrategy.HandleFailure(String message)
   at FluentAssertions.Execution.AssertionScope.FailWith(Func`1 failReasonFunc)
   at FluentAssertions.Execution.AssertionScope.FailWith(Func`1 failReasonFunc)
   at FluentAssertions.Execution.AssertionScope.FailWith(String message, Object[] args)
   at FluentAssertions.Collections.GenericCollectionAssertions`3.HaveCount(Int32 expected, String because, Object[] becauseArgs)
   at VanAn.Core.Tests.Services.HKDBookServiceTests.GenerateS1aBookAsync_ShouldGenerateBook_WhenTenantIsHKDGroup1() in c:\VibeCoding\Gemini_Windsurf\6_Tests\VanAn.Core.Tests\Services\HKDBookServiceTests.cs:line 69
--- End of stack trace from previous location ---
  Passed VanAn.Core.Tests.Services.HKDBookServiceTests.ValidateHKDGroupAsync_ShouldReturnTrue_WhenTenantMatchesRequiredGroup [2 ms]
  Passed VanAn.Core.Tests.Services.HKDBookServiceTests.GetAvailableBookTypesAsync_ShouldReturnHKDBooks_WhenTenantIsHouseholdBusiness [3 ms]
  Passed int.TryParse - Valid Positive Integer [< 1 ms]
  Passed int.TryParse - Empty Input [< 1 ms]
  Passed int.TryParse - Overflow Large Number [< 1 ms]
  Passed Guid.TryParse - Null Input [< 1 ms]
  Passed DateTime.TryParse - Valid Date [< 1 ms]
  Passed Guid.TryParse - Invalid Input [< 1 ms]
  Passed DateTime.TryParse - Null Input [< 1 ms]
  Passed Enum.TryParse<UserRole> - Valid Role [20 ms]
  Passed int.TryParse - Null Input [< 1 ms]
  Passed Guid.TryParse - Valid Input [28 ms]
  Passed Guid.TryParse - Empty Input [< 1 ms]
  Passed DateTime.TryParse - Invalid Input [< 1 ms]
  Passed DateTime.TryParse - Empty Input [< 1 ms]
  Passed int.TryParse - Valid Negative Integer [< 1 ms]
[xUnit.net 00:00:02.42]     VanAn.Tests.ProductionDataTests.Should
_Handle_Production_Memory_Constraints [FAIL]
[xUnit.net 00:00:02.42]       Assert.True() Failure
[xUnit.net 00:00:02.42]       Expected: True
[xUnit.net 00:00:02.42]       Actual:   False
[xUnit.net 00:00:02.42]       Stack Trace:
[xUnit.net 00:00:02.42]         c:\VibeCoding\Gemini_Windsurf\6_Tests\VanAn.Core.Tests\ProductionDataTests.cs(256,0): at VanAn.Tests.ProductionDataTests.Should_Handle_Production_Memory_Constraints()
[xUnit.net 00:00:02.42]         --- End of stack trace from previous location ---
[xUnit.net 00:00:02.53]     VanAn.Tests.ProductionDataTests.Should
_Handle_Large_Production_Dataset [FAIL]
[xUnit.net 00:00:02.53]       Assert.True() Failure
[xUnit.net 00:00:02.53]       Expected: True
[xUnit.net 00:00:02.53]       Actual:   False
[xUnit.net 00:00:02.53]       Stack Trace:
[xUnit.net 00:00:02.53]         c:\VibeCoding\Gemini_Windsurf\6_Tests\VanAn.Core.Tests\ProductionDataTests.cs(59,0): at VanAn.Tests.ProductionDataTests.Should_Handle_Large_Production_Dataset()
[xUnit.net 00:00:02.53]         --- End of stack trace from previous location ---
  Passed Enum.TryParse<UserRole> - Case Insensitive [< 1 ms]
  Passed Enum.TryParse<UserRole> - Invalid Role [< 1 ms]
  Passed int.TryParse - Invalid Input [< 1 ms]
  Failed VanAn.Tests.ProductionDataTests.Should_Handle_Production_Memory_Constraints [210 ms]
  Error Message:
   Assert.True() Failure
Expected: True
Actual:   False
  Stack Trace:
     at VanAn.Tests.ProductionDataTests.Should_Handle_Production_Memory_Constraints() in c:\VibeCoding\Gemini_Windsurf\6_Tests\VanAn.Core.Tests\ProductionDataTests.cs:line 256
--- End of stack trace from previous location ---
  Passed VanAn.Core.Tests.Accounting.AccountingEntriesControllerTests.CreateExpenseEntry_ShouldReturnCreated_WhenValidRequest [158 ms]
  Passed VanAn.Core.Tests.Accounting.AccountingEntriesControllerTests.GetRevenueSummary_ShouldReturnSummary_WhenValidRequest [14 ms]
  Failed VanAn.Tests.ProductionDataTests.Should_Handle_Large_Production_Dataset [113 ms]
  Error Message:
   Assert.True() Failure
Expected: True
Actual:   False
  Stack Trace:
     at VanAn.Tests.ProductionDataTests.Should_Handle_Large_Production_Dataset() in c:\VibeCoding\Gemini_Windsurf\6_Tests\VanAn.Core.Tests\ProductionDataTests.cs:line 59
--- End of stack trace from previous location ---
  Passed VanAn.Core.Tests.Accounting.AccountingEntriesControllerTests.CreateReversalEntry_ShouldReturnBadRequest_WhenEntryCannotBeReversed [55 ms]
[xUnit.net 00:00:02.56]     VanAn.Core.Tests.Accounting.Accounting
EntriesControllerTests.GetEntryById_ShouldReturnNotFound_WhenEntry
DoesNotExist [FAIL]
[xUnit.net 00:00:02.56]       Moq.MockException : 
[xUnit.net 00:00:02.56]       Expected invocation on the mock once, but was 0 times: s => s.GetEntryByIdAsync(It.IsAny<Guid>())
[xUnit.net 00:00:02.56]       
[xUnit.net 00:00:02.56]       Performed invocations:
[xUnit.net 00:00:02.56]       
[xUnit.net 00:00:02.56]          Mock<IAccountingService:10> (s):
[xUnit.net 00:00:02.56]       
[xUnit.net 00:00:02.56]             IAccountingService.GetEntriesByDateRangeAsync(8b7ca79e-e662-46e1-bac5-d81ea09612e5, 1/1/0001 12:00:00 AM, 12/31/9999 11:59:59 PM)
[xUnit.net 00:00:02.56]       
[xUnit.net 00:00:02.56]       Stack Trace:
[xUnit.net 00:00:02.56]         /_/src/Moq/Mock.cs(331,0): at Moq.Mock.Verify(Mock mock, LambdaExpression expression, Times times, String failMessage)
[xUnit.net 00:00:02.56]         /_/src/Moq/Mock`1.cs(1033,0): at Moq.Mock`1.Verify[TResult](Expression`1 expression, Func`1 times)
[xUnit.net 00:00:02.56]         c:\VibeCoding\Gemini_Windsurf\6_Tests\VanAn.Core.Tests\Accounting\AccountingEntriesControllerTests.cs(263,0): at VanAn.Core.Tests.Accounting.AccountingEntriesControllerTests.GetEntryById_ShouldReturnNotFound_WhenEntryDoesNotExist()
[xUnit.net 00:00:02.56]         --- End of stack trace from previous location ---
[xUnit.net 00:00:02.58]     VanAn.Tests.ProductionDataTests.Should
_Handle_Production_Data_Consistency [FAIL]
[xUnit.net 00:00:02.58]       Assert.True() Failure
[xUnit.net 00:00:02.58]       Expected: True
[xUnit.net 00:00:02.58]       Actual:   False
[xUnit.net 00:00:02.58]       Stack Trace:
[xUnit.net 00:00:02.58]         c:\VibeCoding\Gemini_Windsurf\6_Tests\VanAn.Core.Tests\ProductionDataTests.cs(345,0): at VanAn.Tests.ProductionDataTests.Should_Handle_Production_Data_Consistency()
[xUnit.net 00:00:02.58]         --- End of stack trace from previous location ---
[xUnit.net 00:00:02.59]     VanAn.Tests.ProductionDataTests.Should
_Handle_Production_Network_Conditions [FAIL]
[xUnit.net 00:00:02.59]       System.ArgumentException : Invalid callback. Setup on method with 2 parameter(s) cannot invoke callback with different number of parameters (1).
[xUnit.net 00:00:02.59]       Stack Trace:
[xUnit.net 00:00:02.59]         /_/src/Moq/MethodCall.cs(538,0): at Moq.MethodCall.ValidateNumberOfCallbackParameters(Delegate callback, MethodInfo callbackMethod)
[xUnit.net 00:00:02.59]         /_/src/Moq/MethodCall.cs(410,0): at Moq.MethodCall.<>c__DisplayClass23_0.<SetReturnComputedValueBehavior>g__ValidateCallback|4(Delegate callback)
[xUnit.net 00:00:02.59]         /_/src/Moq/MethodCall.cs(380,0): at Moq.MethodCall.SetReturnComputedValueBehavior(Delegate valueFactory)
[xUnit.net 00:00:02.59]         /_/src/Moq/Language/Flow/NonVoidSetupPhrase.cs(301,0): at Moq.Language.Flow.NonVoidSetupPhrase`2.Returns[T1](Func`2 valueExpression)
[xUnit.net 00:00:02.59]            at Moq.GeneratedReturnsExtensions.ReturnsAsync[T,TMock,TResult](IReturns`2 mock, Func`2 valueFunction)
[xUnit.net 00:00:02.59]         c:\VibeCoding\Gemini_Windsurf\6_Tests\VanAn.Core.Tests\ProductionDataTests.cs(201,0): at VanAn.Tests.ProductionDataTests.Should_Handle_Production_Network_Conditions()
[xUnit.net 00:00:02.59]         --- End of stack trace from previous location ---
[xUnit.net 00:00:02.60]     VanAn.Tests.ProductionDataTests.Should
_Handle_Production_Order_Variety [FAIL]
[xUnit.net 00:00:02.60]       Assert.True() Failure
[xUnit.net 00:00:02.60]       Expected: True
[xUnit.net 00:00:02.60]       Actual:   False
[xUnit.net 00:00:02.60]       Stack Trace:
[xUnit.net 00:00:02.60]         c:\VibeCoding\Gemini_Windsurf\6_Tests\VanAn.Core.Tests\ProductionDataTests.cs(84,0): at VanAn.Tests.ProductionDataTests.Should_Handle_Production_Order_Variety()
[xUnit.net 00:00:02.60]         --- End of stack trace from previous location ---
  Passed VanAn.Core.Tests.Accounting.AccountingEntriesControllerTests.GetEntryById_ShouldReturnUnauthorized_WhenTenantIdMissing [4 ms]
  Failed VanAn.Core.Tests.Accounting.AccountingEntriesControllerTests.GetEntryById_ShouldReturnNotFound_WhenEntryDoesNotExist [16 ms]
  Error Message:
   Moq.MockException : 
Expected invocation on the mock once, but was 0 times: s => s.GetEntryByIdAsync(It.IsAny<Guid>())

Performed invocations:

   Mock<IAccountingService:10> (s):

      IAccountingService.GetEntriesByDateRangeAsync(8b7ca79e-e662-46e1-bac5-d81ea09612e5, 1/1/0001 12:00:00 AM, 12/31/9999 11:59:59 PM)

  Stack Trace:
     at Moq.Mock.Verify(Mock mock, LambdaExpression expression, Times times, String failMessage) in /_/src/Moq/Mock.cs:line 331
   at Moq.Mock`1.Verify[TResult](Expression`1 expression, Func`1 times) in /_/src/Moq/Mock`1.cs:line 1033
   at VanAn.Core.Tests.Accounting.AccountingEntriesControllerTests.GetEntryById_ShouldReturnNotFound_WhenEntryDoesNotExist() in c:\VibeCoding\Gemini_Windsurf\6_Tests\VanAn.Core.Tests\Accounting\AccountingEntriesControllerTests.cs:line 263
--- End of stack trace from previous location ---
  Passed VanAn.Core.Tests.Accounting.AccountingEntriesControllerTests.CreateReversalEntry_ShouldReturnCreated_WhenValidRequest [10 ms]
  Passed VanAn.Tests.ProductionDataTests.Should_Handle_Production_Data_Corruption [3 ms]
  Failed VanAn.Tests.ProductionDataTests.Should_Handle_Production_Data_Consistency [10 ms]
  Error Message:
   Assert.True() Failure
Expected: True
Actual:   False
  Stack Trace:
     at VanAn.Tests.ProductionDataTests.Should_Handle_Production_Data_Consistency() in c:\VibeCoding\Gemini_Windsurf\6_Tests\VanAn.Core.Tests\ProductionDataTests.cs:line 345
--- End of stack trace from previous location ---
  Failed VanAn.Tests.ProductionDataTests.Should_Handle_Production_Network_Conditions [9 ms]
  Error Message:
   System.ArgumentException : Invalid callback. Setup on method with 2 parameter(s) cannot invoke callback with different number of parameters (1).
  Stack Trace:
     at Moq.MethodCall.ValidateNumberOfCallbackParameters(Delegate callback, MethodInfo callbackMethod) in /_/src/Moq/MethodCall.cs:line 538
   at Moq.MethodCall.<>c__DisplayClass23_0.<SetReturnComputedValueBehavior>g__ValidateCallback|4(Delegate callback) in /_/src/Moq/MethodCall.cs:line 410
   at Moq.MethodCall.SetReturnComputedValueBehavior(Delegate valueFactory) in /_/src/Moq/MethodCall.cs:line 380
   at Moq.Language.Flow.NonVoidSetupPhrase`2.Returns[T1](Func`2 valueExpression) in /_/src/Moq/Language/Flow/NonVoidSetupPhrase.cs:line 301
   at Moq.GeneratedReturnsExtensions.ReturnsAsync[T,TMock,TResult](IReturns`2 mock, Func`2 valueFunction)
   at VanAn.Tests.ProductionDataTests.Should_Handle_Production_Network_Conditions() in c:\VibeCoding\Gemini_Windsurf\6_Tests\VanAn.Core.Tests\ProductionDataTests.cs:line 201
--- End of stack trace from previous location ---
  Passed VanAn.Core.Tests.Accounting.AccountingEntriesControllerTests.CreateRevenueEntry_ShouldReturnBadRequest_WhenInvalidModel [28 ms]
  Failed VanAn.Tests.ProductionDataTests.Should_Handle_Production_Order_Variety [5 ms]
  Error Message:
   Assert.True() Failure
Expected: True
Actual:   False
  Stack Trace:
     at VanAn.Tests.ProductionDataTests.Should_Handle_Production_Order_Variety() in c:\VibeCoding\Gemini_Windsurf\6_Tests\VanAn.Core.Tests\ProductionDataTests.cs:line 84
--- End of stack trace from previous location ---
[xUnit.net 00:00:02.60]     VanAn.Core.Tests.Accounting.Accounting
EntriesControllerTests.GetEntryById_ShouldReturnOk_WhenEntryExists
 [FAIL]
[xUnit.net 00:00:02.60]       Assert.IsType() Failure: Value is not the exact type
[xUnit.net 00:00:02.60]       Expected: typeof(Microsoft.AspNetCore.Mvc.OkObjectResult)
[xUnit.net 00:00:02.60]       Actual:   typeof(Microsoft.AspNetCore.Mvc.NotFoundResult)
[xUnit.net 00:00:02.60]       Stack Trace:
[xUnit.net 00:00:02.60]         c:\VibeCoding\Gemini_Windsurf\6_Tests\VanAn.Core.Tests\Accounting\AccountingEntriesControllerTests.cs(215,0): at VanAn.Core.Tests.Accounting.AccountingEntriesControllerTests.GetEntryById_ShouldReturnOk_WhenEntryExists()
[xUnit.net 00:00:02.60]         --- End of stack trace from previous location ---
[xUnit.net 00:00:02.60]     VanAn.Tests.ProductionDataTests.Should
_Handle_Production_Edge_Cases [FAIL]
[xUnit.net 00:00:02.60]       Assert.True() Failure
[xUnit.net 00:00:02.60]       Expected: True
[xUnit.net 00:00:02.60]       Actual:   False
[xUnit.net 00:00:02.60]       Stack Trace:
[xUnit.net 00:00:02.60]         c:\VibeCoding\Gemini_Windsurf\6_Tests\VanAn.Core.Tests\ProductionDataTests.cs(377,0): at VanAn.Tests.ProductionDataTests.Should_Handle_Production_Edge_Cases()
[xUnit.net 00:00:02.60]         --- End of stack trace from previous location ---
[xUnit.net 00:00:02.66]     
VanAn.Tests.TimeBasedBugTests.Should_Maintain_Chronological_Order 
[FAIL]
[xUnit.net 00:00:02.66]       System.ArgumentException : Invalid callback. Setup on method with 2 parameter(s) cannot invoke callback with different number of parameters (1).
[xUnit.net 00:00:02.66]       Stack Trace:
[xUnit.net 00:00:02.66]         /_/src/Moq/MethodCall.cs(538,0): at Moq.MethodCall.ValidateNumberOfCallbackParameters(Delegate callback, MethodInfo callbackMethod)
[xUnit.net 00:00:02.66]         /_/src/Moq/MethodCall.cs(410,0): at Moq.MethodCall.<>c__DisplayClass23_0.<SetReturnComputedValueBehavior>g__ValidateCallback|4(Delegate callback)
[xUnit.net 00:00:02.66]         /_/src/Moq/MethodCall.cs(380,0): at Moq.MethodCall.SetReturnComputedValueBehavior(Delegate valueFactory)
[xUnit.net 00:00:02.66]         /_/src/Moq/Language/Flow/NonVoidSetupPhrase.cs(301,0): at Moq.Language.Flow.NonVoidSetupPhrase`2.Returns[T1](Func`2 valueExpression)
[xUnit.net 00:00:02.66]            at Moq.GeneratedReturnsExtensions.ReturnsAsync[T,TMock,TResult](IReturns`2 mock, Func`2 valueFunction)
[xUnit.net 00:00:02.66]         c:\VibeCoding\Gemini_Windsurf\6_Tests\VanAn.Core.Tests\TimeBasedBugTests.cs(360,0): at VanAn.Tests.TimeBasedBugTests.Should_Maintain_Chronological_Order()
[xUnit.net 00:00:02.66]         --- End of stack trace from previous location ---
[xUnit.net 00:00:02.67]     VanAn.Tests.ProductionDataTests.Should
_Handle_Production_Data_Volume_Spikes [FAIL]
[xUnit.net 00:00:02.68]       Assert.True() Failure
[xUnit.net 00:00:02.68]       Expected: True
[xUnit.net 00:00:02.68]       Actual:   False
[xUnit.net 00:00:02.68]       Stack Trace:
[xUnit.net 00:00:02.68]         c:\VibeCoding\Gemini_Windsurf\6_Tests\VanAn.Core.Tests\ProductionDataTests.cs(288,0): at VanAn.Tests.ProductionDataTests.Should_Handle_Production_Data_Volume_Spikes()
[xUnit.net 00:00:02.68]         --- End of stack trace from previous location ---
  Failed VanAn.Core.Tests.Accounting.AccountingEntriesControllerTests.GetEntryById_ShouldReturnOk_WhenEntryExists [3 ms]
  Error Message:
   Assert.IsType() Failure: Value is not the exact type
Expected: typeof(Microsoft.AspNetCore.Mvc.OkObjectResult)
Actual:   typeof(Microsoft.AspNetCore.Mvc.NotFoundResult)
  Stack Trace:
     at VanAn.Core.Tests.Accounting.AccountingEntriesControllerTests.GetEntryById_ShouldReturnOk_WhenEntryExists() in c:\VibeCoding\Gemini_Windsurf\6_Tests\VanAn.Core.Tests\Accounting\AccountingEntriesControllerTests.cs:line 215
--- End of stack trace from previous location ---
  Failed VanAn.Tests.ProductionDataTests.Should_Handle_Production_Edge_Cases [3 ms]
  Error Message:
   Assert.True() Failure
Expected: True
Actual:   False
  Stack Trace:
     at VanAn.Tests.ProductionDataTests.Should_Handle_Production_Edge_Cases() in c:\VibeCoding\Gemini_Windsurf\6_Tests\VanAn.Core.Tests\ProductionDataTests.cs:line 377
--- End of stack trace from previous location ---
  Passed VanAn.Core.Tests.Accounting.AccountingEntriesControllerTests.GetProfitSummary_ShouldReturnSummary_WhenValidRequest [12 ms]
  Passed VanAn.Core.Tests.Accounting.AccountingEntriesControllerTests.CreateRevenueEntry_ShouldReturnCreated_WhenValidRequest [4 ms]
  Passed VanAn.Tests.TimeBasedBugTests.Should_Handle_Leap_Year_Correctly [27 ms]
  Failed VanAn.Tests.TimeBasedBugTests.Should_Maintain_Chronological_Order [3 ms]
  Error Message:
   System.ArgumentException : Invalid callback. Setup on method with 2 parameter(s) cannot invoke callback with different number of parameters (1).
  Stack Trace:
     at Moq.MethodCall.ValidateNumberOfCallbackParameters(Delegate callback, MethodInfo callbackMethod) in /_/src/Moq/MethodCall.cs:line 538
   at Moq.MethodCall.<>c__DisplayClass23_0.<SetReturnComputedValueBehavior>g__ValidateCallback|4(Delegate callback) in /_/src/Moq/MethodCall.cs:line 410
   at Moq.MethodCall.SetReturnComputedValueBehavior(Delegate valueFactory) in /_/src/Moq/MethodCall.cs:line 380
   at Moq.Language.Flow.NonVoidSetupPhrase`2.Returns[T1](Func`2 valueExpression) in /_/src/Moq/Language/Flow/NonVoidSetupPhrase.cs:line 301
   at Moq.GeneratedReturnsExtensions.ReturnsAsync[T,TMock,TResult](IReturns`2 mock, Func`2 valueFunction)
   at VanAn.Tests.TimeBasedBugTests.Should_Maintain_Chronological_Order() in c:\VibeCoding\Gemini_Windsurf\6_Tests\VanAn.Core.Tests\TimeBasedBugTests.cs:line 360
--- End of stack trace from previous location ---
  Passed VanAn.Tests.TimeBasedBugTests.Should_Handle_Order_Expiration_Time [11 ms]
  Failed VanAn.Tests.ProductionDataTests.Should_Handle_Production_Data_Volume_Spikes [58 ms]
  Error Message:
   Assert.True() Failure
Expected: True
Actual:   False
  Stack Trace:
     at VanAn.Tests.ProductionDataTests.Should_Handle_Production_Data_Volume_Spikes() in c:\VibeCoding\Gemini_Windsurf\6_Tests\VanAn.Core.Tests\ProductionDataTests.cs:line 288
--- End of stack trace from previous location ---
[xUnit.net 00:00:02.68]     VanAn.Tests.ProductionDataTests.Should
_Handle_Production_Long_Running_Operations [FAIL]
[xUnit.net 00:00:02.68]       System.ArgumentException : Invalid callback. Setup on method with 2 parameter(s) cannot invoke callback with different number of parameters (1).
[xUnit.net 00:00:02.68]       Stack Trace:
[xUnit.net 00:00:02.68]         /_/src/Moq/MethodCall.cs(538,0): at Moq.MethodCall.ValidateNumberOfCallbackParameters(Delegate callback, MethodInfo callbackMethod)
[xUnit.net 00:00:02.68]         /_/src/Moq/MethodCall.cs(410,0): at Moq.MethodCall.<>c__DisplayClass23_0.<SetReturnComputedValueBehavior>g__ValidateCallback|4(Delegate callback)
[xUnit.net 00:00:02.68]         /_/src/Moq/MethodCall.cs(380,0): at Moq.MethodCall.SetReturnComputedValueBehavior(Delegate valueFactory)
[xUnit.net 00:00:02.68]         /_/src/Moq/Language/Flow/NonVoidSetupPhrase.cs(301,0): at Moq.Language.Flow.NonVoidSetupPhrase`2.Returns[T1](Func`2 valueExpression)
[xUnit.net 00:00:02.68]            at Moq.GeneratedReturnsExtensions.ReturnsAsync[T,TMock,TResult](IReturns`2 mock, Func`2 valueFunction)
[xUnit.net 00:00:02.68]         c:\VibeCoding\Gemini_Windsurf\6_Tests\VanAn.Core.Tests\ProductionDataTests.cs(306,0): at VanAn.Tests.ProductionDataTests.Should_Handle_Production_Long_Running_Operations()
[xUnit.net 00:00:02.68]         --- End of stack trace from previous location ---
[xUnit.net 00:00:02.68]     VanAn.Tests.ProductionDataTests.Should
_Handle_Production_Error_Rates [FAIL]
[xUnit.net 00:00:02.68]       System.ArgumentException : Invalid callback. Setup on method with 2 parameter(s) cannot invoke callback with different number of parameters (1).
[xUnit.net 00:00:02.68]       Stack Trace:
[xUnit.net 00:00:02.69]         /_/src/Moq/MethodCall.cs(538,0): at Moq.MethodCall.ValidateNumberOfCallbackParameters(Delegate callback, MethodInfo callbackMethod)
[xUnit.net 00:00:02.69]         /_/src/Moq/MethodCall.cs(410,0): at Moq.MethodCall.<>c__DisplayClass23_0.<SetReturnComputedValueBehavior>g__ValidateCallback|4(Delegate callback)
[xUnit.net 00:00:02.69]         /_/src/Moq/MethodCall.cs(380,0): at Moq.MethodCall.SetReturnComputedValueBehavior(Delegate valueFactory)
[xUnit.net 00:00:02.69]         /_/src/Moq/Language/Flow/NonVoidSetupPhrase.cs(301,0): at Moq.Language.Flow.NonVoidSetupPhrase`2.Returns[T1](Func`2 valueExpression)
[xUnit.net 00:00:02.69]            at Moq.GeneratedReturnsExtensions.ReturnsAsync[T,TMock,TResult](IReturns`2 mock, Func`2 valueFunction)
[xUnit.net 00:00:02.69]         c:\VibeCoding\Gemini_Windsurf\6_Tests\VanAn.Core.Tests\ProductionDataTests.cs(101,0): at VanAn.Tests.ProductionDataTests.Should_Handle_Production_Error_Rates()
[xUnit.net 00:00:02.69]         --- End of stack trace from previous location ---
[xUnit.net 00:00:02.69]     VanAn.Tests.TimeBasedBugTests.Should_P
revent_Duplicate_Orders_With_Same_Timestamp [FAIL]
[xUnit.net 00:00:02.69]       Moq.MockException : 
[xUnit.net 00:00:02.69]       Expected invocation on the mock once, but was 0 times: x => x.CreateOrderAsync(It.IsAny<Order>(), It.IsAny<Guid>())
[xUnit.net 00:00:02.69]       
[xUnit.net 00:00:02.69]       Performed invocations:
[xUnit.net 00:00:02.69]       
[xUnit.net 00:00:02.69]          Mock<IOrderService:14> (x):
[xUnit.net 00:00:02.69]          No invocations performed.
[xUnit.net 00:00:02.69]       
[xUnit.net 00:00:02.69]       Stack Trace:
[xUnit.net 00:00:02.69]         /_/src/Moq/Mock.cs(331,0): at Moq.Mock.Verify(Mock mock, LambdaExpression expression, Times times, String failMessage)
[xUnit.net 00:00:02.69]         /_/src/Moq/Mock`1.cs(1033,0): at Moq.Mock`1.Verify[TResult](Expression`1 expression, Func`1 times)
[xUnit.net 00:00:02.69]         c:\VibeCoding\Gemini_Windsurf\6_Tests\VanAn.Core.Tests\TimeBasedBugTests.cs(97,0): at VanAn.Tests.TimeBasedBugTests.Should_Prevent_Duplicate_Orders_With_Same_Timestamp()
[xUnit.net 00:00:02.69]         --- End of stack trace from previous location ---
  Passed VanAn.Tests.TimeBasedBugTests.Should_Handle_Time_Zone_Ambiguity [4 ms]
  Failed VanAn.Tests.ProductionDataTests.Should_Handle_Production_Long_Running_Operations [7 ms]
  Error Message:
   System.ArgumentException : Invalid callback. Setup on method with 2 parameter(s) cannot invoke callback with different number of parameters (1).
  Stack Trace:
     at Moq.MethodCall.ValidateNumberOfCallbackParameters(Delegate callback, MethodInfo callbackMethod) in /_/src/Moq/MethodCall.cs:line 538
   at Moq.MethodCall.<>c__DisplayClass23_0.<SetReturnComputedValueBehavior>g__ValidateCallback|4(Delegate callback) in /_/src/Moq/MethodCall.cs:line 410
   at Moq.MethodCall.SetReturnComputedValueBehavior(Delegate valueFactory) in /_/src/Moq/MethodCall.cs:line 380
   at Moq.Language.Flow.NonVoidSetupPhrase`2.Returns[T1](Func`2 valueExpression) in /_/src/Moq/Language/Flow/NonVoidSetupPhrase.cs:line 301
   at Moq.GeneratedReturnsExtensions.ReturnsAsync[T,TMock,TResult](IReturns`2 mock, Func`2 valueFunction)
   at VanAn.Tests.ProductionDataTests.Should_Handle_Production_Long_Running_Operations() in c:\VibeCoding\Gemini_Windsurf\6_Tests\VanAn.Core.Tests\ProductionDataTests.cs:line 306
--- End of stack trace from previous location ---
  Failed VanAn.Tests.ProductionDataTests.Should_Handle_Production_Error_Rates [4 ms]
  Error Message:
   System.ArgumentException : Invalid callback. Setup on method with 2 parameter(s) cannot invoke callback with different number of parameters (1).
  Stack Trace:
     at Moq.MethodCall.ValidateNumberOfCallbackParameters(Delegate callback, MethodInfo callbackMethod) in /_/src/Moq/MethodCall.cs:line 538
   at Moq.MethodCall.<>c__DisplayClass23_0.<SetReturnComputedValueBehavior>g__ValidateCallback|4(Delegate callback) in /_/src/Moq/MethodCall.cs:line 410
   at Moq.MethodCall.SetReturnComputedValueBehavior(Delegate valueFactory) in /_/src/Moq/MethodCall.cs:line 380
   at Moq.Language.Flow.NonVoidSetupPhrase`2.Returns[T1](Func`2 valueExpression) in /_/src/Moq/Language/Flow/NonVoidSetupPhrase.cs:line 301
   at Moq.GeneratedReturnsExtensions.ReturnsAsync[T,TMock,TResult](IReturns`2 mock, Func`2 valueFunction)
   at VanAn.Tests.ProductionDataTests.Should_Handle_Production_Error_Rates() in c:\VibeCoding\Gemini_Windsurf\6_Tests\VanAn.Core.Tests\ProductionDataTests.cs:line 101
--- End of stack trace from previous location ---
  Failed VanAn.Tests.TimeBasedBugTests.Should_Prevent_Duplicate_Orders_With_Same_Timestamp [19 ms]
  Error Message:
   Moq.MockException : 
Expected invocation on the mock once, but was 0 times: x => x.CreateOrderAsync(It.IsAny<Order>(), It.IsAny<Guid>())

Performed invocations:

   Mock<IOrderService:14> (x):
   No invocations performed.

  Stack Trace:
     at Moq.Mock.Verify(Mock mock, LambdaExpression expression, Times times, String failMessage) in /_/src/Moq/Mock.cs:line 331
   at Moq.Mock`1.Verify[TResult](Expression`1 expression, Func`1 times) in /_/src/Moq/Mock`1.cs:line 1033
   at VanAn.Tests.TimeBasedBugTests.Should_Prevent_Duplicate_Orders_With_Same_Timestamp() in c:\VibeCoding\Gemini_Windsurf\6_Tests\VanAn.Core.Tests\TimeBasedBugTests.cs:line 97
--- End of stack trace from previous location ---
  Passed VanAn.Core.Tests.Services.SimpleOutboxProcessorTests.ProcessOutboxMessagesAsync_ShouldSkipProcessing_WhenNoMessages [2 s]
  Passed VanAn.Core.Tests.Accounting.TemplateValidationRuleTests.TemplateValidationRule_Should_Handle_Different_Rules(rule: "VatRate in [0, 5, 10]") [< 1 ms]
  Passed VanAn.Core.Tests.Accounting.TemplateValidationRuleTests.TemplateValidationRule_Should_Handle_Different_Rules(rule: "Amount > 0") [< 1 ms]
  Passed VanAn.Core.Tests.Accounting.TemplateValidationRuleTests.TemplateValidationRule_Should_Handle_Different_Rules(rule: "Amount >= 1000") [< 1 ms]
  Passed VanAn.Core.Tests.Accounting.TemplateValidationRuleTests.TemplateValidationRule_Should_Handle_Different_Rules(rule: "CustomerName != null") [< 1 ms]
  Passed VanAn.Core.Tests.Accounting.TemplateValidationRuleTests.TemplateValidationRule_Should_Handle_Null_Message [< 1 ms]
  Passed VanAn.Core.Tests.Accounting.TemplateValidationRuleTests.TemplateValidationRule_Should_Create_With_Valid_Data [< 1 ms]
  Passed VanAn.Core.Tests.Infrastructure.Repositories.JournalTemplateRepositoryTests.GetByTenantAsync_ShouldReturnOnlyTenantTemplates [2 s]
[xUnit.net 00:00:05.47]     VanAn.Core.Tests.Services.SimpleOutbox
ProcessorTests.ProcessOutboxMessagesAsync_ShouldProcessMessages_Wh
enMessagesExist [FAIL]
[xUnit.net 00:00:05.47]       Assert.NotNull() Failure: Value of type 'Nullable<DateTime>' does not have a value
[xUnit.net 00:00:05.47]       Stack Trace:
[xUnit.net 00:00:05.47]         c:\VibeCoding\Gemini_Windsurf\6_Tests\VanAn.Core.Tests\Services\SimpleOutboxProcessorTests.cs(85,0): at VanAn.Core.Tests.Services.SimpleOutboxProcessorTests.ProcessOutboxMessagesAsync_ShouldProcessMessages_WhenMessagesExist()
[xUnit.net 00:00:05.47]         --- End of stack trace from previous location ---
[xUnit.net 00:00:05.52]     VanAn.Core.Tests.Infrastructure.Reposi
tories.JournalTemplateRepositoryTests.UpdateAsync_ShouldModifyTemp
late [FAIL]
[xUnit.net 00:00:05.52]       Microsoft.EntityFrameworkCore.DbUpdateConcurrencyException : Attempted to update or delete an entity that does not exist in the store.
[xUnit.net 00:00:05.52]       Stack Trace:
[xUnit.net 00:00:05.52]            at Microsoft.EntityFrameworkCore.InMemory.Storage.Internal.InMemoryTable`1.Update(IUpdateEntry entry, IDiagnosticsLogger`1 updateLogger)
[xUnit.net 00:00:05.52]            at Microsoft.EntityFrameworkCore.InMemory.Storage.Internal.InMemoryStore.ExecuteTransaction(IList`1 entries, IDiagnosticsLogger`1 updateLogger)
[xUnit.net 00:00:05.52]            at Microsoft.EntityFrameworkCore.InMemory.Storage.Internal.InMemoryDatabase.SaveChangesAsync(IList`1 entries, CancellationToken cancellationToken)
[xUnit.net 00:00:05.52]            at Microsoft.EntityFrameworkCore.ChangeTracking.Internal.StateManager.SaveChangesAsync(IList`1 entriesToSave, CancellationToken cancellationToken)
[xUnit.net 00:00:05.52]            at Microsoft.EntityFrameworkCore.ChangeTracking.Internal.StateManager.SaveChangesAsync(StateManager stateManager, Boolean acceptAllChangesOnSuccess, CancellationToken cancellationToken)
[xUnit.net 00:00:05.52]            at Microsoft.EntityFrameworkCore.DbContext.SaveChangesAsync(Boolean acceptAllChangesOnSuccess, CancellationToken cancellationToken)
[xUnit.net 00:00:05.52]         C:\VibeCoding\Gemini_Windsurf\3_CoreHub\Infrastructure\VanAnDbContext.cs(335,0): at VanAn.CoreHub.Infrastructure.VanAnDbContext.SaveChangesAsync(CancellationToken cancellationToken)
[xUnit.net 00:00:05.52]         C:\VibeCoding\Gemini_Windsurf\3_CoreHub\Repositories\JournalTemplateRepository.cs(74,0): at VanAn.CoreHub.Repositories.JournalTemplateRepository.UpdateAsync(JournalTemplate template)
[xUnit.net 00:00:05.52]         c:\VibeCoding\Gemini_Windsurf\6_Tests\VanAn.Core.Tests\Infrastructure\Repositories\JournalTemplateRepositoryTests.cs(122,0): at VanAn.Core.Tests.Infrastructure.Repositories.JournalTemplateRepositoryTests.UpdateAsync_ShouldModifyTemplate()
[xUnit.net 00:00:05.52]         --- End of stack trace from previous location ---
  Failed VanAn.Core.Tests.Services.SimpleOutboxProcessorTests.ProcessOutboxMessagesAsync_ShouldProcessMessages_WhenMessagesExist [130 ms]
  Error Message:
   Assert.NotNull() Failure: Value of type 'Nullable<DateTime>' does not have a value
  Stack Trace:
     at VanAn.Core.Tests.Services.SimpleOutboxProcessorTests.ProcessOutboxMessagesAsync_ShouldProcessMessages_WhenMessagesExist() in c:\VibeCoding\Gemini_Windsurf\6_Tests\VanAn.Core.Tests\Services\SimpleOutboxProcessorTests.cs:line 85
--- End of stack trace from previous location ---
  Passed VanAn.Core.Tests.Accounting.EnhancedJournalFactoryTests.EnhancedJournalFactory_Should_Create_Journal_From_Template [65 ms]
  Passed VanAn.Core.Tests.Infrastructure.Repositories.JournalTemplateRepositoryTests.GetByCodeAsync_ShouldReturnNull_WhenTemplateDoesNotExist [77 ms]
  Passed VanAn.Core.Tests.Accounting.EnhancedJournalFactoryTests.EnhancedJournalFactory_Should_Handle_Rule_Execution_Order [21 ms]
  Failed VanAn.Core.Tests.Infrastructure.Repositories.JournalTemplateRepositoryTests.UpdateAsync_ShouldModifyTemplate [16 ms]
  Error Message:
   Microsoft.EntityFrameworkCore.DbUpdateConcurrencyException : Attempted to update or delete an entity that does not exist in the store.
  Stack Trace:
     at Microsoft.EntityFrameworkCore.InMemory.Storage.Internal.InMemoryTable`1.Update(IUpdateEntry entry, IDiagnosticsLogger`1 updateLogger)
   at Microsoft.EntityFrameworkCore.InMemory.Storage.Internal.InMemoryStore.ExecuteTransaction(IList`1 entries, IDiagnosticsLogger`1 updateLogger)
   at Microsoft.EntityFrameworkCore.InMemory.Storage.Internal.InMemoryDatabase.SaveChangesAsync(IList`1 entries, CancellationToken cancellationToken)
   at Microsoft.EntityFrameworkCore.ChangeTracking.Internal.StateManager.SaveChangesAsync(IList`1 entriesToSave, CancellationToken cancellationToken)
   at Microsoft.EntityFrameworkCore.ChangeTracking.Internal.StateManager.SaveChangesAsync(StateManager stateManager, Boolean acceptAllChangesOnSuccess, CancellationToken cancellationToken)
   at Microsoft.EntityFrameworkCore.DbContext.SaveChangesAsync(Boolean acceptAllChangesOnSuccess, CancellationToken cancellationToken)
   at VanAn.CoreHub.Infrastructure.VanAnDbContext.SaveChangesAsync(CancellationToken cancellationToken) in C:\VibeCoding\Gemini_Windsurf\3_CoreHub\Infrastructure\VanAnDbContext.cs:line 335
   at VanAn.CoreHub.Repositories.JournalTemplateRepository.UpdateAsync(JournalTemplate template) in C:\VibeCoding\Gemini_Windsurf\3_CoreHub\Repositories\JournalTemplateRepository.cs:line 74
   at VanAn.Core.Tests.Infrastructure.Repositories.JournalTemplateRepositoryTests.UpdateAsync_ShouldModifyTemplate() in c:\VibeCoding\Gemini_Windsurf\6_Tests\VanAn.Core.Tests\Infrastructure\Repositories\JournalTemplateRepositoryTests.cs:line 122
--- End of stack trace from previous location ---
  Passed VanAn.Core.Tests.Services.SimpleOutboxProcessorTests.ProcessOutboxMessagesAsync_ShouldRespectBatchSize [52 ms]
  Passed VanAn.Core.Tests.Infrastructure.Repositories.JournalTemplateRepositoryTests.AddAsync_ShouldCreateTemplate [4 ms]
[xUnit.net 00:00:05.54]     VanAn.Core.Tests.Accounting.EnhancedJo
urnalFactoryTests.EnhancedJournalFactory_Should_Handle_Different_A
mount_Formulas(formula: "COGS") [FAIL]
[xUnit.net 00:00:05.54]       Expected result.Lines.First().DebitAmount to be greater than 0M, but found 0M.
[xUnit.net 00:00:05.54]       Stack Trace:
[xUnit.net 00:00:05.54]            at FluentAssertions.Execution.XUnit2TestFramework.Throw(String message)
[xUnit.net 00:00:05.55]            at FluentAssertions.Execution.TestFrameworkProvider.Throw(String message)
[xUnit.net 00:00:05.55]            at FluentAssertions.Execution.DefaultAssertionStrategy.HandleFailure(String message)
[xUnit.net 00:00:05.55]            at FluentAssertions.Execution.AssertionScope.FailWith(Func`1 failReasonFunc)
[xUnit.net 00:00:05.55]            at FluentAssertions.Execution.AssertionScope.FailWith(Func`1 failReasonFunc)
[xUnit.net 00:00:05.55]            at FluentAssertions.Execution.AssertionScope.FailWith(String message, Object[] args)
[xUnit.net 00:00:05.55]            at FluentAssertions.Numeric.NumericAssertions`2.BeGreaterThan(T expected, String because, Object[] becauseArgs)
[xUnit.net 00:00:05.55]         c:\VibeCoding\Gemini_Windsurf\6_Tests\VanAn.Core.Tests\Accounting\EnhancedJournalFactoryTests.cs(285,0): at VanAn.Core.Tests.Accounting.EnhancedJournalFactoryTests.EnhancedJournalFactory_Should_Handle_Different_Amount_Formulas(String formula)
[xUnit.net 00:00:05.55]         --- End of stack trace from previous location ---
  Passed VanAn.Core.Tests.Infrastructure.Repositories.JournalTemplateRepositoryTests.GetByCodeAsync_ShouldReturnTemplate_WhenTemplateExists [10 ms]
  Passed VanAn.Core.Tests.Accounting.JournalTemplateLookupTests.GetSuggestions_ShouldReturnMultipleMatches_WhenPartialKeyword [1 ms]
  Passed VanAn.Core.Tests.Accounting.JournalTemplateLookupTests.FindMatchingTemplate_ShouldReturnNull_WhenNoMatch [< 1 ms]
  Passed VanAn.Core.Tests.Accounting.JournalTemplateLookupTests.FindMatchingTemplate_ShouldReturnTemplate_WhenKeywordMatches [< 1 ms]
  Failed VanAn.Core.Tests.Accounting.EnhancedJournalFactoryTests.EnhancedJournalFactory_Should_Handle_Different_Amount_Formulas(formula: "COGS") [41 ms]
  Error Message:
   Expected result.Lines.First().DebitAmount to be greater than 0M, but found 0M.
  Stack Trace:
     at FluentAssertions.Execution.XUnit2TestFramework.Throw(String message)
   at FluentAssertions.Execution.TestFrameworkProvider.Throw(String message)
   at FluentAssertions.Execution.DefaultAssertionStrategy.HandleFailure(String message)
   at FluentAssertions.Execution.AssertionScope.FailWith(Func`1 failReasonFunc)
   at FluentAssertions.Execution.AssertionScope.FailWith(Func`1 failReasonFunc)
   at FluentAssertions.Execution.AssertionScope.FailWith(String message, Object[] args)
   at FluentAssertions.Numeric.NumericAssertions`2.BeGreaterThan(T expected, String because, Object[] becauseArgs)
   at VanAn.Core.Tests.Accounting.EnhancedJournalFactoryTests.EnhancedJournalFactory_Should_Handle_Different_Amount_Formulas(String formula) in c:\VibeCoding\Gemini_Windsurf\6_Tests\VanAn.Core.Tests\Accounting\EnhancedJournalFactoryTests.cs:line 285
--- End of stack trace from previous location ---
  Passed VanAn.Core.Tests.Accounting.EnhancedJournalFactoryTests.EnhancedJournalFactory_Should_Handle_Different_Amount_Formulas(formula: "Amount") [3 ms]
  Passed VanAn.Core.Tests.Accounting.EnhancedJournalFactoryTests.EnhancedJournalFactory_Should_Handle_Different_Amount_Formulas(formula: "NetAmount") [1 ms]
[xUnit.net 00:00:05.55]     VanAn.Core.Tests.Accounting.EnhancedJo
urnalFactoryTests.EnhancedJournalFactory_Should_Handle_Different_A
mount_Formulas(formula: "VatAmount") [FAIL]
[xUnit.net 00:00:05.55]       Expected result.Lines.First().DebitAmount to be greater than 0M, but found 0M.
[xUnit.net 00:00:05.55]       Stack Trace:
[xUnit.net 00:00:05.55]            at FluentAssertions.Execution.XUnit2TestFramework.Throw(String message)
[xUnit.net 00:00:05.55]            at FluentAssertions.Execution.TestFrameworkProvider.Throw(String message)
[xUnit.net 00:00:05.55]            at FluentAssertions.Execution.DefaultAssertionStrategy.HandleFailure(String message)
[xUnit.net 00:00:05.55]            at FluentAssertions.Execution.AssertionScope.FailWith(Func`1 failReasonFunc)
[xUnit.net 00:00:05.55]            at FluentAssertions.Execution.AssertionScope.FailWith(Func`1 failReasonFunc)
[xUnit.net 00:00:05.56]            at FluentAssertions.Execution.AssertionScope.FailWith(String message, Object[] args)
[xUnit.net 00:00:05.56]            at FluentAssertions.Numeric.NumericAssertions`2.BeGreaterThan(T expected, String because, Object[] becauseArgs)
[xUnit.net 00:00:05.56]         c:\VibeCoding\Gemini_Windsurf\6_Tests\VanAn.Core.Tests\Accounting\EnhancedJournalFactoryTests.cs(285,0): at VanAn.Core.Tests.Accounting.EnhancedJournalFactoryTests.EnhancedJournalFactory_Should_Handle_Different_Amount_Formulas(String formula)
[xUnit.net 00:00:05.56]         --- End of stack trace from previous location ---
  Failed VanAn.Core.Tests.Accounting.EnhancedJournalFactoryTests.EnhancedJournalFactory_Should_Handle_Different_Amount_Formulas(formula: "VatAmount") [4 ms]
  Error Message:
   Expected result.Lines.First().DebitAmount to be greater than 0M, but found 0M.
  Stack Trace:
     at FluentAssertions.Execution.XUnit2TestFramework.Throw(String message)
   at FluentAssertions.Execution.TestFrameworkProvider.Throw(String message)
   at FluentAssertions.Execution.DefaultAssertionStrategy.HandleFailure(String message)
   at FluentAssertions.Execution.AssertionScope.FailWith(Func`1 failReasonFunc)
   at FluentAssertions.Execution.AssertionScope.FailWith(Func`1 failReasonFunc)
   at FluentAssertions.Execution.AssertionScope.FailWith(String message, Object[] args)
   at FluentAssertions.Numeric.NumericAssertions`2.BeGreaterThan(T expected, String because, Object[] becauseArgs)
   at VanAn.Core.Tests.Accounting.EnhancedJournalFactoryTests.EnhancedJournalFactory_Should_Handle_Different_Amount_Formulas(String formula) in c:\VibeCoding\Gemini_Windsurf\6_Tests\VanAn.Core.Tests\Accounting\EnhancedJournalFactoryTests.cs:line 285
--- End of stack trace from previous location ---
  Passed VanAn.Core.Tests.Accounting.EnhancedJournalFactoryTests.EnhancedJournalFactory_Should_Verify_All_Mock_Behaviors [6 ms]
  Passed VanAn.Core.Tests.Accounting.EnhancedJournalFactoryTests.EnhancedJournalFactory_Should_Throw_Exception_For_Invalid_Template [3 ms]
  Passed VanAn.Core.Tests.Accounting.EnhancedJournalFactoryTests.EnhancedJournalFactory_Should_Validate_Template [24 ms]
  Passed VanAn.Core.Tests.Accounting.EnhancedJournalFactoryTests.EnhancedJournalFactory_Should_Map_To_HKD_AccountingEntry [6 ms]
  Passed VanAn.Core.Tests.Accounting.EnhancedJournalFactoryTests.EnhancedJournalFactory_Should_Apply_Business_Rules [31 ms]
  Passed VanAn.Core.Tests.Infrastructure.Repositories.JournalTemplateRepositoryTests.DeleteAsync_ShouldRemoveTemplate [106 ms]
  Passed VanAn.Core.Tests.Accounting.EnhancedJournalFactoryTests.EnhancedJournalFactory_Should_Calculate_Complex_Formulas [8 ms]
[xUnit.net 00:00:05.65]     
VanAn.Tests.RetryStrategyTests.Should_Handle_Batch_Retry_Strategy 
[FAIL]
[xUnit.net 00:00:05.65]       System.ArgumentException : Invalid callback. Setup on method with 2 parameter(s) cannot invoke callback with different number of parameters (1).
[xUnit.net 00:00:05.65]       Stack Trace:
[xUnit.net 00:00:05.65]         /_/src/Moq/MethodCall.cs(538,0): at Moq.MethodCall.ValidateNumberOfCallbackParameters(Delegate callback, MethodInfo callbackMethod)
[xUnit.net 00:00:05.65]         /_/src/Moq/MethodCall.cs(410,0): at Moq.MethodCall.<>c__DisplayClass23_0.<SetReturnComputedValueBehavior>g__ValidateCallback|4(Delegate callback)
[xUnit.net 00:00:05.65]         /_/src/Moq/MethodCall.cs(380,0): at Moq.MethodCall.SetReturnComputedValueBehavior(Delegate valueFactory)
[xUnit.net 00:00:05.65]         /_/src/Moq/Language/Flow/NonVoidSetupPhrase.cs(301,0): at Moq.Language.Flow.NonVoidSetupPhrase`2.Returns[T1](Func`2 valueExpression)
[xUnit.net 00:00:05.65]            at Moq.GeneratedReturnsExtensions.ReturnsAsync[T,TMock,TResult](IReturns`2 mock, Func`2 valueFunction)
[xUnit.net 00:00:05.65]         c:\VibeCoding\Gemini_Windsurf\6_Tests\VanAn.Core.Tests\RetryStrategyTests.cs(388,0): at VanAn.Tests.RetryStrategyTests.Should_Handle_Batch_Retry_Strategy()
[xUnit.net 00:00:05.65]         --- End of stack trace from previous location ---
[xUnit.net 00:00:05.68]     VanAn.Tests.RetryStrategyTests.Should_
Not_Retry_Non_Transient_Errors [FAIL]
[xUnit.net 00:00:05.68]       Assert.False() Failure
[xUnit.net 00:00:05.68]       Expected: False
[xUnit.net 00:00:05.69]       Actual:   True
[xUnit.net 00:00:05.69]       Stack Trace:
[xUnit.net 00:00:05.69]         c:\VibeCoding\Gemini_Windsurf\6_Tests\VanAn.Core.Tests\RetryStrategyTests.cs(159,0): at VanAn.Tests.RetryStrategyTests.Should_Not_Retry_Non_Transient_Errors()
[xUnit.net 00:00:05.69]         --- End of stack trace from previous location ---
[xUnit.net 00:00:05.69]     VanAn.Tests.RetryStrategyTests.Should_
Retry_With_Exponential_Backoff_On_Network_Failure [FAIL]
[xUnit.net 00:00:05.69]       Assert.Equal() Failure: Values differ
[xUnit.net 00:00:05.69]       Expected: 3
[xUnit.net 00:00:05.69]       Actual:   0
[xUnit.net 00:00:05.69]       Stack Trace:
[xUnit.net 00:00:05.69]         c:\VibeCoding\Gemini_Windsurf\6_Tests\VanAn.Core.Tests\RetryStrategyTests.cs(66,0): at VanAn.Tests.RetryStrategyTests.Should_Retry_With_Exponential_Backoff_On_Network_Failure()
[xUnit.net 00:00:05.69]         --- End of stack trace from previous location ---
  Failed VanAn.Tests.RetryStrategyTests.Should_Handle_Batch_Retry_Strategy [12 ms]
  Error Message:
   System.ArgumentException : Invalid callback. Setup on method with 2 parameter(s) cannot invoke callback with different number of parameters (1).
  Stack Trace:
     at Moq.MethodCall.ValidateNumberOfCallbackParameters(Delegate callback, MethodInfo callbackMethod) in /_/src/Moq/MethodCall.cs:line 538
   at Moq.MethodCall.<>c__DisplayClass23_0.<SetReturnComputedValueBehavior>g__ValidateCallback|4(Delegate callback) in /_/src/Moq/MethodCall.cs:line 410
   at Moq.MethodCall.SetReturnComputedValueBehavior(Delegate valueFactory) in /_/src/Moq/MethodCall.cs:line 380
   at Moq.Language.Flow.NonVoidSetupPhrase`2.Returns[T1](Func`2 valueExpression) in /_/src/Moq/Language/Flow/NonVoidSetupPhrase.cs:line 301
   at Moq.GeneratedReturnsExtensions.ReturnsAsync[T,TMock,TResult](IReturns`2 mock, Func`2 valueFunction)
   at VanAn.Tests.RetryStrategyTests.Should_Handle_Batch_Retry_Strategy() in c:\VibeCoding\Gemini_Windsurf\6_Tests\VanAn.Core.Tests\RetryStrategyTests.cs:line 388
--- End of stack trace from previous location ---
  Passed VanAn.Core.Tests.Accounting.EnhancedJournalFactoryTests.EnhancedJournalFactory_Should_Handle_Multiple_Rules_Chaining [10 ms]
  Passed VanAn.Core.Tests.Accounting.EnhancedJournalFactoryTests.EnhancedJournalFactory_Should_Handle_Different_Formulas(formula: "Amount*0.1", amount: 1000, expected: 100) [6 ms]
  Passed VanAn.Core.Tests.Accounting.EnhancedJournalFactoryTests.EnhancedJournalFactory_Should_Handle_Different_Formulas(formula: "Amount*0.05", amount: 2000, expected: 100) [2 ms]
  Passed VanAn.Core.Tests.Accounting.EnhancedJournalFactoryTests.EnhancedJournalFactory_Should_Handle_Different_Formulas(formula: "Amount*0.1*VatRate", amount: 10000, expected: 100) [4 ms]
  Passed VanAn.Tests.RetryStrategyTests.Should_Handle_Concurrent_Retry_Attempts [17 ms]
  Failed VanAn.Tests.RetryStrategyTests.Should_Not_Retry_Non_Transient_Errors [6 ms]
  Error Message:
   Assert.False() Failure
Expected: False
Actual:   True
  Stack Trace:
     at VanAn.Tests.RetryStrategyTests.Should_Not_Retry_Non_Transient_Errors() in c:\VibeCoding\Gemini_Windsurf\6_Tests\VanAn.Core.Tests\RetryStrategyTests.cs:line 159
--- End of stack trace from previous location ---
  Failed VanAn.Tests.RetryStrategyTests.Should_Retry_With_Exponential_Backoff_On_Network_Failure [9 ms]
  Error Message:
   Assert.Equal() Failure: Values differ
Expected: 3
Actual:   0
  Stack Trace:
     at VanAn.Tests.RetryStrategyTests.Should_Retry_With_Exponential_Backoff_On_Network_Failure() in c:\VibeCoding\Gemini_Windsurf\6_Tests\VanAn.Core.Tests\RetryStrategyTests.cs:line 66
--- End of stack trace from previous location ---
[xUnit.net 00:00:05.72]     VanAn.Tests.RetryStrategyTests.Should_
Stop_Retrying_After_Max_Attempts [FAIL]
[xUnit.net 00:00:05.72]       Assert.False() Failure
[xUnit.net 00:00:05.72]       Expected: False
[xUnit.net 00:00:05.72]       Actual:   True
[xUnit.net 00:00:05.72]       Stack Trace:
[xUnit.net 00:00:05.72]         c:\VibeCoding\Gemini_Windsurf\6_Tests\VanAn.Core.Tests\RetryStrategyTests.cs(90,0): at VanAn.Tests.RetryStrategyTests.Should_Stop_Retrying_After_Max_Attempts()
[xUnit.net 00:00:05.72]         --- End of stack trace from previous location ---
[xUnit.net 00:00:05.78]     VanAn.Tests.RetryStrategyTests.Should_
Handle_Retry_With_Different_Error_Types [FAIL]
[xUnit.net 00:00:05.78]       Assert.Equal() Failure: Values differ
[xUnit.net 00:00:05.78]       Expected: 4
[xUnit.net 00:00:05.78]       Actual:   0
[xUnit.net 00:00:05.78]       Stack Trace:
[xUnit.net 00:00:05.78]         c:\VibeCoding\Gemini_Windsurf\6_Tests\VanAn.Core.Tests\RetryStrategyTests.cs(334,0): at VanAn.Tests.RetryStrategyTests.Should_Handle_Retry_With_Different_Error_Types()
[xUnit.net 00:00:05.78]         --- End of stack trace from previous location ---
[xUnit.net 00:00:05.78]     VanAn.Tests.RetryStrategyTests.Should_
Use_Linear_Backoff_For_Transient_Errors [FAIL]
[xUnit.net 00:00:05.78]       Assert.Equal() Failure: Values differ
[xUnit.net 00:00:05.78]       Expected: 3
[xUnit.net 00:00:05.78]       Actual:   0
[xUnit.net 00:00:05.78]       Stack Trace:
[xUnit.net 00:00:05.78]         c:\VibeCoding\Gemini_Windsurf\6_Tests\VanAn.Core.Tests\RetryStrategyTests.cs(128,0): at VanAn.Tests.RetryStrategyTests.Should_Use_Linear_Backoff_For_Transient_Errors()
[xUnit.net 00:00:05.78]         --- End of stack trace from previous location ---
  Failed VanAn.Tests.RetryStrategyTests.Should_Stop_Retrying_After_Max_Attempts [29 ms]
  Error Message:
   Assert.False() Failure
Expected: False
Actual:   True
  Stack Trace:
     at VanAn.Tests.RetryStrategyTests.Should_Stop_Retrying_After_Max_Attempts() in c:\VibeCoding\Gemini_Windsurf\6_Tests\VanAn.Core.Tests\RetryStrategyTests.cs:line 90
--- End of stack trace from previous location ---
  Passed VanAn.Core.Tests.Accounting.EnhancedJournalFactoryTests.EnhancedJournalFactory_Should_Handle_Null_Parameters [54 ms]
  Passed VanAn.Core.Tests.Accounting.EnhancedJournalFactoryTests.EnhancedJournalFactory_Should_Validate_Template_Activity [9 ms]
  Passed VanAn.Core.Tests.Accounting.EnhancedJournalFactoryTests.EnhancedJournalFactory_Should_Handle_Parameter_Edges [5 ms]
  Passed VanAn.Core.Tests.Accounting.EnhancedJournalFactoryTests.EnhancedJournalFactory_Should_Validate_Journal_Balance [4 ms]
  Failed VanAn.Tests.RetryStrategyTests.Should_Handle_Retry_With_Different_Error_Types [48 ms]
  Error Message:
   Assert.Equal() Failure: Values differ
Expected: 4
Actual:   0
  Stack Trace:
     at VanAn.Tests.RetryStrategyTests.Should_Handle_Retry_With_Different_Error_Types() in c:\VibeCoding\Gemini_Windsurf\6_Tests\VanAn.Core.Tests\RetryStrategyTests.cs:line 334
--- End of stack trace from previous location ---
  Passed VanAn.Core.Tests.Accounting.EnhancedJournalFactoryTests.EnhancedJournalFactory_Should_Handle_Empty_Business_Rules [4 ms]
  Failed VanAn.Tests.RetryStrategyTests.Should_Use_Linear_Backoff_For_Transient_Errors [5 ms]
  Error Message:
   Assert.Equal() Failure: Values differ
Expected: 3
Actual:   0
  Stack Trace:
     at VanAn.Tests.RetryStrategyTests.Should_Use_Linear_Backoff_For_Transient_Errors() in c:\VibeCoding\Gemini_Windsurf\6_Tests\VanAn.Core.Tests\RetryStrategyTests.cs:line 128
--- End of stack trace from previous location ---
[xUnit.net 00:00:05.89]     VanAn.Tests.RetryStrategyTests.Should_
Update_Retry_Attempts_Correctly [FAIL]
[xUnit.net 00:00:05.89]       Assert.False() Failure
[xUnit.net 00:00:05.89]       Expected: False
[xUnit.net 00:00:05.89]       Actual:   True
[xUnit.net 00:00:05.89]       Stack Trace:
[xUnit.net 00:00:05.89]         c:\VibeCoding\Gemini_Windsurf\6_Tests\VanAn.Core.Tests\RetryStrategyTests.cs(262,0): at VanAn.Tests.RetryStrategyTests.Should_Update_Retry_Attempts_Correctly()
[xUnit.net 00:00:05.89]         --- End of stack trace from previous location ---
[xUnit.net 00:00:05.97]     VanAn.Tests.RetryStrategyTests.Should_
Reset_Retry_Count_On_Successful_Sync [FAIL]
[xUnit.net 00:00:05.97]       Assert.False() Failure
[xUnit.net 00:00:05.97]       Expected: False
[xUnit.net 00:00:05.97]       Actual:   True
[xUnit.net 00:00:05.97]       Stack Trace:
[xUnit.net 00:00:05.97]         c:\VibeCoding\Gemini_Windsurf\6_Tests\VanAn.Core.Tests\RetryStrategyTests.cs(290,0): at VanAn.Tests.RetryStrategyTests.Should_Reset_Retry_Count_On_Successful_Sync()
[xUnit.net 00:00:05.97]         --- End of stack trace from previous location ---
  Passed VanAn.Core.Tests.Accounting.EnhancedJournalFactoryTests.EnhancedJournalFactory_Should_Handle_Complex_Scenarios [8 ms]
  Passed VanAn.Core.Tests.Accounting.EnhancedJournalFactoryTests.EnhancedJournalFactory_Should_Handle_Rule_That_Does_Not_Apply [19 ms]
  Passed VanAn.Tests.RetryStrategyTests.Should_Respect_Rate_Limiting_During_Retries [77 ms]
  Passed VanAn.Core.Tests.Accounting.EnhancedJournalFactoryTests.EnhancedJournalFactory_Should_Update_CoreTemplateContext_State [53 ms]
  Passed VanAn.Core.Tests.Accounting.EnhancedJournalFactoryTests.EnhancedJournalFactory_Should_Validate_Account_Numbers [10 ms]
  Failed VanAn.Tests.RetryStrategyTests.Should_Update_Retry_Attempts_Correctly [12 ms]
  Error Message:
   Assert.False() Failure
Expected: False
Actual:   True
  Stack Trace:
     at VanAn.Tests.RetryStrategyTests.Should_Update_Retry_Attempts_Correctly() in c:\VibeCoding\Gemini_Windsurf\6_Tests\VanAn.Core.Tests\RetryStrategyTests.cs:line 262
--- End of stack trace from previous location ---
  Passed VanAn.Tests.RetryStrategyTests.Should_Preserve_Order_Data_During_Retries [11 ms]
  Failed VanAn.Tests.RetryStrategyTests.Should_Reset_Retry_Count_On_Successful_Sync [85 ms]
  Error Message:
   Assert.False() Failure
Expected: False
Actual:   True
  Stack Trace:
     at VanAn.Tests.RetryStrategyTests.Should_Reset_Retry_Count_On_Successful_Sync() in c:\VibeCoding\Gemini_Windsurf\6_Tests\VanAn.Core.Tests\RetryStrategyTests.cs:line 290
--- End of stack trace from previous location ---
[xUnit.net 00:00:05.97]     VanAn.Tests.RetryStrategyTests.Should_
Handle_Circuit_Breaker_Pattern [FAIL]
[xUnit.net 00:00:05.97]       System.ArgumentException : Invalid callback. Setup on method with 2 parameter(s) cannot invoke callback with different number of parameters (1).
[xUnit.net 00:00:05.97]       Stack Trace:
[xUnit.net 00:00:05.97]         /_/src/Moq/MethodCall.cs(538,0): at Moq.MethodCall.ValidateNumberOfCallbackParameters(Delegate callback, MethodInfo callbackMethod)
[xUnit.net 00:00:05.97]         /_/src/Moq/MethodCall.cs(410,0): at Moq.MethodCall.<>c__DisplayClass23_0.<SetReturnComputedValueBehavior>g__ValidateCallback|4(Delegate callback)
[xUnit.net 00:00:05.97]         /_/src/Moq/MethodCall.cs(380,0): at Moq.MethodCall.SetReturnComputedValueBehavior(Delegate valueFactory)
[xUnit.net 00:00:05.98]         /_/src/Moq/Language/Flow/NonVoidSetupPhrase.cs(301,0): at Moq.Language.Flow.NonVoidSetupPhrase`2.Returns[T1](Func`2 valueExpression)
[xUnit.net 00:00:05.98]            at Moq.GeneratedReturnsExtensions.ReturnsAsync[T,TMock,TResult](IReturns`2 mock, Func`2 valueFunction)
[xUnit.net 00:00:05.98]         c:\VibeCoding\Gemini_Windsurf\6_Tests\VanAn.Core.Tests\RetryStrategyTests.cs(432,0): at VanAn.Tests.RetryStrategyTests.Should_Handle_Circuit_Breaker_Pattern()
[xUnit.net 00:00:05.98]         --- End of stack trace from previous location ---
[xUnit.net 00:00:07.00]     VanAn.Core.Tests.Infrastructure.Reposi
tories.AccountingEntryRepositoryTests.Should_Get_By_Tenant_And_Per
iod [FAIL]
[xUnit.net 00:00:07.00]       System.InvalidOperationException : Failed to add accounting entry 046968df-5216-4edf-b991-2f32f3273abe to database
[xUnit.net 00:00:07.04]       ---- System.InvalidCastException : Object must implement IConvertible.
[xUnit.net 00:00:07.04]       Stack Trace:
[xUnit.net 00:00:07.04]         C:\VibeCoding\Gemini_Windsurf\3_CoreHub\Repositories\AccountingEntryRepository.cs(191,0): at VanAn.CoreHub.Repositories.AccountingEntryRepository.AddAsync(AccountingEntry entry, CancellationToken cancellationToken)
[xUnit.net 00:00:07.04]         c:\VibeCoding\Gemini_Windsurf\6_Tests\VanAn.Core.Tests\Infrastructure\Repositories\AccountingEntryRepositoryTests.cs(110,0): at VanAn.Core.Tests.Infrastructure.Repositories.AccountingEntryRepositoryTests.Should_Get_By_Tenant_And_Period()
[xUnit.net 00:00:07.04]         --- End of stack trace from previous location ---
[xUnit.net 00:00:07.04]         ----- Inner Stack Trace -----
[xUnit.net 00:00:07.04]            at System.Convert.ChangeType(Object value, Type conversionType, IFormatProvider provider)
[xUnit.net 00:00:07.04]            at Microsoft.EntityFrameworkCore.Storage.ValueConversion.ValueConverter`2.Sanitize[T](Object value)
[xUnit.net 00:00:07.04]            at Microsoft.EntityFrameworkCore.Storage.ValueConversion.ValueConverter`2.<>c__DisplayClass6_0`2.<SanitizeConverter>b__1(Object v)
[xUnit.net 00:00:07.04]            at Microsoft.EntityFrameworkCore.Storage.RelationalTypeMapping.GenerateSqlLiteral(Object value)
[xUnit.net 00:00:07.04]            at Microsoft.EntityFrameworkCore.Query.QuerySqlGenerator.VisitSqlConstant(SqlConstantExpression sqlConstantExpression)
[xUnit.net 00:00:07.04]            at Microsoft.EntityFrameworkCore.Query.SqlExpressionVisitor.VisitExtension(Expression extensionExpression)
[xUnit.net 00:00:07.04]            at Microsoft.EntityFrameworkCore.Sqlite.Query.Internal.SqliteQuerySqlGenerator.VisitExtension(Expression extensionExpression)
[xUnit.net 00:00:07.04]            at Microsoft.EntityFrameworkCore.Query.QuerySqlGenerator.VisitSqlBinary(SqlBinaryExpression sqlBinaryExpression)
[xUnit.net 00:00:07.04]            at Microsoft.EntityFrameworkCore.Query.SqlExpressionVisitor.VisitExtension(Expression extensionExpression)
[xUnit.net 00:00:07.04]            at Microsoft.EntityFrameworkCore.Sqlite.Query.Internal.SqliteQuerySqlGenerator.VisitExtension(Expression extensionExpression)
[xUnit.net 00:00:07.04]            at Microsoft.EntityFrameworkCore.Query.QuerySqlGenerator.VisitSqlBinary(SqlBinaryExpression sqlBinaryExpression)
[xUnit.net 00:00:07.04]            at Microsoft.EntityFrameworkCore.Query.SqlExpressionVisitor.VisitExtension(Expression extensionExpression)
[xUnit.net 00:00:07.04]            at Microsoft.EntityFrameworkCore.Sqlite.Query.Internal.SqliteQuerySqlGenerator.VisitExtension(Expression extensionExpression)
[xUnit.net 00:00:07.04]            at Microsoft.EntityFrameworkCore.Query.QuerySqlGenerator.VisitSelect(SelectExpression selectExpression)
[xUnit.net 00:00:07.04]            at Microsoft.EntityFrameworkCore.Query.QuerySqlGenerator.GenerateRootCommand(Expression queryExpression)
[xUnit.net 00:00:07.04]            at Microsoft.EntityFrameworkCore.Query.QuerySqlGenerator.GetCommand(Expression queryExpression)
[xUnit.net 00:00:07.04]            at Microsoft.EntityFrameworkCore.Query.Internal.RelationalCommandCache.GetRelationalCommandTemplate(IReadOnlyDictionary`2 parameters)
[xUnit.net 00:00:07.04]            at Microsoft.EntityFrameworkCore.Internal.RelationCommandCacheExtensions.RentAndPopulateRelationalCommand(RelationalCommandCache relationalCommandCache, RelationalQueryContext queryContext)
[xUnit.net 00:00:07.04]            at Microsoft.EntityFrameworkCore.Query.Internal.SingleQueryingEnumerable`1.AsyncEnumerator.InitializeReaderAsync(AsyncEnumerator enumerator, CancellationToken cancellationToken)
[xUnit.net 00:00:07.04]            at Microsoft.EntityFrameworkCore.Query.Internal.SingleQueryingEnumerable`1.AsyncEnumerator.MoveNextAsync()
[xUnit.net 00:00:07.04]            at Microsoft.EntityFrameworkCore.Query.ShapedQueryCompilingExpressionVisitor.SingleOrDefaultAsync[TSource](IAsyncEnumerable`1 asyncEnumerable, CancellationToken cancellationToken)
[xUnit.net 00:00:07.04]            at Microsoft.EntityFrameworkCore.Query.ShapedQueryCompilingExpressionVisitor.SingleOrDefaultAsync[TSource](IAsyncEnumerable`1 asyncEnumerable, CancellationToken cancellationToken)
[xUnit.net 00:00:07.04]         C:\VibeCoding\Gemini_Windsurf\3_CoreHub\Repositories\AccountingEntryRepository.cs(167,0): at VanAn.CoreHub.Repositories.AccountingEntryRepository.AddAsync(AccountingEntry entry, CancellationToken cancellationToken)
[xUnit.net 00:00:07.24]     VanAn.Core.Tests.CustomerServiceTests.
GetOrCreateCustomerByDeviceIdAsync_WhenCustomerNotExists_CreatesNe
wCustomer [FAIL]
[xUnit.net 00:00:07.24]       System.InvalidCastException : Object must implement IConvertible.
[xUnit.net 00:00:07.25]       Stack Trace:
[xUnit.net 00:00:07.26]            at System.Convert.ChangeType(Object value, Type conversionType, IFormatProvider provider)
[xUnit.net 00:00:07.26]            at Microsoft.EntityFrameworkCore.Storage.ValueConversion.ValueConverter`2.Sanitize[T](Object value)
[xUnit.net 00:00:07.26]            at Microsoft.EntityFrameworkCore.Storage.ValueConversion.ValueConverter`2.<>c__DisplayClass6_0`2.<SanitizeConverter>b__1(Object v)
[xUnit.net 00:00:07.26]            at Microsoft.EntityFrameworkCore.Storage.RelationalTypeMapping.CreateParameter(DbCommand command, String name, Object value, Nullable`1 nullable, ParameterDirection direction)
[xUnit.net 00:00:07.26]            at Microsoft.EntityFrameworkCore.Storage.Internal.TypeMappedRelationalParameter.AddDbParameter(DbCommand command, Object value)
[xUnit.net 00:00:07.26]            at Microsoft.EntityFrameworkCore.Storage.Internal.RelationalParameterBase.AddDbParameter(DbCommand command, IReadOnlyDictionary`2 parameterValues)
[xUnit.net 00:00:07.26]            at Microsoft.EntityFrameworkCore.Storage.RelationalCommand.CreateDbCommand(RelationalCommandParameterObject parameterObject, Guid commandId, DbCommandMethod commandMethod)
[xUnit.net 00:00:07.26]            at Microsoft.EntityFrameworkCore.Storage.RelationalCommand.ExecuteReaderAsync(RelationalCommandParameterObject parameterObject, CancellationToken cancellationToken)
[xUnit.net 00:00:07.26]            at Microsoft.EntityFrameworkCore.Query.Internal.SingleQueryingEnumerable`1.AsyncEnumerator.InitializeReaderAsync(AsyncEnumerator enumerator, CancellationToken cancellationToken)
[xUnit.net 00:00:07.26]            at Microsoft.EntityFrameworkCore.Query.Internal.SingleQueryingEnumerable`1.AsyncEnumerator.MoveNextAsync()
[xUnit.net 00:00:07.26]            at Microsoft.EntityFrameworkCore.Query.ShapedQueryCompilingExpressionVisitor.SingleOrDefaultAsync[TSource](IAsyncEnumerable`1 asyncEnumerable, CancellationToken cancellationToken)
[xUnit.net 00:00:07.26]            at Microsoft.EntityFrameworkCore.Query.ShapedQueryCompilingExpressionVisitor.SingleOrDefaultAsync[TSource](IAsyncEnumerable`1 asyncEnumerable, CancellationToken cancellationToken)
[xUnit.net 00:00:07.26]         C:\VibeCoding\Gemini_Windsurf\3_CoreHub\Infrastructure\Repositories\CustomerRepository.cs(37,0): at VanAn.CoreHub.Infrastructure.Repositories.CustomerRepository.GetByDeviceIdAsync(Guid deviceId)
[xUnit.net 00:00:07.26]         C:\VibeCoding\Gemini_Windsurf\3_CoreHub\Services\CustomerService.cs(29,0): at VanAn.CoreHub.Services.CustomerService.GetCustomerByDeviceIdAsync(Guid deviceId)
[xUnit.net 00:00:07.26]         C:\VibeCoding\Gemini_Windsurf\3_CoreHub\Services\CustomerService.cs(57,0): at VanAn.CoreHub.Services.CustomerService.GetOrCreateCustomerByDeviceIdAsync(Guid deviceId, String displayName)
[xUnit.net 00:00:07.26]         c:\VibeCoding\Gemini_Windsurf\6_Tests\VanAn.Core.Tests\CustomerServiceTests.cs(41,0): at VanAn.Core.Tests.CustomerServiceTests.GetOrCreateCustomerByDeviceIdAsync_WhenCustomerNotExists_CreatesNewCustomer()
[xUnit.net 00:00:07.26]         --- End of stack trace from previous location ---
[xUnit.net 00:00:07.26]       Output:
[xUnit.net 00:00:07.26]         [CustomerServiceTests] Test class initialized
[xUnit.net 00:00:07.26]         [CustomerServiceTests] CustomerService created successfully
  Failed VanAn.Tests.RetryStrategyTests.Should_Handle_Circuit_Breaker_Pattern [3 ms]
  Error Message:
   System.ArgumentException : Invalid callback. Setup on method with 2 parameter(s) cannot invoke callback with different number of parameters (1).
  Stack Trace:
     at Moq.MethodCall.ValidateNumberOfCallbackParameters(Delegate callback, MethodInfo callbackMethod) in /_/src/Moq/MethodCall.cs:line 538
   at Moq.MethodCall.<>c__DisplayClass23_0.<SetReturnComputedValueBehavior>g__ValidateCallback|4(Delegate callback) in /_/src/Moq/MethodCall.cs:line 410
   at Moq.MethodCall.SetReturnComputedValueBehavior(Delegate valueFactory) in /_/src/Moq/MethodCall.cs:line 380
   at Moq.Language.Flow.NonVoidSetupPhrase`2.Returns[T1](Func`2 valueExpression) in /_/src/Moq/Language/Flow/NonVoidSetupPhrase.cs:line 301
   at Moq.GeneratedReturnsExtensions.ReturnsAsync[T,TMock,TResult](IReturns`2 mock, Func`2 valueFunction)
   at VanAn.Tests.RetryStrategyTests.Should_Handle_Circuit_Breaker_Pattern() in c:\VibeCoding\Gemini_Windsurf\6_Tests\VanAn.Core.Tests\RetryStrategyTests.cs:line 432
--- End of stack trace from previous location ---
  Passed VanAn.Core.Tests.Infrastructure.DbContextModelBuildTests.DbContext_Should_Have_ValueConverters_For_StronglyTypedIds [749 ms]
  Failed VanAn.Core.Tests.Infrastructure.Repositories.AccountingEntryRepositoryTests.Should_Get_By_Tenant_And_Period [1 s]
  Error Message:
   System.InvalidOperationException : Failed to add accounting entry 046968df-5216-4edf-b991-2f32f3273abe to database
---- System.InvalidCastException : Object must implement IConvertible.
  Stack Trace:
     at VanAn.CoreHub.Repositories.AccountingEntryRepository.AddAsync(AccountingEntry entry, CancellationToken cancellationToken) in C:\VibeCoding\Gemini_Windsurf\3_CoreHub\Repositories\AccountingEntryRepository.cs:line 191
   at VanAn.Core.Tests.Infrastructure.Repositories.AccountingEntryRepositoryTests.Should_Get_By_Tenant_And_Period() in c:\VibeCoding\Gemini_Windsurf\6_Tests\VanAn.Core.Tests\Infrastructure\Repositories\AccountingEntryRepositoryTests.cs:line 110
--- End of stack trace from previous location ---
----- Inner Stack Trace -----
   at System.Convert.ChangeType(Object value, Type conversionType, IFormatProvider provider)
   at Microsoft.EntityFrameworkCore.Storage.ValueConversion.ValueConverter`2.Sanitize[T](Object value)
   at Microsoft.EntityFrameworkCore.Storage.ValueConversion.ValueConverter`2.<>c__DisplayClass6_0`2.<SanitizeConverter>b__1(Object v)
   at Microsoft.EntityFrameworkCore.Storage.RelationalTypeMapping.GenerateSqlLiteral(Object value)
   at Microsoft.EntityFrameworkCore.Query.QuerySqlGenerator.VisitSqlConstant(SqlConstantExpression sqlConstantExpression)
   at Microsoft.EntityFrameworkCore.Query.SqlExpressionVisitor.VisitExtension(Expression extensionExpression)
   at Microsoft.EntityFrameworkCore.Sqlite.Query.Internal.SqliteQuerySqlGenerator.VisitExtension(Expression extensionExpression)
   at Microsoft.EntityFrameworkCore.Query.QuerySqlGenerator.VisitSqlBinary(SqlBinaryExpression sqlBinaryExpression)
   at Microsoft.EntityFrameworkCore.Query.SqlExpressionVisitor.VisitExtension(Expression extensionExpression)
   at Microsoft.EntityFrameworkCore.Sqlite.Query.Internal.SqliteQuerySqlGenerator.VisitExtension(Expression extensionExpression)
   at Microsoft.EntityFrameworkCore.Query.QuerySqlGenerator.VisitSqlBinary(SqlBinaryExpression sqlBinaryExpression)
   at Microsoft.EntityFrameworkCore.Query.SqlExpressionVisitor.VisitExtension(Expression extensionExpression)
   at Microsoft.EntityFrameworkCore.Sqlite.Query.Internal.SqliteQuerySqlGenerator.VisitExtension(Expression extensionExpression)
   at Microsoft.EntityFrameworkCore.Query.QuerySqlGenerator.VisitSelect(SelectExpression selectExpression)
   at Microsoft.EntityFrameworkCore.Query.QuerySqlGenerator.GenerateRootCommand(Expression queryExpression)
   at Microsoft.EntityFrameworkCore.Query.QuerySqlGenerator.GetCommand(Expression queryExpression)
   at Microsoft.EntityFrameworkCore.Query.Internal.RelationalCommandCache.GetRelationalCommandTemplate(IReadOnlyDictionary`2 parameters)
   at Microsoft.EntityFrameworkCore.Internal.RelationCommandCacheExtensions.RentAndPopulateRelationalCommand(RelationalCommandCache relationalCommandCache, RelationalQueryContext queryContext)
   at Microsoft.EntityFrameworkCore.Query.Internal.SingleQueryingEnumerable`1.AsyncEnumerator.InitializeReaderAsync(AsyncEnumerator enumerator, CancellationToken cancellationToken)
   at Microsoft.EntityFrameworkCore.Query.Internal.SingleQueryingEnumerable`1.AsyncEnumerator.MoveNextAsync()
   at Microsoft.EntityFrameworkCore.Query.ShapedQueryCompilingExpressionVisitor.SingleOrDefaultAsync[TSource](IAsyncEnumerable`1 asyncEnumerable, CancellationToken cancellationToken)
   at Microsoft.EntityFrameworkCore.Query.ShapedQueryCompilingExpressionVisitor.SingleOrDefaultAsync[TSource](IAsyncEnumerable`1 asyncEnumerable, CancellationToken cancellationToken)
   at VanAn.CoreHub.Repositories.AccountingEntryRepository.AddAsync(AccountingEntry entry, CancellationToken cancellationToken) in C:\VibeCoding\Gemini_Windsurf\3_CoreHub\Repositories\AccountingEntryRepository.cs:line 167
  Passed VanAn.Core.Tests.Infrastructure.DbContextModelBuildTests.DbContext_Should_Ignore_ComputedProperties [440 ms]
  Failed VanAn.Core.Tests.CustomerServiceTests.GetOrCreateCustomerByDeviceIdAsync_WhenCustomerNotExists_CreatesNewCustomer [99 ms]
  Error Message:
   System.InvalidCastException : Object must implement IConvertible.
  Stack Trace:
     at System.Convert.ChangeType(Object value, Type conversionType, IFormatProvider provider)
   at Microsoft.EntityFrameworkCore.Storage.ValueConversion.ValueConverter`2.Sanitize[T](Object value)
   at Microsoft.EntityFrameworkCore.Storage.ValueConversion.ValueConverter`2.<>c__DisplayClass6_0`2.<SanitizeConverter>b__1(Object v)
   at Microsoft.EntityFrameworkCore.Storage.RelationalTypeMapping.CreateParameter(DbCommand command, String name, Object value, Nullable`1 nullable, ParameterDirection direction)
   at Microsoft.EntityFrameworkCore.Storage.Internal.TypeMappedRelationalParameter.AddDbParameter(DbCommand command, Object value)
   at Microsoft.EntityFrameworkCore.Storage.Internal.RelationalParameterBase.AddDbParameter(DbCommand command, IReadOnlyDictionary`2 parameterValues)
   at Microsoft.EntityFrameworkCore.Storage.RelationalCommand.CreateDbCommand(RelationalCommandParameterObject parameterObject, Guid commandId, DbCommandMethod commandMethod)
   at Microsoft.EntityFrameworkCore.Storage.RelationalCommand.ExecuteReaderAsync(RelationalCommandParameterObject parameterObject, CancellationToken cancellationToken)
   at Microsoft.EntityFrameworkCore.Query.Internal.SingleQueryingEnumerable`1.AsyncEnumerator.InitializeReaderAsync(AsyncEnumerator enumerator, CancellationToken cancellationToken)
   at Microsoft.EntityFrameworkCore.Query.Internal.SingleQueryingEnumerable`1.AsyncEnumerator.MoveNextAsync()
   at Microsoft.EntityFrameworkCore.Query.ShapedQueryCompilingExpressionVisitor.SingleOrDefaultAsync[TSource](IAsyncEnumerable`1 asyncEnumerable, CancellationToken cancellationToken)
   at Microsoft.EntityFrameworkCore.Query.ShapedQueryCompilingExpressionVisitor.SingleOrDefaultAsync[TSource](IAsyncEnumerable`1 asyncEnumerable, CancellationToken cancellationToken)
   at VanAn.CoreHub.Infrastructure.Repositories.CustomerRepository.GetByDeviceIdAsync(Guid deviceId) in C:\VibeCoding\Gemini_Windsurf\3_CoreHub\Infrastructure\Repositories\CustomerRepository.cs:line 37
   at VanAn.CoreHub.Services.CustomerService.GetCustomerByDeviceIdAsync(Guid deviceId) in C:\VibeCoding\Gemini_Windsurf\3_CoreHub\Services\CustomerService.cs:line 29
   at VanAn.CoreHub.Services.CustomerService.GetOrCreateCustomerByDeviceIdAsync(Guid deviceId, String displayName) in C:\VibeCoding\Gemini_Windsurf\3_CoreHub\Services\CustomerService.cs:line 57
   at VanAn.Core.Tests.CustomerServiceTests.GetOrCreateCustomerByDeviceIdAsync_WhenCustomerNotExists_CreatesNewCustomer() in c:\VibeCoding\Gemini_Windsurf\6_Tests\VanAn.Core.Tests\CustomerServiceTests.cs:line 41
--- End of stack trace from previous location ---
  Standard Output Messages:
 [CustomerServiceTests] Test class initialized
 [CustomerServiceTests] CustomerService created successfully


  Passed VanAn.Core.Tests.Infrastructure.DbContextModelBuildTests.DbContext_Should_Not_Throw_On_ModelBuild [251 ms]
  Passed VanAn.Core.Tests.Infrastructure.ValueConverters.AccountingPeriodConverterTests.Should_Handle_Single_Digit_Month [13 ms]
  Passed VanAn.Core.Tests.Infrastructure.ValueConverters.AccountingPeriodConverterTests.Should_Handle_Double_Digit_Month [1 ms]
  Passed VanAn.Core.Tests.Infrastructure.ValueConverters.AccountingPeriodConverterTests.Should_Convert_To_Database_Value [1 ms]
  Passed VanAn.Core.Tests.Infrastructure.ValueConverters.AccountingPeriodConverterTests.Should_Handle_Null_Values [7 ms]
  Passed VanAn.Core.Tests.Infrastructure.ValueConverters.AccountingPeriodConverterTests.Should_Convert_From_Database_Value [2 ms]
  Passed VanAn.Core.Tests.Accounting.AccountCodeValidationTests.ValidateAccountCode_ShouldReturnTrue_ForValidVNAccountCodes(accountCode: "627") [< 1 ms]
  Passed VanAn.Core.Tests.Accounting.AccountCodeValidationTests.ValidateAccountCode_ShouldReturnTrue_ForValidVNAccountCodes(accountCode: "511") [< 1 ms]
  Passed VanAn.Core.Tests.Accounting.AccountCodeValidationTests.ValidateAccountCode_ShouldReturnTrue_ForValidVNAccountCodes(accountCode: "515") [< 1 ms]
  Passed VanAn.Core.Tests.Accounting.AccountCodeValidationTests.ValidateAccountCode_ShouldReturnTrue_ForValidVNAccountCodes(accountCode: "621") [< 1 ms]
  Passed VanAn.Core.Tests.Accounting.AccountCodeValidationTests.ValidateAccountCode_ShouldReturnTrue_ForValidVNAccountCodes(accountCode: "112") [< 1 ms]
  Passed VanAn.Core.Tests.Accounting.AccountCodeValidationTests.ValidateAccountCode_ShouldReturnTrue_ForValidVNAccountCodes(accountCode: "641") [< 1 ms]
  Passed VanAn.Core.Tests.Accounting.AccountCodeValidationTests.ValidateAccountCode_ShouldReturnTrue_ForValidVNAccountCodes(accountCode: "622") [< 1 ms]
  Passed VanAn.Core.Tests.Accounting.AccountCodeValidationTests.ValidateAccountCode_ShouldReturnTrue_ForValidVNAccountCodes(accountCode: "711") [< 1 ms]
  Passed VanAn.Core.Tests.Accounting.AccountCodeValidationTests.ValidateAccountCode_ShouldReturnTrue_ForValidVNAccountCodes(accountCode: "111") [< 1 ms]
  Passed VanAn.Core.Tests.Accounting.AccountCodeValidationTests.GetAccountType_ShouldReturnRevenue_For5xxCodes [12 ms]
  Passed VanAn.Core.Tests.Accounting.AccountCodeValidationTests.ValidateAccountCode_ShouldReturnFalse_ForInvalidAccountCodes(accountCode: "999") [< 1 ms]
  Passed VanAn.Core.Tests.Accounting.AccountCodeValidationTests.ValidateAccountCode_ShouldReturnFalse_ForInvalidAccountCodes(accountCode: "ABC") [< 1 ms]
  Passed VanAn.Core.Tests.Accounting.AccountCodeValidationTests.ValidateAccountCode_ShouldReturnFalse_ForInvalidAccountCodes(accountCode: "") [< 1 ms]
  Passed VanAn.Core.Tests.Accounting.AccountCodeValidationTests.ValidateAccountCode_ShouldReturnFalse_ForInvalidAccountCodes(accountCode: "5111") [< 1 ms]
[xUnit.net 00:00:07.38]     VanAn.Core.Tests.Infrastructure.Reposi
tories.AccountingEntryRepositoryTests.Should_Protect_ReversalEntry
Id_From_Modification [FAIL]
[xUnit.net 00:00:07.38]       System.InvalidOperationException : Failed to add accounting entry e1f29458-c46b-488c-831e-aad463ab2e35 to database
[xUnit.net 00:00:07.38]       ---- System.InvalidCastException : Object must implement IConvertible.
[xUnit.net 00:00:07.38]       Stack Trace:
[xUnit.net 00:00:07.38]         C:\VibeCoding\Gemini_Windsurf\3_CoreHub\Repositories\AccountingEntryRepository.cs(191,0): at VanAn.CoreHub.Repositories.AccountingEntryRepository.AddAsync(AccountingEntry entry, CancellationToken cancellationToken)
[xUnit.net 00:00:07.38]         c:\VibeCoding\Gemini_Windsurf\6_Tests\VanAn.Core.Tests\Infrastructure\Repositories\AccountingEntryRepositoryTests.cs(180,0): at VanAn.Core.Tests.Infrastructure.Repositories.AccountingEntryRepositoryTests.Should_Protect_ReversalEntryId_From_Modification()
[xUnit.net 00:00:07.38]         --- End of stack trace from previous location ---
[xUnit.net 00:00:07.38]         ----- Inner Stack Trace -----
[xUnit.net 00:00:07.38]            at System.Convert.ChangeType(Object value, Type conversionType, IFormatProvider provider)
[xUnit.net 00:00:07.38]            at Microsoft.EntityFrameworkCore.Storage.ValueConversion.ValueConverter`2.Sanitize[T](Object value)
[xUnit.net 00:00:07.38]            at Microsoft.EntityFrameworkCore.Storage.ValueConversion.ValueConverter`2.<>c__DisplayClass6_0`2.<SanitizeConverter>b__1(Object v)
[xUnit.net 00:00:07.38]            at Microsoft.EntityFrameworkCore.Storage.RelationalTypeMapping.GenerateSqlLiteral(Object value)
[xUnit.net 00:00:07.38]            at Microsoft.EntityFrameworkCore.Query.QuerySqlGenerator.VisitSqlConstant(SqlConstantExpression sqlConstantExpression)
[xUnit.net 00:00:07.38]            at Microsoft.EntityFrameworkCore.Query.SqlExpressionVisitor.VisitExtension(Expression extensionExpression)
[xUnit.net 00:00:07.38]            at Microsoft.EntityFrameworkCore.Sqlite.Query.Internal.SqliteQuerySqlGenerator.VisitExtension(Expression extensionExpression)
[xUnit.net 00:00:07.38]            at Microsoft.EntityFrameworkCore.Query.QuerySqlGenerator.VisitSqlBinary(SqlBinaryExpression sqlBinaryExpression)
[xUnit.net 00:00:07.38]            at Microsoft.EntityFrameworkCore.Query.SqlExpressionVisitor.VisitExtension(Expression extensionExpression)
[xUnit.net 00:00:07.38]            at Microsoft.EntityFrameworkCore.Sqlite.Query.Internal.SqliteQuerySqlGenerator.VisitExtension(Expression extensionExpression)
[xUnit.net 00:00:07.38]            at Microsoft.EntityFrameworkCore.Query.QuerySqlGenerator.VisitSqlBinary(SqlBinaryExpression sqlBinaryExpression)
[xUnit.net 00:00:07.38]            at Microsoft.EntityFrameworkCore.Query.SqlExpressionVisitor.VisitExtension(Expression extensionExpression)
[xUnit.net 00:00:07.38]            at Microsoft.EntityFrameworkCore.Sqlite.Query.Internal.SqliteQuerySqlGenerator.VisitExtension(Expression extensionExpression)
[xUnit.net 00:00:07.38]            at Microsoft.EntityFrameworkCore.Query.QuerySqlGenerator.VisitSelect(SelectExpression selectExpression)
[xUnit.net 00:00:07.38]            at Microsoft.EntityFrameworkCore.Query.QuerySqlGenerator.GenerateRootCommand(Expression queryExpression)
[xUnit.net 00:00:07.38]            at Microsoft.EntityFrameworkCore.Query.QuerySqlGenerator.GetCommand(Expression queryExpression)
[xUnit.net 00:00:07.39]            at Microsoft.EntityFrameworkCore.Query.Internal.RelationalCommandCache.GetRelationalCommandTemplate(IReadOnlyDictionary`2 parameters)
[xUnit.net 00:00:07.39]            at Microsoft.EntityFrameworkCore.Internal.RelationCommandCacheExtensions.RentAndPopulateRelationalCommand(RelationalCommandCache relationalCommandCache, RelationalQueryContext queryContext)
[xUnit.net 00:00:07.39]            at Microsoft.EntityFrameworkCore.Query.Internal.SingleQueryingEnumerable`1.AsyncEnumerator.InitializeReaderAsync(AsyncEnumerator enumerator, CancellationToken cancellationToken)
[xUnit.net 00:00:07.39]            at Microsoft.EntityFrameworkCore.Query.Internal.SingleQueryingEnumerable`1.AsyncEnumerator.MoveNextAsync()
[xUnit.net 00:00:07.39]            at Microsoft.EntityFrameworkCore.Query.ShapedQueryCompilingExpressionVisitor.SingleOrDefaultAsync[TSource](IAsyncEnumerable`1 asyncEnumerable, CancellationToken cancellationToken)
[xUnit.net 00:00:07.39]            at Microsoft.EntityFrameworkCore.Query.ShapedQueryCompilingExpressionVisitor.SingleOrDefaultAsync[TSource](IAsyncEnumerable`1 asyncEnumerable, CancellationToken cancellationToken)
[xUnit.net 00:00:07.39]         C:\VibeCoding\Gemini_Windsurf\3_CoreHub\Repositories\AccountingEntryRepository.cs(167,0): at VanAn.CoreHub.Repositories.AccountingEntryRepository.AddAsync(AccountingEntry entry, CancellationToken cancellationToken)
[xUnit.net 00:00:07.46]     VanAn.Core.Tests.CustomerServiceTests.
GetOrCreateCustomerByDeviceIdAsync_WithMultipleCalls_ReturnsSameCu
stomer [FAIL]
[xUnit.net 00:00:07.46]       System.InvalidCastException : Object must implement IConvertible.
[xUnit.net 00:00:07.47]       Stack Trace:
[xUnit.net 00:00:07.47]            at System.Convert.ChangeType(Object value, Type conversionType, IFormatProvider provider)
[xUnit.net 00:00:07.47]            at Microsoft.EntityFrameworkCore.Storage.ValueConversion.ValueConverter`2.Sanitize[T](Object value)
[xUnit.net 00:00:07.47]            at Microsoft.EntityFrameworkCore.Storage.ValueConversion.ValueConverter`2.<>c__DisplayClass6_0`2.<SanitizeConverter>b__1(Object v)
[xUnit.net 00:00:07.47]            at Microsoft.EntityFrameworkCore.Storage.RelationalTypeMapping.CreateParameter(DbCommand command, String name, Object value, Nullable`1 nullable, ParameterDirection direction)
[xUnit.net 00:00:07.47]            at Microsoft.EntityFrameworkCore.Storage.Internal.TypeMappedRelationalParameter.AddDbParameter(DbCommand command, Object value)
[xUnit.net 00:00:07.47]            at Microsoft.EntityFrameworkCore.Storage.Internal.RelationalParameterBase.AddDbParameter(DbCommand command, IReadOnlyDictionary`2 parameterValues)
[xUnit.net 00:00:07.47]            at Microsoft.EntityFrameworkCore.Storage.RelationalCommand.CreateDbCommand(RelationalCommandParameterObject parameterObject, Guid commandId, DbCommandMethod commandMethod)
[xUnit.net 00:00:07.47]            at Microsoft.EntityFrameworkCore.Storage.RelationalCommand.ExecuteReaderAsync(RelationalCommandParameterObject parameterObject, CancellationToken cancellationToken)
[xUnit.net 00:00:07.47]            at Microsoft.EntityFrameworkCore.Query.Internal.SingleQueryingEnumerable`1.AsyncEnumerator.InitializeReaderAsync(AsyncEnumerator enumerator, CancellationToken cancellationToken)
[xUnit.net 00:00:07.47]            at Microsoft.EntityFrameworkCore.Query.Internal.SingleQueryingEnumerable`1.AsyncEnumerator.MoveNextAsync()
[xUnit.net 00:00:07.48]            at Microsoft.EntityFrameworkCore.Query.ShapedQueryCompilingExpressionVisitor.SingleOrDefaultAsync[TSource](IAsyncEnumerable`1 asyncEnumerable, CancellationToken cancellationToken)
[xUnit.net 00:00:07.48]            at Microsoft.EntityFrameworkCore.Query.ShapedQueryCompilingExpressionVisitor.SingleOrDefaultAsync[TSource](IAsyncEnumerable`1 asyncEnumerable, CancellationToken cancellationToken)
[xUnit.net 00:00:07.48]         C:\VibeCoding\Gemini_Windsurf\3_CoreHub\Infrastructure\Repositories\CustomerRepository.cs(37,0): at VanAn.CoreHub.Infrastructure.Repositories.CustomerRepository.GetByDeviceIdAsync(Guid deviceId)
[xUnit.net 00:00:07.48]         C:\VibeCoding\Gemini_Windsurf\3_CoreHub\Services\CustomerService.cs(29,0): at VanAn.CoreHub.Services.CustomerService.GetCustomerByDeviceIdAsync(Guid deviceId)
[xUnit.net 00:00:07.48]         C:\VibeCoding\Gemini_Windsurf\3_CoreHub\Services\CustomerService.cs(57,0): at VanAn.CoreHub.Services.CustomerService.GetOrCreateCustomerByDeviceIdAsync(Guid deviceId, String displayName)
[xUnit.net 00:00:07.48]         c:\VibeCoding\Gemini_Windsurf\6_Tests\VanAn.Core.Tests\CustomerServiceTests.cs(53,0): at VanAn.Core.Tests.CustomerServiceTests.GetOrCreateCustomerByDeviceIdAsync_WithMultipleCalls_ReturnsSameCustomer()
[xUnit.net 00:00:07.48]         --- End of stack trace from previous location ---
[xUnit.net 00:00:07.48]       Output:
[xUnit.net 00:00:07.48]         [CustomerServiceTests] Test class initialized
[xUnit.net 00:00:07.48]         [CustomerServiceTests] CustomerService created successfully
  Passed VanAn.Core.Tests.Accounting.AccountCodeValidationTests.ValidateAccountCode_ShouldReturnFalse_ForInvalidAccountCodes(accountCode: "51") [< 1 ms]
  Passed VanAn.Core.Tests.Accounting.AccountCodeValidationTests.GetAccountType_ShouldReturnExpense_For6xxCodes [< 1 ms]
  Passed VanAn.Core.Tests.Formula.ProductionFormulaEngineTests.Evaluate_MissingPeriodContext_ThrowsException [32 ms]
  Failed VanAn.Core.Tests.Infrastructure.Repositories.AccountingEntryRepositoryTests.Should_Protect_ReversalEntryId_From_Modification [381 ms]
  Error Message:
   System.InvalidOperationException : Failed to add accounting entry e1f29458-c46b-488c-831e-aad463ab2e35 to database
---- System.InvalidCastException : Object must implement IConvertible.
  Stack Trace:
     at VanAn.CoreHub.Repositories.AccountingEntryRepository.AddAsync(AccountingEntry entry, CancellationToken cancellationToken) in C:\VibeCoding\Gemini_Windsurf\3_CoreHub\Repositories\AccountingEntryRepository.cs:line 191
   at VanAn.Core.Tests.Infrastructure.Repositories.AccountingEntryRepositoryTests.Should_Protect_ReversalEntryId_From_Modification() in c:\VibeCoding\Gemini_Windsurf\6_Tests\VanAn.Core.Tests\Infrastructure\Repositories\AccountingEntryRepositoryTests.cs:line 180
--- End of stack trace from previous location ---
----- Inner Stack Trace -----
   at System.Convert.ChangeType(Object value, Type conversionType, IFormatProvider provider)
   at Microsoft.EntityFrameworkCore.Storage.ValueConversion.ValueConverter`2.Sanitize[T](Object value)
   at Microsoft.EntityFrameworkCore.Storage.ValueConversion.ValueConverter`2.<>c__DisplayClass6_0`2.<SanitizeConverter>b__1(Object v)
   at Microsoft.EntityFrameworkCore.Storage.RelationalTypeMapping.GenerateSqlLiteral(Object value)
   at Microsoft.EntityFrameworkCore.Query.QuerySqlGenerator.VisitSqlConstant(SqlConstantExpression sqlConstantExpression)
   at Microsoft.EntityFrameworkCore.Query.SqlExpressionVisitor.VisitExtension(Expression extensionExpression)
   at Microsoft.EntityFrameworkCore.Sqlite.Query.Internal.SqliteQuerySqlGenerator.VisitExtension(Expression extensionExpression)
   at Microsoft.EntityFrameworkCore.Query.QuerySqlGenerator.VisitSqlBinary(SqlBinaryExpression sqlBinaryExpression)
   at Microsoft.EntityFrameworkCore.Query.SqlExpressionVisitor.VisitExtension(Expression extensionExpression)
   at Microsoft.EntityFrameworkCore.Sqlite.Query.Internal.SqliteQuerySqlGenerator.VisitExtension(Expression extensionExpression)
   at Microsoft.EntityFrameworkCore.Query.QuerySqlGenerator.VisitSqlBinary(SqlBinaryExpression sqlBinaryExpression)
   at Microsoft.EntityFrameworkCore.Query.SqlExpressionVisitor.VisitExtension(Expression extensionExpression)
   at Microsoft.EntityFrameworkCore.Sqlite.Query.Internal.SqliteQuerySqlGenerator.VisitExtension(Expression extensionExpression)
   at Microsoft.EntityFrameworkCore.Query.QuerySqlGenerator.VisitSelect(SelectExpression selectExpression)
   at Microsoft.EntityFrameworkCore.Query.QuerySqlGenerator.GenerateRootCommand(Expression queryExpression)
   at Microsoft.EntityFrameworkCore.Query.QuerySqlGenerator.GetCommand(Expression queryExpression)
   at Microsoft.EntityFrameworkCore.Query.Internal.RelationalCommandCache.GetRelationalCommandTemplate(IReadOnlyDictionary`2 parameters)
   at Microsoft.EntityFrameworkCore.Internal.RelationCommandCacheExtensions.RentAndPopulateRelationalCommand(RelationalCommandCache relationalCommandCache, RelationalQueryContext queryContext)
   at Microsoft.EntityFrameworkCore.Query.Internal.SingleQueryingEnumerable`1.AsyncEnumerator.InitializeReaderAsync(AsyncEnumerator enumerator, CancellationToken cancellationToken)
   at Microsoft.EntityFrameworkCore.Query.Internal.SingleQueryingEnumerable`1.AsyncEnumerator.MoveNextAsync()
   at Microsoft.EntityFrameworkCore.Query.ShapedQueryCompilingExpressionVisitor.SingleOrDefaultAsync[TSource](IAsyncEnumerable`1 asyncEnumerable, CancellationToken cancellationToken)
   at Microsoft.EntityFrameworkCore.Query.ShapedQueryCompilingExpressionVisitor.SingleOrDefaultAsync[TSource](IAsyncEnumerable`1 asyncEnumerable, CancellationToken cancellationToken)
   at VanAn.CoreHub.Repositories.AccountingEntryRepository.AddAsync(AccountingEntry entry, CancellationToken cancellationToken) in C:\VibeCoding\Gemini_Windsurf\3_CoreHub\Repositories\AccountingEntryRepository.cs:line 167
  Passed VanAn.Core.Tests.Formula.ProductionFormulaEngineTests.Evaluate_SumAccountFormula_ReturnsCorrectValue [58 ms]
  Passed VanAn.Core.Tests.Formula.ProductionFormulaEngineTests.ValidateFormula_ValidBalanceAccount_ReturnsTrue [7 ms]
  Passed VanAn.Core.Tests.Formula.ProductionFormulaEngineTests.Evaluate_MissingVariable_ThrowsException [3 ms]
  Failed VanAn.Core.Tests.CustomerServiceTests.GetOrCreateCustomerByDeviceIdAsync_WithMultipleCalls_ReturnsSameCustomer [6 ms]
  Error Message:
   System.InvalidCastException : Object must implement IConvertible.
  Stack Trace:
     at System.Convert.ChangeType(Object value, Type conversionType, IFormatProvider provider)
   at Microsoft.EntityFrameworkCore.Storage.ValueConversion.ValueConverter`2.Sanitize[T](Object value)
   at Microsoft.EntityFrameworkCore.Storage.ValueConversion.ValueConverter`2.<>c__DisplayClass6_0`2.<SanitizeConverter>b__1(Object v)
   at Microsoft.EntityFrameworkCore.Storage.RelationalTypeMapping.CreateParameter(DbCommand command, String name, Object value, Nullable`1 nullable, ParameterDirection direction)
   at Microsoft.EntityFrameworkCore.Storage.Internal.TypeMappedRelationalParameter.AddDbParameter(DbCommand command, Object value)
   at Microsoft.EntityFrameworkCore.Storage.Internal.RelationalParameterBase.AddDbParameter(DbCommand command, IReadOnlyDictionary`2 parameterValues)
   at Microsoft.EntityFrameworkCore.Storage.RelationalCommand.CreateDbCommand(RelationalCommandParameterObject parameterObject, Guid commandId, DbCommandMethod commandMethod)
   at Microsoft.EntityFrameworkCore.Storage.RelationalCommand.ExecuteReaderAsync(RelationalCommandParameterObject parameterObject, CancellationToken cancellationToken)
   at Microsoft.EntityFrameworkCore.Query.Internal.SingleQueryingEnumerable`1.AsyncEnumerator.InitializeReaderAsync(AsyncEnumerator enumerator, CancellationToken cancellationToken)
   at Microsoft.EntityFrameworkCore.Query.Internal.SingleQueryingEnumerable`1.AsyncEnumerator.MoveNextAsync()
   at Microsoft.EntityFrameworkCore.Query.ShapedQueryCompilingExpressionVisitor.SingleOrDefaultAsync[TSource](IAsyncEnumerable`1 asyncEnumerable, CancellationToken cancellationToken)
   at Microsoft.EntityFrameworkCore.Query.ShapedQueryCompilingExpressionVisitor.SingleOrDefaultAsync[TSource](IAsyncEnumerable`1 asyncEnumerable, CancellationToken cancellationToken)
   at VanAn.CoreHub.Infrastructure.Repositories.CustomerRepository.GetByDeviceIdAsync(Guid deviceId) in C:\VibeCoding\Gemini_Windsurf\3_CoreHub\Infrastructure\Repositories\CustomerRepository.cs:line 37
   at VanAn.CoreHub.Services.CustomerService.GetCustomerByDeviceIdAsync(Guid deviceId) in C:\VibeCoding\Gemini_Windsurf\3_CoreHub\Services\CustomerService.cs:line 29
   at VanAn.CoreHub.Services.CustomerService.GetOrCreateCustomerByDeviceIdAsync(Guid deviceId, String displayName) in C:\VibeCoding\Gemini_Windsurf\3_CoreHub\Services\CustomerService.cs:line 57
   at VanAn.Core.Tests.CustomerServiceTests.GetOrCreateCustomerByDeviceIdAsync_WithMultipleCalls_ReturnsSameCustomer() in c:\VibeCoding\Gemini_Windsurf\6_Tests\VanAn.Core.Tests\CustomerServiceTests.cs:line 53
--- End of stack trace from previous location ---
  Standard Output Messages:
 [CustomerServiceTests] Test class initialized
 [CustomerServiceTests] CustomerService created successfully


  Passed VanAn.Core.Tests.Formula.ProductionFormulaEngineTests.Evaluate_ComplexFormula_ReturnsCorrectValue [29 ms]
  Passed VanAn.Core.Tests.Formula.ProductionFormulaEngineTests.GetDependencies_ArithmeticFormula_ReturnsCorrectDependencies [8 ms]
  Passed VanAn.Core.Tests.Formula.ProductionFormulaEngineTests.ValidateFormula_ValidVariable_ReturnsTrue [< 1 ms]
  Passed VanAn.Core.Tests.Formula.ProductionFormulaEngineTests.ValidateFormula_ValidPercentage_ReturnsTrue [< 1 ms]
  Passed VanAn.Core.Tests.Formula.ProductionFormulaEngineTests.Evaluate_DirectVariable_ReturnsCorrectValue [19 ms]
  Passed VanAn.Core.Tests.Formula.ProductionFormulaEngineTests.Evaluate_BasicMultiplication_ReturnsCorrectValue [3 ms]
  Passed VanAn.Core.Tests.Formula.ProductionFormulaEngineTests.Evaluate_BasicAddition_ReturnsCorrectValue [< 1 ms]
  Passed VanAn.Core.Tests.Formula.ProductionFormulaEngineTests.ValidateFormula_ValidRatio_ReturnsTrue [1 ms]
[xUnit.net 00:00:07.54]     VanAn.Core.Tests.Services.HKDTaxReport
ingServiceTests.GetReportFormatsAsync_S2dHKD_ShouldReturnInventory
Formats [FAIL]
[xUnit.net 00:00:07.54]       Assert.Contains() Failure: Filter not matched in collection
[xUnit.net 00:00:07.54]       Collection: [ReportFormat { FormatId = PDF, FormatName = PDF Format, FormatType = Inventory, Extension = .pdf, MimeType = application/pdf, IsStandard = True, SupportedBookTypes = System.Collections.Generic.List`1[System.String], FormatOptions = System.Collections.Generic.Dictionary`2[System.String,System.String] }, ReportFormat { FormatId = EXCEL, FormatName = Excel Format, FormatType = Inventory, Extension = .xlsx, MimeType = application/vnd.openxmlformats-officedocument.spreadsheetml.sheet, IsStandard = True, SupportedBookTypes = System.Collections.Generic.List`1[System.String], FormatOptions = System.Collections.Generic.Dictionary`2[System.String,System.String] }, ReportFormat { FormatId = XML, FormatName = XML Format, FormatType = Inventory, Extension = .xml, MimeType = application/xml, IsStandard = True, SupportedBookTypes = System.Collections.Generic.List`1[System.String], FormatOptions = System.Collections.Generic.Dictionary`2[System.String,System.String] }, ReportFormat { FormatId = CSV, FormatName = CSV Format, FormatType = Inventory, Extension = .csv, MimeType = text/csv, IsStandard = True, SupportedBookTypes = System.Collections.Generic.List`1[System.String], FormatOptions = System.Collections.Generic.Dictionary`2[System.String,System.String] }, ReportFormat { FormatId = JSON, FormatName = JSON Format, FormatType = Inventory, Extension = .json, MimeType = application/json, IsStandard = False, SupportedBookTypes = System.Collections.Generic.List`1[System.String], FormatOptions = System.Collections.Generic.Dictionary`2[System.String,System.String] }]
[xUnit.net 00:00:07.54]       Stack Trace:
[xUnit.net 00:00:07.59]         c:\VibeCoding\Gemini_Windsurf\6_Tests\VanAn.Core.Tests\Services\HKDTaxReportingServiceTests.cs(241,0): at VanAn.Core.Tests.Services.HKDTaxReportingServiceTests.GetReportFormatsAsync_S2dHKD_ShouldReturnInventoryFormats()
[xUnit.net 00:00:07.59]         --- End of stack trace from previous location ---
[xUnit.net 00:00:07.60]     VanAn.Core.Tests.Services.HKDTaxReport
ingServiceTests.GetReportFormatsAsync_S2aHKD_ShouldReturnVATAndPIT
Formats [FAIL]
[xUnit.net 00:00:07.60]       Assert.Contains() Failure: Filter not matched in collection
[xUnit.net 00:00:07.60]       Collection: [ReportFormat { FormatId = PDF, FormatName = PDF Format, FormatType = VATAndPIT, Extension = .pdf, MimeType = application/pdf, IsStandard = True, SupportedBookTypes = System.Collections.Generic.List`1[System.String], FormatOptions = System.Collections.Generic.Dictionary`2[System.String,System.String] }, ReportFormat { FormatId = EXCEL, FormatName = Excel Format, FormatType = VATAndPIT, Extension = .xlsx, MimeType = application/vnd.openxmlformats-officedocument.spreadsheetml.sheet, IsStandard = True, SupportedBookTypes = System.Collections.Generic.List`1[System.String], FormatOptions = System.Collections.Generic.Dictionary`2[System.String,System.String] }, ReportFormat { FormatId = XML, FormatName = XML Format, FormatType = VATAndPIT, Extension = .xml, MimeType = application/xml, IsStandard = True, SupportedBookTypes = System.Collections.Generic.List`1[System.String], FormatOptions = System.Collections.Generic.Dictionary`2[System.String,System.String] }, ReportFormat { FormatId = CSV, FormatName = CSV Format, FormatType = VATAndPIT, Extension = .csv, MimeType = text/csv, IsStandard = True, SupportedBookTypes = System.Collections.Generic.List`1[System.String], FormatOptions = System.Collections.Generic.Dictionary`2[System.String,System.String] }, ReportFormat { FormatId = JSON, FormatName = JSON Format, FormatType = VATAndPIT, Extension = .json, MimeType = application/json, IsStandard = False, SupportedBookTypes = System.Collections.Generic.List`1[System.String], FormatOptions = System.Collections.Generic.Dictionary`2[System.String,System.String] }]
[xUnit.net 00:00:07.60]       Stack Trace:
[xUnit.net 00:00:07.60]         c:\VibeCoding\Gemini_Windsurf\6_Tests\VanAn.Core.Tests\Services\HKDTaxReportingServiceTests.cs(115,0): at VanAn.Core.Tests.Services.HKDTaxReportingServiceTests.GetReportFormatsAsync_S2aHKD_ShouldReturnVATAndPITFormats()
[xUnit.net 00:00:07.60]         --- End of stack trace from previous location ---
  Passed VanAn.Core.Tests.Formula.ProductionFormulaEngineTests.ValidateFormula_EmptyFormula_ReturnsFalse [< 1 ms]
  Passed VanAn.Core.Tests.Formula.ProductionFormulaEngineTests.Evaluate_BasicSubtraction_ReturnsCorrectValue [< 1 ms]
  Passed VanAn.Core.Tests.Formula.ProductionFormulaEngineTests.Evaluate_BasicDivision_ReturnsCorrectValue [< 1 ms]
  Failed VanAn.Core.Tests.Services.HKDTaxReportingServiceTests.GetReportFormatsAsync_S2dHKD_ShouldReturnInventoryFormats [69 ms]
  Error Message:
   Assert.Contains() Failure: Filter not matched in collection
Collection: [ReportFormat { FormatId = PDF, FormatName = PDF Format, FormatType = Inventory, Extension = .pdf, MimeType = application/pdf, IsStandard = True, SupportedBookTypes = System.Collections.Generic.List`1[System.String], FormatOptions = System.Collections.Generic.Dictionary`2[System.String,System.String] }, ReportFormat { FormatId = EXCEL, FormatName = Excel Format, FormatType = Inventory, Extension = .xlsx, MimeType = application/vnd.openxmlformats-officedocument.spreadsheetml.sheet, IsStandard = True, SupportedBookTypes = System.Collections.Generic.List`1[System.String], FormatOptions = System.Collections.Generic.Dictionary`2[System.String,System.String] }, ReportFormat { FormatId = XML, FormatName = XML Format, FormatType = Inventory, Extension = .xml, MimeType = application/xml, IsStandard = True, SupportedBookTypes = System.Collections.Generic.List`1[System.String], FormatOptions = System.Collections.Generic.Dictionary`2[System.String,System.String] }, ReportFormat { FormatId = CSV, FormatName = CSV Format, FormatType = Inventory, Extension = .csv, MimeType = text/csv, IsStandard = True, SupportedBookTypes = System.Collections.Generic.List`1[System.String], FormatOptions = System.Collections.Generic.Dictionary`2[System.String,System.String] }, ReportFormat { FormatId = JSON, FormatName = JSON Format, FormatType = Inventory, Extension = .json, MimeType = application/json, IsStandard = False, SupportedBookTypes = System.Collections.Generic.List`1[System.String], FormatOptions = System.Collections.Generic.Dictionary`2[System.String,System.String] }]
  Stack Trace:
     at VanAn.Core.Tests.Services.HKDTaxReportingServiceTests.GetReportFormatsAsync_S2dHKD_ShouldReturnInventoryFormats() in c:\VibeCoding\Gemini_Windsurf\6_Tests\VanAn.Core.Tests\Services\HKDTaxReportingServiceTests.cs:line 241
--- End of stack trace from previous location ---
  Failed VanAn.Core.Tests.Services.HKDTaxReportingServiceTests.GetReportFormatsAsync_S2aHKD_ShouldReturnVATAndPITFormats [1 ms]
  Error Message:
   Assert.Contains() Failure: Filter not matched in collection
Collection: [ReportFormat { FormatId = PDF, FormatName = PDF Format, FormatType = VATAndPIT, Extension = .pdf, MimeType = application/pdf, IsStandard = True, SupportedBookTypes = System.Collections.Generic.List`1[System.String], FormatOptions = System.Collections.Generic.Dictionary`2[System.String,System.String] }, ReportFormat { FormatId = EXCEL, FormatName = Excel Format, FormatType = VATAndPIT, Extension = .xlsx, MimeType = application/vnd.openxmlformats-officedocument.spreadsheetml.sheet, IsStandard = True, SupportedBookTypes = System.Collections.Generic.List`1[System.String], FormatOptions = System.Collections.Generic.Dictionary`2[System.String,System.String] }, ReportFormat { FormatId = XML, FormatName = XML Format, FormatType = VATAndPIT, Extension = .xml, MimeType = application/xml, IsStandard = True, SupportedBookTypes = System.Collections.Generic.List`1[System.String], FormatOptions = System.Collections.Generic.Dictionary`2[System.String,System.String] }, ReportFormat { FormatId = CSV, FormatName = CSV Format, FormatType = VATAndPIT, Extension = .csv, MimeType = text/csv, IsStandard = True, SupportedBookTypes = System.Collections.Generic.List`1[System.String], FormatOptions = System.Collections.Generic.Dictionary`2[System.String,System.String] }, ReportFormat { FormatId = JSON, FormatName = JSON Format, FormatType = VATAndPIT, Extension = .json, MimeType = application/json, IsStandard = False, SupportedBookTypes = System.Collections.Generic.List`1[System.String], FormatOptions = System.Collections.Generic.Dictionary`2[System.String,System.String] }]
  Stack Trace:
     at VanAn.Core.Tests.Services.HKDTaxReportingServiceTests.GetReportFormatsAsync_S2aHKD_ShouldReturnVATAndPITFormats() in c:\VibeCoding\Gemini_Windsurf\6_Tests\VanAn.Core.Tests\Services\HKDTaxReportingServiceTests.cs:line 115
--- End of stack trace from previous location ---
  Passed VanAn.Core.Tests.Formula.ProductionFormulaEngineTests.Evaluate_RatioDivisionByZero_ThrowsException [16 ms]
  Passed VanAn.Core.Tests.Formula.ProductionFormulaEngineTests.Evaluate_RatioWithAccountPatterns_ReturnsCorrectValue [6 ms]
  Passed VanAn.Core.Tests.Formula.ProductionFormulaEngineTests.Evaluate_BalanceAccountFormula_ReturnsCorrectValue [2 ms]
[xUnit.net 00:00:07.63]     VanAn.Core.Tests.Services.HKDTaxReport
ingServiceTests.GenerateTaxReportAsync_S2cHKD_ShouldReturnRevenueE
xpenseReport [FAIL]
[xUnit.net 00:00:07.64]       Assert.True() Failure
[xUnit.net 00:00:07.64]       Expected: True
[xUnit.net 00:00:07.64]       Actual:   False
[xUnit.net 00:00:07.64]       Stack Trace:
[xUnit.net 00:00:07.64]         c:\VibeCoding\Gemini_Windsurf\6_Tests\VanAn.Core.Tests\Services\HKDTaxReportingServiceTests.cs(182,0): at VanAn.Core.Tests.Services.HKDTaxReportingServiceTests.GenerateTaxReportAsync_S2cHKD_ShouldReturnRevenueExpenseReport()
[xUnit.net 00:00:07.64]         --- End of stack trace from previous location ---
[xUnit.net 00:00:07.64]     VanAn.Core.Tests.Services.HKDTaxReport
ingServiceTests.GetReportFormatsAsync_S2eHKD_ShouldReturnCashFlowF
ormats [FAIL]
[xUnit.net 00:00:07.64]       Assert.Contains() Failure: Filter not matched in collection
[xUnit.net 00:00:07.64]       Collection: [ReportFormat { FormatId = PDF, FormatName = PDF Format, FormatType = CashFlow, Extension = .pdf, MimeType = application/pdf, IsStandard = True, SupportedBookTypes = System.Collections.Generic.List`1[System.String], FormatOptions = System.Collections.Generic.Dictionary`2[System.String,System.String] }, ReportFormat { FormatId = EXCEL, FormatName = Excel Format, FormatType = CashFlow, Extension = .xlsx, MimeType = application/vnd.openxmlformats-officedocument.spreadsheetml.sheet, IsStandard = True, SupportedBookTypes = System.Collections.Generic.List`1[System.String], FormatOptions = System.Collections.Generic.Dictionary`2[System.String,System.String] }, ReportFormat { FormatId = XML, FormatName = XML Format, FormatType = CashFlow, Extension = .xml, MimeType = application/xml, IsStandard = True, SupportedBookTypes = System.Collections.Generic.List`1[System.String], FormatOptions = System.Collections.Generic.Dictionary`2[System.String,System.String] }, ReportFormat { FormatId = CSV, FormatName = CSV Format, FormatType = CashFlow, Extension = .csv, MimeType = text/csv, IsStandard = True, SupportedBookTypes = System.Collections.Generic.List`1[System.String], FormatOptions = System.Collections.Generic.Dictionary`2[System.String,System.String] }, ReportFormat { FormatId = JSON, FormatName = JSON Format, FormatType = CashFlow, Extension = .json, MimeType = application/json, IsStandard = False, SupportedBookTypes = System.Collections.Generic.List`1[System.String], FormatOptions = System.Collections.Generic.Dictionary`2[System.String,System.String] }]
[xUnit.net 00:00:07.64]       Stack Trace:
[xUnit.net 00:00:07.64]         c:\VibeCoding\Gemini_Windsurf\6_Tests\VanAn.Core.Tests\Services\HKDTaxReportingServiceTests.cs(283,0): at VanAn.Core.Tests.Services.HKDTaxReportingServiceTests.GetReportFormatsAsync_S2eHKD_ShouldReturnCashFlowFormats()
[xUnit.net 00:00:07.64]         --- End of stack trace from previous location ---
[xUnit.net 00:00:07.64]     VanAn.Core.Tests.Services.HKDTaxReport
ingServiceTests.ValidateReportFormatAsync_ShouldReturnValidResult 
[FAIL]
[xUnit.net 00:00:07.64]       Assert.True() Failure
[xUnit.net 00:00:07.64]       Expected: True
[xUnit.net 00:00:07.64]       Actual:   False
[xUnit.net 00:00:07.64]       Stack Trace:
[xUnit.net 00:00:07.64]         c:\VibeCoding\Gemini_Windsurf\6_Tests\VanAn.Core.Tests\Services\HKDTaxReportingServiceTests.cs(385,0): at VanAn.Core.Tests.Services.HKDTaxReportingServiceTests.ValidateReportFormatAsync_ShouldReturnValidResult()
[xUnit.net 00:00:07.64]         --- End of stack trace from previous location ---
[xUnit.net 00:00:07.64]     VanAn.Core.Tests.Services.HKDTaxReport
ingServiceTests.GetReportFormatsAsync_S2bHKD_ShouldReturnRevenueFo
rmats [FAIL]
[xUnit.net 00:00:07.64]       Assert.Contains() Failure: Filter not matched in collection
[xUnit.net 00:00:07.64]       Collection: [ReportFormat { FormatId = PDF, FormatName = PDF Format, FormatType = RevenueOnly, Extension = .pdf, MimeType = application/pdf, IsStandard = True, SupportedBookTypes = System.Collections.Generic.List`1[System.String], FormatOptions = System.Collections.Generic.Dictionary`2[System.String,System.String] }, ReportFormat { FormatId = EXCEL, FormatName = Excel Format, FormatType = RevenueOnly, Extension = .xlsx, MimeType = application/vnd.openxmlformats-officedocument.spreadsheetml.sheet, IsStandard = True, SupportedBookTypes = System.Collections.Generic.List`1[System.String], FormatOptions = System.Collections.Generic.Dictionary`2[System.String,System.String] }, ReportFormat { FormatId = XML, FormatName = XML Format, FormatType = RevenueOnly, Extension = .xml, MimeType = application/xml, IsStandard = True, SupportedBookTypes = System.Collections.Generic.List`1[System.String], FormatOptions = System.Collections.Generic.Dictionary`2[System.String,System.String] }, ReportFormat { FormatId = CSV, FormatName = CSV Format, FormatType = RevenueOnly, Extension = .csv, MimeType = text/csv, IsStandard = True, SupportedBookTypes = System.Collections.Generic.List`1[System.String], FormatOptions = System.Collections.Generic.Dictionary`2[System.String,System.String] }, ReportFormat { FormatId = JSON, FormatName = JSON Format, FormatType = RevenueOnly, Extension = .json, MimeType = application/json, IsStandard = False, SupportedBookTypes = System.Collections.Generic.List`1[System.String], FormatOptions = System.Collections.Generic.Dictionary`2[System.String,System.String] }]
[xUnit.net 00:00:07.64]       Stack Trace:
[xUnit.net 00:00:07.64]         c:\VibeCoding\Gemini_Windsurf\6_Tests\VanAn.Core.Tests\Services\HKDTaxReportingServiceTests.cs(156,0): at VanAn.Core.Tests.Services.HKDTaxReportingServiceTests.GetReportFormatsAsync_S2bHKD_ShouldReturnRevenueFormats()
[xUnit.net 00:00:07.64]         --- End of stack trace from previous location ---
[xUnit.net 00:00:07.64]     VanAn.Core.Tests.Services.HKDTaxReport
ingServiceTests.GetReportFormatsAsync_S3aHKD_ShouldReturnSpecialTa
xFormats [FAIL]
[xUnit.net 00:00:07.64]       Assert.Contains() Failure: Filter not matched in collection
[xUnit.net 00:00:07.64]       Collection: [ReportFormat { FormatId = PDF, FormatName = PDF Format, FormatType = SpecialTax, Extension = .pdf, MimeType = application/pdf, IsStandard = True, SupportedBookTypes = System.Collections.Generic.List`1[System.String], FormatOptions = System.Collections.Generic.Dictionary`2[System.String,System.String] }, ReportFormat { FormatId = EXCEL, FormatName = Excel Format, FormatType = SpecialTax, Extension = .xlsx, MimeType = application/vnd.openxmlformats-officedocument.spreadsheetml.sheet, IsStandard = True, SupportedBookTypes = System.Collections.Generic.List`1[System.String], FormatOptions = System.Collections.Generic.Dictionary`2[System.String,System.String] }, ReportFormat { FormatId = XML, FormatName = XML Format, FormatType = SpecialTax, Extension = .xml, MimeType = application/xml, IsStandard = True, SupportedBookTypes = System.Collections.Generic.List`1[System.String], FormatOptions = System.Collections.Generic.Dictionary`2[System.String,System.String] }, ReportFormat { FormatId = CSV, FormatName = CSV Format, FormatType = SpecialTax, Extension = .csv, MimeType = text/csv, IsStandard = True, SupportedBookTypes = System.Collections.Generic.List`1[System.String], FormatOptions = System.Collections.Generic.Dictionary`2[System.String,System.String] }]
[xUnit.net 00:00:07.64]       Stack Trace:
[xUnit.net 00:00:07.64]         c:\VibeCoding\Gemini_Windsurf\6_Tests\VanAn.Core.Tests\Services\HKDTaxReportingServiceTests.cs(324,0): at VanAn.Core.Tests.Services.HKDTaxReportingServiceTests.GetReportFormatsAsync_S3aHKD_ShouldReturnSpecialTaxFormats()
[xUnit.net 00:00:07.64]         --- End of stack trace from previous location ---
  Passed VanAn.Core.Tests.Formula.ProductionFormulaEngineTests.Evaluate_MissingTenantContext_ThrowsException [< 1 ms]
  Failed VanAn.Core.Tests.Services.HKDTaxReportingServiceTests.GenerateTaxReportAsync_S2cHKD_ShouldReturnRevenueExpenseReport [20 ms]
  Error Message:
   Assert.True() Failure
Expected: True
Actual:   False
  Stack Trace:
     at VanAn.Core.Tests.Services.HKDTaxReportingServiceTests.GenerateTaxReportAsync_S2cHKD_ShouldReturnRevenueExpenseReport() in c:\VibeCoding\Gemini_Windsurf\6_Tests\VanAn.Core.Tests\Services\HKDTaxReportingServiceTests.cs:line 182
--- End of stack trace from previous location ---
  Failed VanAn.Core.Tests.Services.HKDTaxReportingServiceTests.GetReportFormatsAsync_S2eHKD_ShouldReturnCashFlowFormats [2 ms]
  Error Message:
   Assert.Contains() Failure: Filter not matched in collection
Collection: [ReportFormat { FormatId = PDF, FormatName = PDF Format, FormatType = CashFlow, Extension = .pdf, MimeType = application/pdf, IsStandard = True, SupportedBookTypes = System.Collections.Generic.List`1[System.String], FormatOptions = System.Collections.Generic.Dictionary`2[System.String,System.String] }, ReportFormat { FormatId = EXCEL, FormatName = Excel Format, FormatType = CashFlow, Extension = .xlsx, MimeType = application/vnd.openxmlformats-officedocument.spreadsheetml.sheet, IsStandard = True, SupportedBookTypes = System.Collections.Generic.List`1[System.String], FormatOptions = System.Collections.Generic.Dictionary`2[System.String,System.String] }, ReportFormat { FormatId = XML, FormatName = XML Format, FormatType = CashFlow, Extension = .xml, MimeType = application/xml, IsStandard = True, SupportedBookTypes = System.Collections.Generic.List`1[System.String], FormatOptions = System.Collections.Generic.Dictionary`2[System.String,System.String] }, ReportFormat { FormatId = CSV, FormatName = CSV Format, FormatType = CashFlow, Extension = .csv, MimeType = text/csv, IsStandard = True, SupportedBookTypes = System.Collections.Generic.List`1[System.String], FormatOptions = System.Collections.Generic.Dictionary`2[System.String,System.String] }, ReportFormat { FormatId = JSON, FormatName = JSON Format, FormatType = CashFlow, Extension = .json, MimeType = application/json, IsStandard = False, SupportedBookTypes = System.Collections.Generic.List`1[System.String], FormatOptions = System.Collections.Generic.Dictionary`2[System.String,System.String] }]
  Stack Trace:
     at VanAn.Core.Tests.Services.HKDTaxReportingServiceTests.GetReportFormatsAsync_S2eHKD_ShouldReturnCashFlowFormats() in c:\VibeCoding\Gemini_Windsurf\6_Tests\VanAn.Core.Tests\Services\HKDTaxReportingServiceTests.cs:line 283
--- End of stack trace from previous location ---
  Passed VanAn.Core.Tests.Formula.ProductionFormulaEngineTests.Evaluate_DivisionByZero_ThrowsException [14 ms]
  Failed VanAn.Core.Tests.Services.HKDTaxReportingServiceTests.ValidateReportFormatAsync_ShouldReturnValidResult [14 ms]
  Error Message:
   Assert.True() Failure
Expected: True
Actual:   False
  Stack Trace:
     at VanAn.Core.Tests.Services.HKDTaxReportingServiceTests.ValidateReportFormatAsync_ShouldReturnValidResult() in c:\VibeCoding\Gemini_Windsurf\6_Tests\VanAn.Core.Tests\Services\HKDTaxReportingServiceTests.cs:line 385
--- End of stack trace from previous location ---
  Failed VanAn.Core.Tests.Services.HKDTaxReportingServiceTests.GetReportFormatsAsync_S2bHKD_ShouldReturnRevenueFormats [1 ms]
  Error Message:
   Assert.Contains() Failure: Filter not matched in collection
Collection: [ReportFormat { FormatId = PDF, FormatName = PDF Format, FormatType = RevenueOnly, Extension = .pdf, MimeType = application/pdf, IsStandard = True, SupportedBookTypes = System.Collections.Generic.List`1[System.String], FormatOptions = System.Collections.Generic.Dictionary`2[System.String,System.String] }, ReportFormat { FormatId = EXCEL, FormatName = Excel Format, FormatType = RevenueOnly, Extension = .xlsx, MimeType = application/vnd.openxmlformats-officedocument.spreadsheetml.sheet, IsStandard = True, SupportedBookTypes = System.Collections.Generic.List`1[System.String], FormatOptions = System.Collections.Generic.Dictionary`2[System.String,System.String] }, ReportFormat { FormatId = XML, FormatName = XML Format, FormatType = RevenueOnly, Extension = .xml, MimeType = application/xml, IsStandard = True, SupportedBookTypes = System.Collections.Generic.List`1[System.String], FormatOptions = System.Collections.Generic.Dictionary`2[System.String,System.String] }, ReportFormat { FormatId = CSV, FormatName = CSV Format, FormatType = RevenueOnly, Extension = .csv, MimeType = text/csv, IsStandard = True, SupportedBookTypes = System.Collections.Generic.List`1[System.String], FormatOptions = System.Collections.Generic.Dictionary`2[System.String,System.String] }, ReportFormat { FormatId = JSON, FormatName = JSON Format, FormatType = RevenueOnly, Extension = .json, MimeType = application/json, IsStandard = False, SupportedBookTypes = System.Collections.Generic.List`1[System.String], FormatOptions = System.Collections.Generic.Dictionary`2[System.String,System.String] }]
  Stack Trace:
     at VanAn.Core.Tests.Services.HKDTaxReportingServiceTests.GetReportFormatsAsync_S2bHKD_ShouldReturnRevenueFormats() in c:\VibeCoding\Gemini_Windsurf\6_Tests\VanAn.Core.Tests\Services\HKDTaxReportingServiceTests.cs:line 156
--- End of stack trace from previous location ---
  Failed VanAn.Core.Tests.Services.HKDTaxReportingServiceTests.GetReportFormatsAsync_S3aHKD_ShouldReturnSpecialTaxFormats [2 ms]
  Error Message:
   Assert.Contains() Failure: Filter not matched in collection
Collection: [ReportFormat { FormatId = PDF, FormatName = PDF Format, FormatType = SpecialTax, Extension = .pdf, MimeType = application/pdf, IsStandard = True, SupportedBookTypes = System.Collections.Generic.List`1[System.String], FormatOptions = System.Collections.Generic.Dictionary`2[System.String,System.String] }, ReportFormat { FormatId = EXCEL, FormatName = Excel Format, FormatType = SpecialTax, Extension = .xlsx, MimeType = application/vnd.openxmlformats-officedocument.spreadsheetml.sheet, IsStandard = True, SupportedBookTypes = System.Collections.Generic.List`1[System.String], FormatOptions = System.Collections.Generic.Dictionary`2[System.String,System.String] }, ReportFormat { FormatId = XML, FormatName = XML Format, FormatType = SpecialTax, Extension = .xml, MimeType = application/xml, IsStandard = True, SupportedBookTypes = System.Collections.Generic.List`1[System.String], FormatOptions = System.Collections.Generic.Dictionary`2[System.String,System.String] }, ReportFormat { FormatId = CSV, FormatName = CSV Format, FormatType = SpecialTax, Extension = .csv, MimeType = text/csv, IsStandard = True, SupportedBookTypes = System.Collections.Generic.List`1[System.String], FormatOptions = System.Collections.Generic.Dictionary`2[System.String,System.String] }]
  Stack Trace:
     at VanAn.Core.Tests.Services.HKDTaxReportingServiceTests.GetReportFormatsAsync_S3aHKD_ShouldReturnSpecialTaxFormats() in c:\VibeCoding\Gemini_Windsurf\6_Tests\VanAn.Core.Tests\Services\HKDTaxReportingServiceTests.cs:line 324
--- End of stack trace from previous location ---
  Passed VanAn.Core.Tests.Formula.ProductionFormulaEngineTests.Evaluate_PercentageWithAccountPatterns_ReturnsCorrectValue [11 ms]
[xUnit.net 00:00:07.64]     VanAn.Core.Tests.Services.HKDTaxReport
ingServiceTests.GenerateTaxReportAsync_S2aHKD_ShouldReturnVATAndPI
TReport [FAIL]
[xUnit.net 00:00:07.64]       Assert.True() Failure
[xUnit.net 00:00:07.64]       Expected: True
[xUnit.net 00:00:07.64]       Actual:   False
[xUnit.net 00:00:07.64]       Stack Trace:
[xUnit.net 00:00:07.64]         c:\VibeCoding\Gemini_Windsurf\6_Tests\VanAn.Core.Tests\Services\HKDTaxReportingServiceTests.cs(96,0): at VanAn.Core.Tests.Services.HKDTaxReportingServiceTests.GenerateTaxReportAsync_S2aHKD_ShouldReturnVATAndPITReport()
[xUnit.net 00:00:07.64]         --- End of stack trace from previous location ---
  Passed VanAn.Core.Tests.Formula.ProductionFormulaEngineTests.GetDependencies_DirectVariable_ReturnsCorrectDependencies [< 1 ms]
  Passed VanAn.Core.Tests.Formula.ProductionFormulaEngineTests.GetDependencies_PercentageFormula_ReturnsCorrectDependencies [< 1 ms]
  Passed VanAn.Core.Tests.Formula.ProductionFormulaEngineTests.ValidateFormula_NullFormula_ReturnsFalse [< 1 ms]
  Passed VanAn.Core.Tests.Formula.ProductionFormulaEngineTests.GetDependencies_BalanceAccountFormula_ReturnsCorrectDependencies [< 1 ms]
  Passed VanAn.Core.Tests.Formula.ProductionFormulaEngineTests.GetDependencies_RatioFormula_ReturnsCorrectDependencies [< 1 ms]
  Passed VanAn.Core.Tests.Formula.ProductionFormulaEngineTests.Evaluate_SumAccountWithPatternFormula_ReturnsCorrectValue [1 ms]
  Failed VanAn.Core.Tests.Services.HKDTaxReportingServiceTests.GenerateTaxReportAsync_S2aHKD_ShouldReturnVATAndPITReport [6 ms]
  Error Message:
   Assert.True() Failure
Expected: True
Actual:   False
  Stack Trace:
     at VanAn.Core.Tests.Services.HKDTaxReportingServiceTests.GenerateTaxReportAsync_S2aHKD_ShouldReturnVATAndPITReport() in c:\VibeCoding\Gemini_Windsurf\6_Tests\VanAn.Core.Tests\Services\HKDTaxReportingServiceTests.cs:line 96
--- End of stack trace from previous location ---
  Passed VanAn.Core.Tests.Formula.ProductionFormulaEngineTests.ValidateFormula_ValidSumAccount_ReturnsTrue [1 ms]
  Passed VanAn.Core.Tests.Formula.ProductionFormulaEngineTests.GetDependencies_SumAccountFormula_ReturnsCorrectDependencies [< 1 ms]
  Passed VanAn.Core.Tests.Formula.ProductionFormulaEngineTests.ValidateFormula_InvalidSumAccountSyntax_ReturnsFalse [< 1 ms]
  Passed VanAn.Core.Tests.Formula.ProductionFormulaEngineTests.GetDependencies_ComplexFormula_ReturnsCorrectDependencies [< 1 ms]
  Passed VanAn.Core.Tests.Formula.ProductionFormulaEngineTests.ValidateFormula_ValidSumAccountWithPattern_ReturnsTrue [< 1 ms]
  Passed VanAn.Core.Tests.Formula.ProductionFormulaEngineTests.Evaluate_RatioFormula_ReturnsCorrectValue [2 ms]
  Passed VanAn.Core.Tests.Services.HKDTaxReportingServiceTests.GenerateTaxReportAsync_S1aHKD_ShouldReturnTaxExemptionReport [5 ms]
  Passed VanAn.Core.Tests.Formula.ProductionFormulaEngineTests.Evaluate_PercentageFormula_ReturnsCorrectValue [1 ms]
  Passed VanAn.Core.Tests.Formula.ProductionFormulaEngineTests.ValidateFormula_InvalidBalanceAccountSyntax_ReturnsFalse [< 1 ms]
[xUnit.net 00:00:07.65]     VanAn.Core.Tests.Services.HKDTaxReport
ingServiceTests.GetReportFormatsAsync_S1aHKD_ShouldReturnTaxExempt
ionFormats [FAIL]
[xUnit.net 00:00:07.65]       Assert.Contains() Failure: Filter not matched in collection
[xUnit.net 00:00:07.65]       Collection: [ReportFormat { FormatId = PDF, FormatName = PDF Format, FormatType = TaxExemption, Extension = .pdf, MimeType = application/pdf, IsStandard = True, SupportedBookTypes = System.Collections.Generic.List`1[System.String], FormatOptions = System.Collections.Generic.Dictionary`2[System.String,System.String] }, ReportFormat { FormatId = EXCEL, FormatName = Excel Format, FormatType = TaxExemption, Extension = .xlsx, MimeType = application/vnd.openxmlformats-officedocument.spreadsheetml.sheet, IsStandard = True, SupportedBookTypes = System.Collections.Generic.List`1[System.String], FormatOptions = System.Collections.Generic.Dictionary`2[System.String,System.String] }, ReportFormat { FormatId = XML, FormatName = XML Format, FormatType = TaxExemption, Extension = .xml, MimeType = application/xml, IsStandard = True, SupportedBookTypes = System.Collections.Generic.List`1[System.String], FormatOptions = System.Collections.Generic.Dictionary`2[System.String,System.String] }, ReportFormat { FormatId = CSV, FormatName = CSV Format, FormatType = TaxExemption, Extension = .csv, MimeType = text/csv, IsStandard = True, SupportedBookTypes = System.Collections.Generic.List`1[System.String], FormatOptions = System.Collections.Generic.Dictionary`2[System.String,System.String] }]
[xUnit.net 00:00:07.65]       Stack Trace:
[xUnit.net 00:00:07.65]         c:\VibeCoding\Gemini_Windsurf\6_Tests\VanAn.Core.Tests\Services\HKDTaxReportingServiceTests.cs(74,0): at VanAn.Core.Tests.Services.HKDTaxReportingServiceTests.GetReportFormatsAsync_S1aHKD_ShouldReturnTaxExemptionFormats()
[xUnit.net 00:00:07.65]         --- End of stack trace from previous location ---
[xUnit.net 00:00:07.68]     VanAn.Core.Tests.Services.HKDTaxReport
ingServiceTests.GenerateTaxReportAsync_S2eHKD_ShouldReturnCashFlow
Report [FAIL]
[xUnit.net 00:00:07.68]       Assert.True() Failure
[xUnit.net 00:00:07.68]       Expected: True
[xUnit.net 00:00:07.68]       Actual:   False
[xUnit.net 00:00:07.68]       Stack Trace:
[xUnit.net 00:00:07.68]         c:\VibeCoding\Gemini_Windsurf\6_Tests\VanAn.Core.Tests\Services\HKDTaxReportingServiceTests.cs(267,0): at VanAn.Core.Tests.Services.HKDTaxReportingServiceTests.GenerateTaxReportAsync_S2eHKD_ShouldReturnCashFlowReport()
[xUnit.net 00:00:07.68]         --- End of stack trace from previous location ---
[xUnit.net 00:00:07.68]     VanAn.Core.Tests.Infrastructure.Sqlite
RetryPolicyTests.ExecuteWithRetryAsync_ShouldRetry_WhenSQLiteBusyE
xception [FAIL]
[xUnit.net 00:00:07.68]       System.Data.SQLite.SQLiteException : database is locked
[xUnit.net 00:00:07.68]       Database is busy
[xUnit.net 00:00:07.68]       Stack Trace:
[xUnit.net 00:00:07.68]         c:\VibeCoding\Gemini_Windsurf\6_Tests\VanAn.Core.Tests\Infrastructure\SqliteRetryPolicyTests.cs(50,0): at VanAn.Core.Tests.Infrastructure.SqliteRetryPolicyTests.<>c__DisplayClass3_0.<ExecuteWithRetryAsync_ShouldRetry_WhenSQLiteBusyException>b__0()
[xUnit.net 00:00:07.68]         c:\VibeCoding\Gemini_Windsurf\5_WebApps\ShopERP\Infrastructure\SqliteRetryPolicy.cs(27,0): at VanAn.ShopERP.Infrastructure.SqliteRetryPolicy.ExecuteWithRetryAsync[T](Func`1 operation, ILogger logger, Int32 maxRetries)
[xUnit.net 00:00:07.68]         c:\VibeCoding\Gemini_Windsurf\6_Tests\VanAn.Core.Tests\Infrastructure\SqliteRetryPolicyTests.cs(56,0): at VanAn.Core.Tests.Infrastructure.SqliteRetryPolicyTests.ExecuteWithRetryAsync_ShouldRetry_WhenSQLiteBusyException()
[xUnit.net 00:00:07.68]         --- End of stack trace from previous location ---
[xUnit.net 00:00:07.68]     VanAn.Core.Tests.Services.HKDTaxReport
ingServiceTests.GenerateTaxReportAsync_S2dHKD_ShouldReturnInventor
yReport [FAIL]
[xUnit.net 00:00:07.68]       Assert.True() Failure
[xUnit.net 00:00:07.68]       Expected: True
[xUnit.net 00:00:07.68]       Actual:   False
[xUnit.net 00:00:07.68]       Stack Trace:
[xUnit.net 00:00:07.68]         c:\VibeCoding\Gemini_Windsurf\6_Tests\VanAn.Core.Tests\Services\HKDTaxReportingServiceTests.cs(222,0): at VanAn.Core.Tests.Services.HKDTaxReportingServiceTests.GenerateTaxReportAsync_S2dHKD_ShouldReturnInventoryReport()
[xUnit.net 00:00:07.68]         --- End of stack trace from previous location ---
  Failed VanAn.Core.Tests.Services.HKDTaxReportingServiceTests.GetReportFormatsAsync_S1aHKD_ShouldReturnTaxExemptionFormats [1 ms]
  Error Message:
   Assert.Contains() Failure: Filter not matched in collection
Collection: [ReportFormat { FormatId = PDF, FormatName = PDF Format, FormatType = TaxExemption, Extension = .pdf, MimeType = application/pdf, IsStandard = True, SupportedBookTypes = System.Collections.Generic.List`1[System.String], FormatOptions = System.Collections.Generic.Dictionary`2[System.String,System.String] }, ReportFormat { FormatId = EXCEL, FormatName = Excel Format, FormatType = TaxExemption, Extension = .xlsx, MimeType = application/vnd.openxmlformats-officedocument.spreadsheetml.sheet, IsStandard = True, SupportedBookTypes = System.Collections.Generic.List`1[System.String], FormatOptions = System.Collections.Generic.Dictionary`2[System.String,System.String] }, ReportFormat { FormatId = XML, FormatName = XML Format, FormatType = TaxExemption, Extension = .xml, MimeType = application/xml, IsStandard = True, SupportedBookTypes = System.Collections.Generic.List`1[System.String], FormatOptions = System.Collections.Generic.Dictionary`2[System.String,System.String] }, ReportFormat { FormatId = CSV, FormatName = CSV Format, FormatType = TaxExemption, Extension = .csv, MimeType = text/csv, IsStandard = True, SupportedBookTypes = System.Collections.Generic.List`1[System.String], FormatOptions = System.Collections.Generic.Dictionary`2[System.String,System.String] }]
  Stack Trace:
     at VanAn.Core.Tests.Services.HKDTaxReportingServiceTests.GetReportFormatsAsync_S1aHKD_ShouldReturnTaxExemptionFormats() in c:\VibeCoding\Gemini_Windsurf\6_Tests\VanAn.Core.Tests\Services\HKDTaxReportingServiceTests.cs:line 74
--- End of stack trace from previous location ---
  Passed VanAn.Core.Tests.Formula.ProductionFormulaEngineTests.Evaluate_PercentageDivisionByZero_ThrowsException [2 ms]
  Passed VanAn.Core.Tests.Formula.ProductionFormulaEngineTests.ValidateFormula_ValidArithmetic_ReturnsTrue [3 ms]
  Passed VanAn.Core.Tests.Infrastructure.SqliteRetryPolicyTests.ExecuteWithRetryAsync_ShouldNotRetry_WhenNonRetryableException [10 ms]
  Failed VanAn.Core.Tests.Services.HKDTaxReportingServiceTests.GenerateTaxReportAsync_S2eHKD_ShouldReturnCashFlowReport [35 ms]
  Error Message:
   Assert.True() Failure
Expected: True
Actual:   False
  Stack Trace:
     at VanAn.Core.Tests.Services.HKDTaxReportingServiceTests.GenerateTaxReportAsync_S2eHKD_ShouldReturnCashFlowReport() in c:\VibeCoding\Gemini_Windsurf\6_Tests\VanAn.Core.Tests\Services\HKDTaxReportingServiceTests.cs:line 267
--- End of stack trace from previous location ---
  Failed VanAn.Core.Tests.Infrastructure.SqliteRetryPolicyTests.ExecuteWithRetryAsync_ShouldRetry_WhenSQLiteBusyException [39 ms]
  Error Message:
   System.Data.SQLite.SQLiteException : database is locked
Database is busy
  Stack Trace:
     at VanAn.Core.Tests.Infrastructure.SqliteRetryPolicyTests.<>c__DisplayClass3_0.<ExecuteWithRetryAsync_ShouldRetry_WhenSQLiteBusyException>b__0() in c:\VibeCoding\Gemini_Windsurf\6_Tests\VanAn.Core.Tests\Infrastructure\SqliteRetryPolicyTests.cs:line 50
   at VanAn.ShopERP.Infrastructure.SqliteRetryPolicy.ExecuteWithRetryAsync[T](Func`1 operation, ILogger logger, Int32 maxRetries) in c:\VibeCoding\Gemini_Windsurf\5_WebApps\ShopERP\Infrastructure\SqliteRetryPolicy.cs:line 27
   at VanAn.Core.Tests.Infrastructure.SqliteRetryPolicyTests.ExecuteWithRetryAsync_ShouldRetry_WhenSQLiteBusyException() in c:\VibeCoding\Gemini_Windsurf\6_Tests\VanAn.Core.Tests\Infrastructure\SqliteRetryPolicyTests.cs:line 56
--- End of stack trace from previous location ---
  Passed VanAn.Core.Tests.Infrastructure.SqliteRetryPolicyTests.ExecuteWithRetryAsync_ShouldSucceed_WhenNoException [1 ms]
  Failed VanAn.Core.Tests.Services.HKDTaxReportingServiceTests.GenerateTaxReportAsync_S2dHKD_ShouldReturnInventoryReport [4 ms]
  Error Message:
   Assert.True() Failure
Expected: True
Actual:   False
  Stack Trace:
     at VanAn.Core.Tests.Services.HKDTaxReportingServiceTests.GenerateTaxReportAsync_S2dHKD_ShouldReturnInventoryReport() in c:\VibeCoding\Gemini_Windsurf\6_Tests\VanAn.Core.Tests\Services\HKDTaxReportingServiceTests.cs:line 222
--- End of stack trace from previous location ---
[xUnit.net 00:00:07.69]     VanAn.Core.Tests.Infrastructure.Reposi
tories.AccountingEntryRepositoryTests.Should_Enforce_Append_Only_B
ehavior [FAIL]
[xUnit.net 00:00:07.69]       System.InvalidOperationException : Failed to add accounting entry 7d836026-aa87-4fca-9f76-2a5c24a43071 to database
[xUnit.net 00:00:07.69]       ---- System.InvalidCastException : Object must implement IConvertible.
[xUnit.net 00:00:07.69]       Stack Trace:
[xUnit.net 00:00:07.69]         C:\VibeCoding\Gemini_Windsurf\3_CoreHub\Repositories\AccountingEntryRepository.cs(191,0): at VanAn.CoreHub.Repositories.AccountingEntryRepository.AddAsync(AccountingEntry entry, CancellationToken cancellationToken)
[xUnit.net 00:00:07.69]         c:\VibeCoding\Gemini_Windsurf\6_Tests\VanAn.Core.Tests\Infrastructure\Repositories\AccountingEntryRepositoryTests.cs(149,0): at VanAn.Core.Tests.Infrastructure.Repositories.AccountingEntryRepositoryTests.Should_Enforce_Append_Only_Behavior()
[xUnit.net 00:00:07.69]         --- End of stack trace from previous location ---
[xUnit.net 00:00:07.69]         ----- Inner Stack Trace -----
[xUnit.net 00:00:07.69]            at System.Convert.ChangeType(Object value, Type conversionType, IFormatProvider provider)
[xUnit.net 00:00:07.69]            at Microsoft.EntityFrameworkCore.Storage.ValueConversion.ValueConverter`2.Sanitize[T](Object value)
[xUnit.net 00:00:07.69]            at Microsoft.EntityFrameworkCore.Storage.ValueConversion.ValueConverter`2.<>c__DisplayClass6_0`2.<SanitizeConverter>b__1(Object v)
[xUnit.net 00:00:07.69]            at Microsoft.EntityFrameworkCore.Storage.RelationalTypeMapping.GenerateSqlLiteral(Object value)
[xUnit.net 00:00:07.69]            at Microsoft.EntityFrameworkCore.Query.QuerySqlGenerator.VisitSqlConstant(SqlConstantExpression sqlConstantExpression)
[xUnit.net 00:00:07.69]            at Microsoft.EntityFrameworkCore.Query.SqlExpressionVisitor.VisitExtension(Expression extensionExpression)
[xUnit.net 00:00:07.69]            at Microsoft.EntityFrameworkCore.Sqlite.Query.Internal.SqliteQuerySqlGenerator.VisitExtension(Expression extensionExpression)
[xUnit.net 00:00:07.69]            at Microsoft.EntityFrameworkCore.Query.QuerySqlGenerator.VisitSqlBinary(SqlBinaryExpression sqlBinaryExpression)
[xUnit.net 00:00:07.69]            at Microsoft.EntityFrameworkCore.Query.SqlExpressionVisitor.VisitExtension(Expression extensionExpression)
[xUnit.net 00:00:07.69]            at Microsoft.EntityFrameworkCore.Sqlite.Query.Internal.SqliteQuerySqlGenerator.VisitExtension(Expression extensionExpression)
[xUnit.net 00:00:07.69]            at Microsoft.EntityFrameworkCore.Query.QuerySqlGenerator.VisitSqlBinary(SqlBinaryExpression sqlBinaryExpression)
[xUnit.net 00:00:07.69]            at Microsoft.EntityFrameworkCore.Query.SqlExpressionVisitor.VisitExtension(Expression extensionExpression)
[xUnit.net 00:00:07.69]            at Microsoft.EntityFrameworkCore.Sqlite.Query.Internal.SqliteQuerySqlGenerator.VisitExtension(Expression extensionExpression)
[xUnit.net 00:00:07.69]            at Microsoft.EntityFrameworkCore.Query.QuerySqlGenerator.VisitSelect(SelectExpression selectExpression)
[xUnit.net 00:00:07.69]            at Microsoft.EntityFrameworkCore.Query.QuerySqlGenerator.GenerateRootCommand(Expression queryExpression)
[xUnit.net 00:00:07.69]            at Microsoft.EntityFrameworkCore.Query.QuerySqlGenerator.GetCommand(Expression queryExpression)
[xUnit.net 00:00:07.69]            at Microsoft.EntityFrameworkCore.Query.Internal.RelationalCommandCache.GetRelationalCommandTemplate(IReadOnlyDictionary`2 parameters)
[xUnit.net 00:00:07.69]            at Microsoft.EntityFrameworkCore.Internal.RelationCommandCacheExtensions.RentAndPopulateRelationalCommand(RelationalCommandCache relationalCommandCache, RelationalQueryContext queryContext)
[xUnit.net 00:00:07.69]            at Microsoft.EntityFrameworkCore.Query.Internal.SingleQueryingEnumerable`1.AsyncEnumerator.InitializeReaderAsync(AsyncEnumerator enumerator, CancellationToken cancellationToken)
[xUnit.net 00:00:07.69]            at Microsoft.EntityFrameworkCore.Query.Internal.SingleQueryingEnumerable`1.AsyncEnumerator.MoveNextAsync()
[xUnit.net 00:00:07.69]            at Microsoft.EntityFrameworkCore.Query.ShapedQueryCompilingExpressionVisitor.SingleOrDefaultAsync[TSource](IAsyncEnumerable`1 asyncEnumerable, CancellationToken cancellationToken)
[xUnit.net 00:00:07.69]            at Microsoft.EntityFrameworkCore.Query.ShapedQueryCompilingExpressionVisitor.SingleOrDefaultAsync[TSource](IAsyncEnumerable`1 asyncEnumerable, CancellationToken cancellationToken)
[xUnit.net 00:00:07.69]         C:\VibeCoding\Gemini_Windsurf\3_CoreHub\Repositories\AccountingEntryRepository.cs(167,0): at VanAn.CoreHub.Repositories.AccountingEntryRepository.AddAsync(AccountingEntry entry, CancellationToken cancellationToken)
[xUnit.net 00:00:07.70]     VanAn.Core.Tests.Infrastructure.Sqlite
RetryPolicyTests.ExecuteWithRetryAsync_ShouldRetry_WhenSQLiteLocke
dException [FAIL]
[xUnit.net 00:00:07.70]       System.Data.SQLite.SQLiteException : database table is locked
[xUnit.net 00:00:07.70]       Database is locked
[xUnit.net 00:00:07.70]       Stack Trace:
[xUnit.net 00:00:07.70]         c:\VibeCoding\Gemini_Windsurf\6_Tests\VanAn.Core.Tests\Infrastructure\SqliteRetryPolicyTests.cs(83,0): at VanAn.Core.Tests.Infrastructure.SqliteRetryPolicyTests.<>c__DisplayClass4_0.<ExecuteWithRetryAsync_ShouldRetry_WhenSQLiteLockedException>b__0()
[xUnit.net 00:00:07.70]         c:\VibeCoding\Gemini_Windsurf\5_WebApps\ShopERP\Infrastructure\SqliteRetryPolicy.cs(27,0): at VanAn.ShopERP.Infrastructure.SqliteRetryPolicy.ExecuteWithRetryAsync[T](Func`1 operation, ILogger logger, Int32 maxRetries)
[xUnit.net 00:00:07.70]         c:\VibeCoding\Gemini_Windsurf\6_Tests\VanAn.Core.Tests\Infrastructure\SqliteRetryPolicyTests.cs(89,0): at VanAn.Core.Tests.Infrastructure.SqliteRetryPolicyTests.ExecuteWithRetryAsync_ShouldRetry_WhenSQLiteLockedException()
[xUnit.net 00:00:07.70]         --- End of stack trace from previous location ---
[xUnit.net 00:00:07.70]     VanAn.Core.Tests.Services.HKDTaxReport
ingServiceTests.ExportTaxReportAsync_ShouldReturnExcelBytes [FAIL]
[xUnit.net 00:00:07.70]       System.ArgumentException : Unsupported format: 
[xUnit.net 00:00:07.70]       Stack Trace:
[xUnit.net 00:00:07.70]         C:\VibeCoding\Gemini_Windsurf\3_CoreHub\Services\HKDTaxReportingService.cs(185,0): at VanAn.CoreHub.Services.HKDTaxReportingService.ExportTaxReportAsync(HKDTaxReport report, ReportFormat format, CancellationToken cancellationToken)
[xUnit.net 00:00:07.70]         c:\VibeCoding\Gemini_Windsurf\6_Tests\VanAn.Core.Tests\Services\HKDTaxReportingServiceTests.cs(342,0): at VanAn.Core.Tests.Services.HKDTaxReportingServiceTests.ExportTaxReportAsync_ShouldReturnExcelBytes()
[xUnit.net 00:00:07.70]         --- End of stack trace from previous location ---
[xUnit.net 00:00:07.70]     VanAn.Core.Tests.Services.HKDTaxReport
ingServiceTests.ExportTaxReportAsync_ShouldReturnCSVBytes [FAIL]
[xUnit.net 00:00:07.70]       System.ArgumentException : Unsupported format: 
[xUnit.net 00:00:07.70]       Stack Trace:
[xUnit.net 00:00:07.70]         C:\VibeCoding\Gemini_Windsurf\3_CoreHub\Services\HKDTaxReportingService.cs(185,0): at VanAn.CoreHub.Services.HKDTaxReportingService.ExportTaxReportAsync(HKDTaxReport report, ReportFormat format, CancellationToken cancellationToken)
[xUnit.net 00:00:07.70]         c:\VibeCoding\Gemini_Windsurf\6_Tests\VanAn.Core.Tests\Services\HKDTaxReportingServiceTests.cs(360,0): at VanAn.Core.Tests.Services.HKDTaxReportingServiceTests.ExportTaxReportAsync_ShouldReturnCSVBytes()
[xUnit.net 00:00:07.70]         --- End of stack trace from previous location ---
  Failed VanAn.Core.Tests.Infrastructure.Repositories.AccountingEntryRepositoryTests.Should_Enforce_Append_Only_Behavior [279 ms]
  Error Message:
   System.InvalidOperationException : Failed to add accounting entry 7d836026-aa87-4fca-9f76-2a5c24a43071 to database
---- System.InvalidCastException : Object must implement IConvertible.
  Stack Trace:
     at VanAn.CoreHub.Repositories.AccountingEntryRepository.AddAsync(AccountingEntry entry, CancellationToken cancellationToken) in C:\VibeCoding\Gemini_Windsurf\3_CoreHub\Repositories\AccountingEntryRepository.cs:line 191
   at VanAn.Core.Tests.Infrastructure.Repositories.AccountingEntryRepositoryTests.Should_Enforce_Append_Only_Behavior() in c:\VibeCoding\Gemini_Windsurf\6_Tests\VanAn.Core.Tests\Infrastructure\Repositories\AccountingEntryRepositoryTests.cs:line 149
--- End of stack trace from previous location ---
----- Inner Stack Trace -----
   at System.Convert.ChangeType(Object value, Type conversionType, IFormatProvider provider)
   at Microsoft.EntityFrameworkCore.Storage.ValueConversion.ValueConverter`2.Sanitize[T](Object value)
   at Microsoft.EntityFrameworkCore.Storage.ValueConversion.ValueConverter`2.<>c__DisplayClass6_0`2.<SanitizeConverter>b__1(Object v)
   at Microsoft.EntityFrameworkCore.Storage.RelationalTypeMapping.GenerateSqlLiteral(Object value)
   at Microsoft.EntityFrameworkCore.Query.QuerySqlGenerator.VisitSqlConstant(SqlConstantExpression sqlConstantExpression)
   at Microsoft.EntityFrameworkCore.Query.SqlExpressionVisitor.VisitExtension(Expression extensionExpression)
   at Microsoft.EntityFrameworkCore.Sqlite.Query.Internal.SqliteQuerySqlGenerator.VisitExtension(Expression extensionExpression)
   at Microsoft.EntityFrameworkCore.Query.QuerySqlGenerator.VisitSqlBinary(SqlBinaryExpression sqlBinaryExpression)
   at Microsoft.EntityFrameworkCore.Query.SqlExpressionVisitor.VisitExtension(Expression extensionExpression)
   at Microsoft.EntityFrameworkCore.Sqlite.Query.Internal.SqliteQuerySqlGenerator.VisitExtension(Expression extensionExpression)
   at Microsoft.EntityFrameworkCore.Query.QuerySqlGenerator.VisitSqlBinary(SqlBinaryExpression sqlBinaryExpression)
   at Microsoft.EntityFrameworkCore.Query.SqlExpressionVisitor.VisitExtension(Expression extensionExpression)
   at Microsoft.EntityFrameworkCore.Sqlite.Query.Internal.SqliteQuerySqlGenerator.VisitExtension(Expression extensionExpression)
   at Microsoft.EntityFrameworkCore.Query.QuerySqlGenerator.VisitSelect(SelectExpression selectExpression)
   at Microsoft.EntityFrameworkCore.Query.QuerySqlGenerator.GenerateRootCommand(Expression queryExpression)
   at Microsoft.EntityFrameworkCore.Query.QuerySqlGenerator.GetCommand(Expression queryExpression)
   at Microsoft.EntityFrameworkCore.Query.Internal.RelationalCommandCache.GetRelationalCommandTemplate(IReadOnlyDictionary`2 parameters)
   at Microsoft.EntityFrameworkCore.Internal.RelationCommandCacheExtensions.RentAndPopulateRelationalCommand(RelationalCommandCache relationalCommandCache, RelationalQueryContext queryContext)
   at Microsoft.EntityFrameworkCore.Query.Internal.SingleQueryingEnumerable`1.AsyncEnumerator.InitializeReaderAsync(AsyncEnumerator enumerator, CancellationToken cancellationToken)
   at Microsoft.EntityFrameworkCore.Query.Internal.SingleQueryingEnumerable`1.AsyncEnumerator.MoveNextAsync()
   at Microsoft.EntityFrameworkCore.Query.ShapedQueryCompilingExpressionVisitor.SingleOrDefaultAsync[TSource](IAsyncEnumerable`1 asyncEnumerable, CancellationToken cancellationToken)
   at Microsoft.EntityFrameworkCore.Query.ShapedQueryCompilingExpressionVisitor.SingleOrDefaultAsync[TSource](IAsyncEnumerable`1 asyncEnumerable, CancellationToken cancellationToken)
   at VanAn.CoreHub.Repositories.AccountingEntryRepository.AddAsync(AccountingEntry entry, CancellationToken cancellationToken) in C:\VibeCoding\Gemini_Windsurf\3_CoreHub\Repositories\AccountingEntryRepository.cs:line 167
  Passed VanAn.Core.Tests.Infrastructure.SqliteRetryPolicyTests.ExecuteWithRetryAsync_VoidMethod_ShouldWork [4 ms]
  Passed VanAn.Core.Tests.Services.HKDTaxReportingServiceTests.GenerateTaxReportAsync_S3aHKD_ShouldReturnSpecialTaxReport [4 ms]
  Passed VanAn.Core.Tests.Infrastructure.SqliteRetryPolicyTests.ExecuteWithRetryAsync_ShouldFail_WhenMaxRetriesExceeded [1 ms]
  Failed VanAn.Core.Tests.Infrastructure.SqliteRetryPolicyTests.ExecuteWithRetryAsync_ShouldRetry_WhenSQLiteLockedException [1 ms]
  Error Message:
   System.Data.SQLite.SQLiteException : database table is locked
Database is locked
  Stack Trace:
     at VanAn.Core.Tests.Infrastructure.SqliteRetryPolicyTests.<>c__DisplayClass4_0.<ExecuteWithRetryAsync_ShouldRetry_WhenSQLiteLockedException>b__0() in c:\VibeCoding\Gemini_Windsurf\6_Tests\VanAn.Core.Tests\Infrastructure\SqliteRetryPolicyTests.cs:line 83
   at VanAn.ShopERP.Infrastructure.SqliteRetryPolicy.ExecuteWithRetryAsync[T](Func`1 operation, ILogger logger, Int32 maxRetries) in c:\VibeCoding\Gemini_Windsurf\5_WebApps\ShopERP\Infrastructure\SqliteRetryPolicy.cs:line 27
   at VanAn.Core.Tests.Infrastructure.SqliteRetryPolicyTests.ExecuteWithRetryAsync_ShouldRetry_WhenSQLiteLockedException() in c:\VibeCoding\Gemini_Windsurf\6_Tests\VanAn.Core.Tests\Infrastructure\SqliteRetryPolicyTests.cs:line 89
--- End of stack trace from previous location ---
  Failed VanAn.Core.Tests.Services.HKDTaxReportingServiceTests.ExportTaxReportAsync_ShouldReturnExcelBytes [3 ms]
  Error Message:
   System.ArgumentException : Unsupported format: 
  Stack Trace:
     at VanAn.CoreHub.Services.HKDTaxReportingService.ExportTaxReportAsync(HKDTaxReport report, ReportFormat format, CancellationToken cancellationToken) in C:\VibeCoding\Gemini_Windsurf\3_CoreHub\Services\HKDTaxReportingService.cs:line 185
   at VanAn.Core.Tests.Services.HKDTaxReportingServiceTests.ExportTaxReportAsync_ShouldReturnExcelBytes() in c:\VibeCoding\Gemini_Windsurf\6_Tests\VanAn.Core.Tests\Services\HKDTaxReportingServiceTests.cs:line 342
--- End of stack trace from previous location ---
  Failed VanAn.Core.Tests.Services.HKDTaxReportingServiceTests.ExportTaxReportAsync_ShouldReturnCSVBytes [1 ms]
  Error Message:
   System.ArgumentException : Unsupported format: 
  Stack Trace:
     at VanAn.CoreHub.Services.HKDTaxReportingService.ExportTaxReportAsync(HKDTaxReport report, ReportFormat format, CancellationToken cancellationToken) in C:\VibeCoding\Gemini_Windsurf\3_CoreHub\Services\HKDTaxReportingService.cs:line 185
   at VanAn.Core.Tests.Services.HKDTaxReportingServiceTests.ExportTaxReportAsync_ShouldReturnCSVBytes() in c:\VibeCoding\Gemini_Windsurf\6_Tests\VanAn.Core.Tests\Services\HKDTaxReportingServiceTests.cs:line 360
--- End of stack trace from previous location ---
[xUnit.net 00:00:07.70]     VanAn.Core.Tests.Services.HKDTaxReport
ingServiceTests.GetReportFormatsAsync_S2cHKD_ShouldReturnRevenueEx
penseFormats [FAIL]
[xUnit.net 00:00:07.71]       Assert.Contains() Failure: Filter not matched in collection
[xUnit.net 00:00:07.71]       Collection: [ReportFormat { FormatId = PDF, FormatName = PDF Format, FormatType = RevenueExpense, Extension = .pdf, MimeType = application/pdf, IsStandard = True, SupportedBookTypes = System.Collections.Generic.List`1[System.String], FormatOptions = System.Collections.Generic.Dictionary`2[System.String,System.String] }, ReportFormat { FormatId = EXCEL, FormatName = Excel Format, FormatType = RevenueExpense, Extension = .xlsx, MimeType = application/vnd.openxmlformats-officedocument.spreadsheetml.sheet, IsStandard = True, SupportedBookTypes = System.Collections.Generic.List`1[System.String], FormatOptions = System.Collections.Generic.Dictionary`2[System.String,System.String] }, ReportFormat { FormatId = XML, FormatName = XML Format, FormatType = RevenueExpense, Extension = .xml, MimeType = application/xml, IsStandard = True, SupportedBookTypes = System.Collections.Generic.List`1[System.String], FormatOptions = System.Collections.Generic.Dictionary`2[System.String,System.String] }, ReportFormat { FormatId = CSV, FormatName = CSV Format, FormatType = RevenueExpense, Extension = .csv, MimeType = text/csv, IsStandard = True, SupportedBookTypes = System.Collections.Generic.List`1[System.String], FormatOptions = System.Collections.Generic.Dictionary`2[System.String,System.String] }, ReportFormat { FormatId = JSON, FormatName = JSON Format, FormatType = RevenueExpense, Extension = .json, MimeType = application/json, IsStandard = False, SupportedBookTypes = System.Collections.Generic.List`1[System.String], FormatOptions = System.Collections.Generic.Dictionary`2[System.String,System.String] }]
[xUnit.net 00:00:07.71]       Stack Trace:
[xUnit.net 00:00:07.75]         c:\VibeCoding\Gemini_Windsurf\6_Tests\VanAn.Core.Tests\Services\HKDTaxReportingServiceTests.cs(199,0): at VanAn.Core.Tests.Services.HKDTaxReportingServiceTests.GetReportFormatsAsync_S2cHKD_ShouldReturnRevenueExpenseFormats()
[xUnit.net 00:00:07.76]         --- End of stack trace from previous location ---
[xUnit.net 00:00:07.76]     VanAn.Core.Tests.Services.HKDTaxReport
ingServiceTests.GenerateTaxReportAsync_S2bHKD_ShouldReturnRevenueR
eport [FAIL]
[xUnit.net 00:00:07.76]       Assert.True() Failure
[xUnit.net 00:00:07.76]       Expected: True
[xUnit.net 00:00:07.76]       Actual:   False
[xUnit.net 00:00:07.76]       Stack Trace:
[xUnit.net 00:00:07.76]         c:\VibeCoding\Gemini_Windsurf\6_Tests\VanAn.Core.Tests\Services\HKDTaxReportingServiceTests.cs(138,0): at VanAn.Core.Tests.Services.HKDTaxReportingServiceTests.GenerateTaxReportAsync_S2bHKD_ShouldReturnRevenueReport()
[xUnit.net 00:00:07.76]         --- End of stack trace from previous location ---
[xUnit.net 00:00:07.76]     VanAn.Core.Tests.Services.HKDTaxReport
ingServiceTests.GetReportTemplateAsync_ShouldReturnValidTemplate 
[FAIL]
[xUnit.net 00:00:07.76]       Assert.NotNull() Failure: Value is null
[xUnit.net 00:00:07.76]       Stack Trace:
[xUnit.net 00:00:07.76]         c:\VibeCoding\Gemini_Windsurf\6_Tests\VanAn.Core.Tests\Services\HKDTaxReportingServiceTests.cs(407,0): at VanAn.Core.Tests.Services.HKDTaxReportingServiceTests.GetReportTemplateAsync_ShouldReturnValidTemplate()
[xUnit.net 00:00:07.76]         --- End of stack trace from previous location ---
  Failed VanAn.Core.Tests.Services.HKDTaxReportingServiceTests.GetReportFormatsAsync_S2cHKD_ShouldReturnRevenueExpenseFormats [1 ms]
  Error Message:
   Assert.Contains() Failure: Filter not matched in collection
Collection: [ReportFormat { FormatId = PDF, FormatName = PDF Format, FormatType = RevenueExpense, Extension = .pdf, MimeType = application/pdf, IsStandard = True, SupportedBookTypes = System.Collections.Generic.List`1[System.String], FormatOptions = System.Collections.Generic.Dictionary`2[System.String,System.String] }, ReportFormat { FormatId = EXCEL, FormatName = Excel Format, FormatType = RevenueExpense, Extension = .xlsx, MimeType = application/vnd.openxmlformats-officedocument.spreadsheetml.sheet, IsStandard = True, SupportedBookTypes = System.Collections.Generic.List`1[System.String], FormatOptions = System.Collections.Generic.Dictionary`2[System.String,System.String] }, ReportFormat { FormatId = XML, FormatName = XML Format, FormatType = RevenueExpense, Extension = .xml, MimeType = application/xml, IsStandard = True, SupportedBookTypes = System.Collections.Generic.List`1[System.String], FormatOptions = System.Collections.Generic.Dictionary`2[System.String,System.String] }, ReportFormat { FormatId = CSV, FormatName = CSV Format, FormatType = RevenueExpense, Extension = .csv, MimeType = text/csv, IsStandard = True, SupportedBookTypes = System.Collections.Generic.List`1[System.String], FormatOptions = System.Collections.Generic.Dictionary`2[System.String,System.String] }, ReportFormat { FormatId = JSON, FormatName = JSON Format, FormatType = RevenueExpense, Extension = .json, MimeType = application/json, IsStandard = False, SupportedBookTypes = System.Collections.Generic.List`1[System.String], FormatOptions = System.Collections.Generic.Dictionary`2[System.String,System.String] }]
  Stack Trace:
     at VanAn.Core.Tests.Services.HKDTaxReportingServiceTests.GetReportFormatsAsync_S2cHKD_ShouldReturnRevenueExpenseFormats() in c:\VibeCoding\Gemini_Windsurf\6_Tests\VanAn.Core.Tests\Services\HKDTaxReportingServiceTests.cs:line 199
--- End of stack trace from previous location ---
  Failed VanAn.Core.Tests.Services.HKDTaxReportingServiceTests.GenerateTaxReportAsync_S2bHKD_ShouldReturnRevenueReport [3 ms]
  Error Message:
   Assert.True() Failure
Expected: True
Actual:   False
  Stack Trace:
     at VanAn.Core.Tests.Services.HKDTaxReportingServiceTests.GenerateTaxReportAsync_S2bHKD_ShouldReturnRevenueReport() in c:\VibeCoding\Gemini_Windsurf\6_Tests\VanAn.Core.Tests\Services\HKDTaxReportingServiceTests.cs:line 138
--- End of stack trace from previous location ---
  Failed VanAn.Core.Tests.Services.HKDTaxReportingServiceTests.GetReportTemplateAsync_ShouldReturnValidTemplate [23 ms]
  Error Message:
   Assert.NotNull() Failure: Value is null
  Stack Trace:
     at VanAn.Core.Tests.Services.HKDTaxReportingServiceTests.GetReportTemplateAsync_ShouldReturnValidTemplate() in c:\VibeCoding\Gemini_Windsurf\6_Tests\VanAn.Core.Tests\Services\HKDTaxReportingServiceTests.cs:line 407
--- End of stack trace from previous location ---
  Passed VanAn.Core.Tests.Accounting.MoneyFormattingTests.FormatCurrency_ShouldReturnCorrectFormat_ForVietnameseDong(amount: 100000) [58 ms]
  Passed VanAn.Core.Tests.Accounting.MoneyFormattingTests.FormatCurrency_ShouldReturnCorrectFormat_ForVietnameseDong(amount: 1000) [< 1 ms]
  Passed VanAn.Core.Tests.Accounting.MoneyFormattingTests.FormatCurrency_ShouldReturnCorrectFormat_ForVietnameseDong(amount: 10000000) [< 1 ms]
  Passed VanAn.Core.Tests.Accounting.MoneyFormattingTests.FormatCurrency_ShouldReturnCorrectFormat_ForVietnameseDong(amount: 10000) [< 1 ms]
  Passed VanAn.Core.Tests.Accounting.MoneyFormattingTests.FormatCurrency_ShouldReturnCorrectFormat_ForVietnameseDong(amount: 1000000) [< 1 ms]
[xUnit.net 00:00:07.76]     VanAn.Tests.UIStateMachineTests.UI_Sho
uld_Refresh_Order_List_After_New_Order [FAIL]
[xUnit.net 00:00:07.76]       Assert.Single() Failure: The collection was empty
[xUnit.net 00:00:07.76]       Stack Trace:
[xUnit.net 00:00:07.76]         c:\VibeCoding\Gemini_Windsurf\6_Tests\VanAn.Core.Tests\UIStateMachineTests.cs(254,0): at VanAn.Tests.UIStateMachineTests.UI_Should_Refresh_Order_List_After_New_Order()
[xUnit.net 00:00:07.76]         --- End of stack trace from previous location ---
[xUnit.net 00:00:07.76]     VanAn.Tests.UIStateMachineTests.UI_Sho
uld_Display_Error_Message_On_Sync_Failure [FAIL]
[xUnit.net 00:00:07.76]       Assert.False() Failure
[xUnit.net 00:00:07.76]       Expected: False
[xUnit.net 00:00:07.76]       Actual:   True
[xUnit.net 00:00:07.76]       Stack Trace:
[xUnit.net 00:00:07.76]         c:\VibeCoding\Gemini_Windsurf\6_Tests\VanAn.Core.Tests\UIStateMachineTests.cs(83,0): at VanAn.Tests.UIStateMachineTests.UI_Should_Display_Error_Message_On_Sync_Failure()
[xUnit.net 00:00:07.76]         --- End of stack trace from previous location ---
[xUnit.net 00:00:07.76]     VanAn.Tests.UIStateMachineTests.UI_Sho
uld_Show_Loading_State_During_Order_Sync [FAIL]
[xUnit.net 00:00:07.76]       Assert.True() Failure
[xUnit.net 00:00:07.76]       Expected: True
[xUnit.net 00:00:07.76]       Actual:   False
[xUnit.net 00:00:07.76]       Stack Trace:
[xUnit.net 00:00:07.76]         c:\VibeCoding\Gemini_Windsurf\6_Tests\VanAn.Core.Tests\UIStateMachineTests.cs(58,0): at VanAn.Tests.UIStateMachineTests.UI_Should_Show_Loading_State_During_Order_Sync()
[xUnit.net 00:00:07.76]         --- End of stack trace from previous location ---
[xUnit.net 00:00:07.78]     VanAn.Tests.UIStateMachineTests.UI_Sho
uld_Handle_Concurrent_Order_Updates [FAIL]
[xUnit.net 00:00:07.78]       Moq.MockException : 
[xUnit.net 00:00:07.78]       Expected invocation on the mock once, but was 0 times: x => x.CreateOrderAsync(Order, It.IsAny<Guid>())
[xUnit.net 00:00:07.78]       
[xUnit.net 00:00:07.78]       Performed invocations:
[xUnit.net 00:00:07.78]       
[xUnit.net 00:00:07.78]          Mock<IOrderService:35> (x):
[xUnit.net 00:00:07.78]       
[xUnit.net 00:00:07.78]             IOrderService.CreateOrderAsync(Order, fbfd4c68-94ff-4f94-887d-c520eea1524a)
[xUnit.net 00:00:07.78]       
[xUnit.net 00:00:07.78]       Stack Trace:
[xUnit.net 00:00:07.78]         /_/src/Moq/Mock.cs(331,0): at Moq.Mock.Verify(Mock mock, LambdaExpression expression, Times times, String failMessage)
[xUnit.net 00:00:07.78]         /_/src/Moq/Mock`1.cs(1033,0): at Moq.Mock`1.Verify[TResult](Expression`1 expression, Func`1 times)
[xUnit.net 00:00:07.78]         c:\VibeCoding\Gemini_Windsurf\6_Tests\VanAn.Core.Tests\UIStateMachineTests.cs(144,0): at VanAn.Tests.UIStateMachineTests.UI_Should_Handle_Concurrent_Order_Updates()
[xUnit.net 00:00:07.78]         --- End of stack trace from previous location ---
[xUnit.net 00:00:07.81]     VanAn.Tests.UIStateMachineTests.UI_Sho
uld_Display_Order_Details_Correctly [FAIL]
[xUnit.net 00:00:07.81]       Assert.NotNull() Failure: Value is null
[xUnit.net 00:00:07.81]       Stack Trace:
[xUnit.net 00:00:07.81]         c:\VibeCoding\Gemini_Windsurf\6_Tests\VanAn.Core.Tests\UIStateMachineTests.cs(292,0): at VanAn.Tests.UIStateMachineTests.UI_Should_Display_Order_Details_Correctly()
[xUnit.net 00:00:07.81]         --- End of stack trace from previous location ---
  Passed VanAn.Core.Tests.Accounting.MoneyFormattingTests.FormatCurrency_ShouldHandleZero [< 1 ms]
  Passed VanAn.Core.Tests.Accounting.MoneyFormattingTests.ParseCurrency_ShouldReturnDecimal_WhenInputHasSeparator [< 1 ms]
  Failed VanAn.Tests.UIStateMachineTests.UI_Should_Refresh_Order_List_After_New_Order [3 ms]
  Error Message:
   Assert.Single() Failure: The collection was empty
  Stack Trace:
     at VanAn.Tests.UIStateMachineTests.UI_Should_Refresh_Order_List_After_New_Order() in c:\VibeCoding\Gemini_Windsurf\6_Tests\VanAn.Core.Tests\UIStateMachineTests.cs:line 254
--- End of stack trace from previous location ---
  Failed VanAn.Tests.UIStateMachineTests.UI_Should_Display_Error_Message_On_Sync_Failure [7 ms]
  Error Message:
   Assert.False() Failure
Expected: False
Actual:   True
  Stack Trace:
     at VanAn.Tests.UIStateMachineTests.UI_Should_Display_Error_Message_On_Sync_Failure() in c:\VibeCoding\Gemini_Windsurf\6_Tests\VanAn.Core.Tests\UIStateMachineTests.cs:line 83
--- End of stack trace from previous location ---
  Failed VanAn.Tests.UIStateMachineTests.UI_Should_Show_Loading_State_During_Order_Sync [5 ms]
  Error Message:
   Assert.True() Failure
Expected: True
Actual:   False
  Stack Trace:
     at VanAn.Tests.UIStateMachineTests.UI_Should_Show_Loading_State_During_Order_Sync() in c:\VibeCoding\Gemini_Windsurf\6_Tests\VanAn.Core.Tests\UIStateMachineTests.cs:line 58
--- End of stack trace from previous location ---
  Passed VanAn.Tests.UIStateMachineTests.UI_Should_Update_Order_Status_In_Realtime [20 ms]
  Passed VanAn.Tests.UIStateMachineTests.UI_Should_Persist_Filter_State [2 ms]
  Failed VanAn.Tests.UIStateMachineTests.UI_Should_Handle_Concurrent_Order_Updates [8 ms]
  Error Message:
   Moq.MockException : 
Expected invocation on the mock once, but was 0 times: x => x.CreateOrderAsync(Order, It.IsAny<Guid>())

Performed invocations:

   Mock<IOrderService:35> (x):

      IOrderService.CreateOrderAsync(Order, fbfd4c68-94ff-4f94-887d-c520eea1524a)

  Stack Trace:
     at Moq.Mock.Verify(Mock mock, LambdaExpression expression, Times times, String failMessage) in /_/src/Moq/Mock.cs:line 331
   at Moq.Mock`1.Verify[TResult](Expression`1 expression, Func`1 times) in /_/src/Moq/Mock`1.cs:line 1033
   at VanAn.Tests.UIStateMachineTests.UI_Should_Handle_Concurrent_Order_Updates() in c:\VibeCoding\Gemini_Windsurf\6_Tests\VanAn.Core.Tests\UIStateMachineTests.cs:line 144
--- End of stack trace from previous location ---
  Failed VanAn.Tests.UIStateMachineTests.UI_Should_Display_Order_Details_Correctly [3 ms]
  Error Message:
   Assert.NotNull() Failure: Value is null
  Stack Trace:
     at VanAn.Tests.UIStateMachineTests.UI_Should_Display_Order_Details_Correctly() in c:\VibeCoding\Gemini_Windsurf\6_Tests\VanAn.Core.Tests\UIStateMachineTests.cs:line 292
--- End of stack trace from previous location ---
[xUnit.net 00:00:07.82]     VanAn.Tests.UIStateMachineTests.UI_Sho
uld_Show_Offline_Indicator_When_Disconnected [FAIL]
[xUnit.net 00:00:07.82]       Assert.Contains() Failure: Sub-string not found
[xUnit.net 00:00:07.82]       String:    "order not found in offline storage"
[xUnit.net 00:00:07.82]       Not found: "internet"
[xUnit.net 00:00:07.82]       Stack Trace:
[xUnit.net 00:00:07.82]         c:\VibeCoding\Gemini_Windsurf\6_Tests\VanAn.Core.Tests\UIStateMachineTests.cs(162,0): at VanAn.Tests.UIStateMachineTests.UI_Should_Show_Offline_Indicator_When_Disconnected()
[xUnit.net 00:00:07.82]         --- End of stack trace from previous location ---
[xUnit.net 00:00:07.90]     VanAn.Tests.FinancialSafetyTests.Shoul
d_Be_Idempotent_When_Same_Order_Sent_Multiple_Times [FAIL]
[xUnit.net 00:00:07.90]       Assert.True() Failure
[xUnit.net 00:00:07.90]       Expected: True
[xUnit.net 00:00:07.90]       Actual:   False
[xUnit.net 00:00:07.90]       Stack Trace:
[xUnit.net 00:00:07.90]         c:\VibeCoding\Gemini_Windsurf\6_Tests\VanAn.Core.Tests\FinancialSafetyTests.cs(56,0): at VanAn.Tests.FinancialSafetyTests.Should_Be_Idempotent_When_Same_Order_Sent_Multiple_Times()
[xUnit.net 00:00:07.90]         --- End of stack trace from previous location ---
[xUnit.net 00:00:07.90]     VanAn.Tests.FinancialSafetyTests.Shoul
d_Prevent_Duplicate_Orders_With_Same_Id [FAIL]
[xUnit.net 00:00:07.90]       Moq.MockException : 
[xUnit.net 00:00:07.90]       Expected invocation on the mock once, but was 0 times: x => x.CreateOrderAsync(It.IsAny<Order>(), It.IsAny<Guid>())
[xUnit.net 00:00:07.90]       
[xUnit.net 00:00:07.90]       Performed invocations:
[xUnit.net 00:00:07.90]       
[xUnit.net 00:00:07.90]          Mock<IOrderService:41> (x):
[xUnit.net 00:00:07.90]          No invocations performed.
[xUnit.net 00:00:07.90]       
[xUnit.net 00:00:07.90]       Stack Trace:
[xUnit.net 00:00:07.90]         /_/src/Moq/Mock.cs(331,0): at Moq.Mock.Verify(Mock mock, LambdaExpression expression, Times times, String failMessage)
[xUnit.net 00:00:07.90]         /_/src/Moq/Mock`1.cs(1033,0): at Moq.Mock`1.Verify[TResult](Expression`1 expression, Func`1 times)
[xUnit.net 00:00:07.90]         c:\VibeCoding\Gemini_Windsurf\6_Tests\VanAn.Core.Tests\FinancialSafetyTests.cs(88,0): at VanAn.Tests.FinancialSafetyTests.Should_Prevent_Duplicate_Orders_With_Same_Id()
[xUnit.net 00:00:07.90]         --- End of stack trace from previous location ---
[xUnit.net 00:00:07.95]     VanAn.Tests.FinancialSafetyTests.Shoul
d_Handle_Network_Failure_Without_Data_Loss [FAIL]
[xUnit.net 00:00:07.95]       Assert.Contains() Failure: Sub-string not found
[xUnit.net 00:00:07.95]       String:    "Order not found in offline storage"
[xUnit.net 00:00:07.95]       Not found: "Network error"
[xUnit.net 00:00:07.95]       Stack Trace:
[xUnit.net 00:00:07.95]         c:\VibeCoding\Gemini_Windsurf\6_Tests\VanAn.Core.Tests\FinancialSafetyTests.cs(137,0): at VanAn.Tests.FinancialSafetyTests.Should_Handle_Network_Failure_Without_Data_Loss()
[xUnit.net 00:00:07.95]         --- End of stack trace from previous location ---
[xUnit.net 00:00:07.96]     VanAn.Tests.FinancialSafetyTests.Shoul
d_Prevent_Race_Condition_In_Order_Creation [FAIL]
[xUnit.net 00:00:07.96]       Moq.MockException : 
[xUnit.net 00:00:07.96]       Expected invocation on the mock once, but was 0 times: x => x.CreateOrderAsync(Order, It.IsAny<Guid>())
[xUnit.net 00:00:07.96]       
[xUnit.net 00:00:07.96]       Performed invocations:
[xUnit.net 00:00:07.96]       
[xUnit.net 00:00:07.96]          Mock<IOrderService:43> (x):
[xUnit.net 00:00:07.96]          No invocations performed.
[xUnit.net 00:00:07.96]       
[xUnit.net 00:00:07.96]       Stack Trace:
[xUnit.net 00:00:07.96]         /_/src/Moq/Mock.cs(331,0): at Moq.Mock.Verify(Mock mock, LambdaExpression expression, Times times, String failMessage)
[xUnit.net 00:00:07.96]         /_/src/Moq/Mock`1.cs(1033,0): at Moq.Mock`1.Verify[TResult](Expression`1 expression, Func`1 times)
[xUnit.net 00:00:07.96]         c:\VibeCoding\Gemini_Windsurf\6_Tests\VanAn.Core.Tests\FinancialSafetyTests.cs(202,0): at VanAn.Tests.FinancialSafetyTests.Should_Prevent_Race_Condition_In_Order_Creation()
[xUnit.net 00:00:07.96]         --- End of stack trace from previous location ---
  Failed VanAn.Tests.UIStateMachineTests.UI_Should_Show_Offline_Indicator_When_Disconnected [5 ms]
  Error Message:
   Assert.Contains() Failure: Sub-string not found
String:    "order not found in offline storage"
Not found: "internet"
  Stack Trace:
     at VanAn.Tests.UIStateMachineTests.UI_Should_Show_Offline_Indicator_When_Disconnected() in c:\VibeCoding\Gemini_Windsurf\6_Tests\VanAn.Core.Tests\UIStateMachineTests.cs:line 162
--- End of stack trace from previous location ---
  Passed VanAn.Tests.UIStateMachineTests.UI_Should_Handle_Order_Cancellation_Confirmation [2 ms]
  Failed VanAn.Tests.FinancialSafetyTests.Should_Be_Idempotent_When_Same_Order_Sent_Multiple_Times [8 ms]
  Error Message:
   Assert.True() Failure
Expected: True
Actual:   False
  Stack Trace:
     at VanAn.Tests.FinancialSafetyTests.Should_Be_Idempotent_When_Same_Order_Sent_Multiple_Times() in c:\VibeCoding\Gemini_Windsurf\6_Tests\VanAn.Core.Tests\FinancialSafetyTests.cs:line 56
--- End of stack trace from previous location ---
  Failed VanAn.Tests.FinancialSafetyTests.Should_Prevent_Duplicate_Orders_With_Same_Id [4 ms]
  Error Message:
   Moq.MockException : 
Expected invocation on the mock once, but was 0 times: x => x.CreateOrderAsync(It.IsAny<Order>(), It.IsAny<Guid>())

Performed invocations:

   Mock<IOrderService:41> (x):
   No invocations performed.

  Stack Trace:
     at Moq.Mock.Verify(Mock mock, LambdaExpression expression, Times times, String failMessage) in /_/src/Moq/Mock.cs:line 331
   at Moq.Mock`1.Verify[TResult](Expression`1 expression, Func`1 times) in /_/src/Moq/Mock`1.cs:line 1033
   at VanAn.Tests.FinancialSafetyTests.Should_Prevent_Duplicate_Orders_With_Same_Id() in c:\VibeCoding\Gemini_Windsurf\6_Tests\VanAn.Core.Tests\FinancialSafetyTests.cs:line 88
--- End of stack trace from previous location ---
  Failed VanAn.Tests.FinancialSafetyTests.Should_Handle_Network_Failure_Without_Data_Loss [45 ms]
  Error Message:
   Assert.Contains() Failure: Sub-string not found
String:    "Order not found in offline storage"
Not found: "Network error"
  Stack Trace:
     at VanAn.Tests.FinancialSafetyTests.Should_Handle_Network_Failure_Without_Data_Loss() in c:\VibeCoding\Gemini_Windsurf\6_Tests\VanAn.Core.Tests\FinancialSafetyTests.cs:line 137
--- End of stack trace from previous location ---
  Passed GetSystemHealthAsync_Should_Handle_Database_Connection_Failure [5 s]
  Standard Output Messages:
 [DashboardServiceTests] Initialized with Test Harness 4 layer - Schema Created
 Database failure handled: Critical


  Failed VanAn.Tests.FinancialSafetyTests.Should_Prevent_Race_Condition_In_Order_Creation [8 ms]
  Error Message:
   Moq.MockException : 
Expected invocation on the mock once, but was 0 times: x => x.CreateOrderAsync(Order, It.IsAny<Guid>())

Performed invocations:

   Mock<IOrderService:43> (x):
   No invocations performed.

  Stack Trace:
     at Moq.Mock.Verify(Mock mock, LambdaExpression expression, Times times, String failMessage) in /_/src/Moq/Mock.cs:line 331
   at Moq.Mock`1.Verify[TResult](Expression`1 expression, Func`1 times) in /_/src/Moq/Mock`1.cs:line 1033
   at VanAn.Tests.FinancialSafetyTests.Should_Prevent_Race_Condition_In_Order_Creation() in c:\VibeCoding\Gemini_Windsurf\6_Tests\VanAn.Core.Tests\FinancialSafetyTests.cs:line 202
--- End of stack trace from previous location ---
[xUnit.net 00:00:08.00]     VanAn.Tests.FinancialSafetyTests.Shoul
d_Recover_From_Partial_Sync_Failure [FAIL]
[xUnit.net 00:00:08.00]       Assert.False() Failure
[xUnit.net 00:00:08.00]       Expected: False
[xUnit.net 00:00:08.00]       Actual:   True
[xUnit.net 00:00:08.00]       Stack Trace:
[xUnit.net 00:00:08.00]         c:\VibeCoding\Gemini_Windsurf\6_Tests\VanAn.Core.Tests\FinancialSafetyTests.cs(284,0): at VanAn.Tests.FinancialSafetyTests.Should_Recover_From_Partial_Sync_Failure()
[xUnit.net 00:00:08.00]         --- End of stack trace from previous location ---
[xUnit.net 00:00:08.01]     VanAn.Tests.FinancialSafetyTests.Shoul
d_Handle_Currency_And_Precision_Correctly [FAIL]
[xUnit.net 00:00:08.01]       Assert.True() Failure
[xUnit.net 00:00:08.01]       Expected: True
[xUnit.net 00:00:08.01]       Actual:   False
[xUnit.net 00:00:08.01]       Stack Trace:
[xUnit.net 00:00:08.01]         c:\VibeCoding\Gemini_Windsurf\6_Tests\VanAn.Core.Tests\FinancialSafetyTests.cs(338,0): at VanAn.Tests.FinancialSafetyTests.Should_Handle_Currency_And_Precision_Correctly()
[xUnit.net 00:00:08.01]         --- End of stack trace from previous location ---
[xUnit.net 00:00:08.01]     VanAn.Tests.FinancialSafetyTests.Shoul
d_Maintain_Audit_Trail_During_Sync [FAIL]
[xUnit.net 00:00:08.01]       Assert.True() Failure
[xUnit.net 00:00:08.01]       Expected: True
[xUnit.net 00:00:08.01]       Actual:   False
[xUnit.net 00:00:08.01]       Stack Trace:
[xUnit.net 00:00:08.01]         c:\VibeCoding\Gemini_Windsurf\6_Tests\VanAn.Core.Tests\FinancialSafetyTests.cs(220,0): at VanAn.Tests.FinancialSafetyTests.Should_Maintain_Audit_Trail_During_Sync()
[xUnit.net 00:00:08.01]         --- End of stack trace from previous location ---
[xUnit.net 00:00:08.06]     VanAn.Tests.FinancialSafetyTests.Shoul
d_Maintain_Financial_Integrity_During_Concurrent_Sync [FAIL]
[xUnit.net 00:00:08.06]       Assert.All() Failure: 10 out of 10 items in the collection did not pass.
[xUnit.net 00:00:08.06]       [0]: Item:  SyncResult { Attempts = 0, ErrorMessage = "Order not found in offline storage", OrderId = "4bc3bea2-a428-435e-a961-509dd429bbd8", Success = False }
[xUnit.net 00:00:08.06]            Error: Assert.True() Failure
[xUnit.net 00:00:08.06]                   Expected: True
[xUnit.net 00:00:08.06]                   Actual:   False
[xUnit.net 00:00:08.07]       [1]: Item:  SyncResult { Attempts = 0, ErrorMessage = "Order not found in offline storage", OrderId = "82b2d4d7-4097-42cf-8630-d5999c56a702", Success = False }
[xUnit.net 00:00:08.07]            Error: Assert.True() Failure
[xUnit.net 00:00:08.07]                   Expected: True
[xUnit.net 00:00:08.07]                   Actual:   False
[xUnit.net 00:00:08.07]       [2]: Item:  SyncResult { Attempts = 0, ErrorMessage = "Order not found in offline storage", OrderId = "30f76f38-4eda-47d0-abfd-ae724c1f11dd", Success = False }
[xUnit.net 00:00:08.07]            Error: Assert.True() Failure
[xUnit.net 00:00:08.07]                   Expected: True
[xUnit.net 00:00:08.07]                   Actual:   False
[xUnit.net 00:00:08.07]       [3]: Item:  SyncResult { Attempts = 0, ErrorMessage = "Order not found in offline storage", OrderId = "53c79ea1-e976-4a10-a6c6-088b3dababff", Success = False }
[xUnit.net 00:00:08.07]            Error: Assert.True() Failure
[xUnit.net 00:00:08.07]                   Expected: True
[xUnit.net 00:00:08.07]                   Actual:   False
[xUnit.net 00:00:08.07]       [4]: Item:  SyncResult { Attempts = 0, ErrorMessage = "Order not found in offline storage", OrderId = "56f3a3bd-c111-4373-846f-c1e692f81c73", Success = False }
[xUnit.net 00:00:08.07]            Error: Assert.True() Failure
[xUnit.net 00:00:08.07]                   Expected: True
[xUnit.net 00:00:08.07]                   Actual:   False
[xUnit.net 00:00:08.07]       [5]: Item:  SyncResult { Attempts = 0, ErrorMessage = "Order not found in offline storage", OrderId = "e5e76905-0c4c-4ddd-bec4-e2977526518c", Success = False }
[xUnit.net 00:00:08.07]            Error: Assert.True() Failure
[xUnit.net 00:00:08.07]                   Expected: True
[xUnit.net 00:00:08.07]                   Actual:   False
[xUnit.net 00:00:08.07]       [6]: Item:  SyncResult { Attempts = 0, ErrorMessage = "Order not found in offline storage", OrderId = "d74ae5f8-2f52-4465-ba3f-c1a67e03f62c", Success = False }
[xUnit.net 00:00:08.07]            Error: Assert.True() Failure
[xUnit.net 00:00:08.07]                   Expected: True
[xUnit.net 00:00:08.07]                   Actual:   False
[xUnit.net 00:00:08.07]       [7]: Item:  SyncResult { Attempts = 0, ErrorMessage = "Order not found in offline storage", OrderId = "5b1a27e7-706a-4b6c-a4dc-8711aec1a94b", Success = False }
[xUnit.net 00:00:08.07]            Error: Assert.True() Failure
[xUnit.net 00:00:08.07]                   Expected: True
[xUnit.net 00:00:08.07]                   Actual:   False
[xUnit.net 00:00:08.07]       [8]: Item:  SyncResult { Attempts = 0, ErrorMessage = "Order not found in offline storage", OrderId = "54252623-fb23-4359-91d8-135b9f81f8f9", Success = False }
[xUnit.net 00:00:08.07]            Error: Assert.True() Failure
[xUnit.net 00:00:08.07]                   Expected: True
[xUnit.net 00:00:08.07]                   Actual:   False
[xUnit.net 00:00:08.07]       [9]: Item:  SyncResult { Attempts = 0, ErrorMessage = "Order not found in offline storage", OrderId = "5f37de30-45db-41e2-b016-f0c88eb225d9", Success = False }
[xUnit.net 00:00:08.07]            Error: Assert.True() Failure
[xUnit.net 00:00:08.07]                   Expected: True
[xUnit.net 00:00:08.07]                   Actual:   False
[xUnit.net 00:00:08.07]       Stack Trace:
[xUnit.net 00:00:08.07]         c:\VibeCoding\Gemini_Windsurf\6_Tests\VanAn.Core.Tests\FinancialSafetyTests.cs(111,0): at VanAn.Tests.FinancialSafetyTests.Should_Maintain_Financial_Integrity_During_Concurrent_Sync()
[xUnit.net 00:00:08.07]         --- End of stack trace from previous location ---
[xUnit.net 00:00:08.07]     VanAn.Tests.FinancialSafetyTests.Shoul
d_Handle_Large_Order_Carts_Efficiently [FAIL]
[xUnit.net 00:00:08.07]       Assert.True() Failure
[xUnit.net 00:00:08.07]       Expected: True
[xUnit.net 00:00:08.07]       Actual:   False
[xUnit.net 00:00:08.07]       Stack Trace:
[xUnit.net 00:00:08.07]         c:\VibeCoding\Gemini_Windsurf\6_Tests\VanAn.Core.Tests\FinancialSafetyTests.cs(244,0): at VanAn.Tests.FinancialSafetyTests.Should_Handle_Large_Order_Carts_Efficiently()
[xUnit.net 00:00:08.07]         --- End of stack trace from previous location ---
[xUnit.net 00:00:08.07]     Kitchen: ProcessVoiceNote - Should 
Reject Oversized Text Gracefully [FAIL]
[xUnit.net 00:00:08.07]       System.InvalidOperationException : Context not initialized. Call CreateContextAsync first.
[xUnit.net 00:00:08.07]       Stack Trace:
[xUnit.net 00:00:08.08]         c:\VibeCoding\Gemini_Windsurf\6_Tests\VanAn.Core.Tests\IntegrationTestBase.cs(17,0): at VanAn.CoreHub.Tests.TestInfrastructure.IntegrationTestBase.get_Context()
[xUnit.net 00:00:08.08]         c:\VibeCoding\Gemini_Windsurf\6_Tests\VanAn.Core.Tests\KitchenServiceTests.cs(26,0): at VanAn.CoreHub.Tests.KitchenServiceTests..ctor(ITestOutputHelper output)
[xUnit.net 00:00:08.08]            at System.RuntimeMethodHandle.InvokeMethod(Object target, Void** arguments, Signature sig, Boolean isConstructor)
[xUnit.net 00:00:08.08]            at System.Reflection.MethodBaseInvoker.InvokeDirectByRefWithFewArgs(Object obj, Span`1 copyOfArgs, BindingFlags invokeAttr)
[xUnit.net 00:00:08.08]     Kitchen: GetGroupedItems - Should 
Group Identical Products From Different Orders [FAIL]
[xUnit.net 00:00:08.08]       System.InvalidOperationException : Context not initialized. Call CreateContextAsync first.
[xUnit.net 00:00:08.08]       Stack Trace:
[xUnit.net 00:00:08.08]         c:\VibeCoding\Gemini_Windsurf\6_Tests\VanAn.Core.Tests\IntegrationTestBase.cs(17,0): at VanAn.CoreHub.Tests.TestInfrastructure.IntegrationTestBase.get_Context()
[xUnit.net 00:00:08.08]         c:\VibeCoding\Gemini_Windsurf\6_Tests\VanAn.Core.Tests\KitchenServiceTests.cs(26,0): at VanAn.CoreHub.Tests.KitchenServiceTests..ctor(ITestOutputHelper output)
[xUnit.net 00:00:08.08]            at InvokeStub_KitchenServiceTests..ctor(Object, Span`1)
[xUnit.net 00:00:08.08]            at System.Reflection.MethodBaseInvoker.InvokeWithOneArg(Object obj, BindingFlags invokeAttr, Binder binder, Object[] parameters, CultureInfo culture)
[xUnit.net 00:00:08.08]     Kitchen: GetGroupedItems - Should 
Include Voice Notes In Grouped Items [FAIL]
[xUnit.net 00:00:08.08]       System.InvalidOperationException : Context not initialized. Call CreateContextAsync first.
[xUnit.net 00:00:08.08]       Stack Trace:
[xUnit.net 00:00:08.08]         c:\VibeCoding\Gemini_Windsurf\6_Tests\VanAn.Core.Tests\IntegrationTestBase.cs(17,0): at VanAn.CoreHub.Tests.TestInfrastructure.IntegrationTestBase.get_Context()
[xUnit.net 00:00:08.10]         c:\VibeCoding\Gemini_Windsurf\6_Tests\VanAn.Core.Tests\KitchenServiceTests.cs(26,0): at VanAn.CoreHub.Tests.KitchenServiceTests..ctor(ITestOutputHelper output)
[xUnit.net 00:00:08.10]            at InvokeStub_KitchenServiceTests..ctor(Object, Span`1)
[xUnit.net 00:00:08.10]            at System.Reflection.MethodBaseInvoker.InvokeWithOneArg(Object obj, BindingFlags invokeAttr, Binder binder, Object[] parameters, CultureInfo culture)
  Passed VanAn.Tests.FinancialSafetyTests.Should_Validate_Order_Integrity_Before_Sync [3 ms]
  Failed VanAn.Tests.FinancialSafetyTests.Should_Recover_From_Partial_Sync_Failure [35 ms]
  Error Message:
   Assert.False() Failure
Expected: False
Actual:   True
  Stack Trace:
     at VanAn.Tests.FinancialSafetyTests.Should_Recover_From_Partial_Sync_Failure() in c:\VibeCoding\Gemini_Windsurf\6_Tests\VanAn.Core.Tests\FinancialSafetyTests.cs:line 284
--- End of stack trace from previous location ---
  Failed VanAn.Tests.FinancialSafetyTests.Should_Handle_Currency_And_Precision_Correctly [4 ms]
  Error Message:
   Assert.True() Failure
Expected: True
Actual:   False
  Stack Trace:
     at VanAn.Tests.FinancialSafetyTests.Should_Handle_Currency_And_Precision_Correctly() in c:\VibeCoding\Gemini_Windsurf\6_Tests\VanAn.Core.Tests\FinancialSafetyTests.cs:line 338
--- End of stack trace from previous location ---
  Failed VanAn.Tests.FinancialSafetyTests.Should_Maintain_Audit_Trail_During_Sync [5 ms]
  Error Message:
   Assert.True() Failure
Expected: True
Actual:   False
  Stack Trace:
     at VanAn.Tests.FinancialSafetyTests.Should_Maintain_Audit_Trail_During_Sync() in c:\VibeCoding\Gemini_Windsurf\6_Tests\VanAn.Core.Tests\FinancialSafetyTests.cs:line 220
--- End of stack trace from previous location ---
  Failed VanAn.Tests.FinancialSafetyTests.Should_Maintain_Financial_Integrity_During_Concurrent_Sync [40 ms]
  Error Message:
   Assert.All() Failure: 10 out of 10 items in the collection did not pass.
[0]: Item:  SyncResult { Attempts = 0, ErrorMessage = "Order not found in offline storage", OrderId = "4bc3bea2-a428-435e-a961-509dd429bbd8", Success = False }
     Error: Assert.True() Failure
            Expected: True
            Actual:   False
[1]: Item:  SyncResult { Attempts = 0, ErrorMessage = "Order not found in offline storage", OrderId = "82b2d4d7-4097-42cf-8630-d5999c56a702", Success = False }
     Error: Assert.True() Failure
            Expected: True
            Actual:   False
[2]: Item:  SyncResult { Attempts = 0, ErrorMessage = "Order not found in offline storage", OrderId = "30f76f38-4eda-47d0-abfd-ae724c1f11dd", Success = False }
     Error: Assert.True() Failure
            Expected: True
            Actual:   False
[3]: Item:  SyncResult { Attempts = 0, ErrorMessage = "Order not found in offline storage", OrderId = "53c79ea1-e976-4a10-a6c6-088b3dababff", Success = False }
     Error: Assert.True() Failure
            Expected: True
            Actual:   False
[4]: Item:  SyncResult { Attempts = 0, ErrorMessage = "Order not found in offline storage", OrderId = "56f3a3bd-c111-4373-846f-c1e692f81c73", Success = False }
     Error: Assert.True() Failure
            Expected: True
            Actual:   False
[5]: Item:  SyncResult { Attempts = 0, ErrorMessage = "Order not found in offline storage", OrderId = "e5e76905-0c4c-4ddd-bec4-e2977526518c", Success = False }
     Error: Assert.True() Failure
            Expected: True
            Actual:   False
[6]: Item:  SyncResult { Attempts = 0, ErrorMessage = "Order not found in offline storage", OrderId = "d74ae5f8-2f52-4465-ba3f-c1a67e03f62c", Success = False }
     Error: Assert.True() Failure
            Expected: True
            Actual:   False
[7]: Item:  SyncResult { Attempts = 0, ErrorMessage = "Order not found in offline storage", OrderId = "5b1a27e7-706a-4b6c-a4dc-8711aec1a94b", Success = False }
     Error: Assert.True() Failure
            Expected: True
            Actual:   False
[8]: Item:  SyncResult { Attempts = 0, ErrorMessage = "Order not found in offline storage", OrderId = "54252623-fb23-4359-91d8-135b9f81f8f9", Success = False }
     Error: Assert.True() Failure
            Expected: True
            Actual:   False
[9]: Item:  SyncResult { Attempts = 0, ErrorMessage = "Order not found in offline storage", OrderId = "5f37de30-45db-41e2-b016-f0c88eb225d9", Success = False }
     Error: Assert.True() Failure
            Expected: True
            Actual:   False
  Stack Trace:
     at VanAn.Tests.FinancialSafetyTests.Should_Maintain_Financial_Integrity_During_Concurrent_Sync() in c:\VibeCoding\Gemini_Windsurf\6_Tests\VanAn.Core.Tests\FinancialSafetyTests.cs:line 111
--- End of stack trace from previous location ---
  Failed VanAn.Tests.FinancialSafetyTests.Should_Handle_Large_Order_Carts_Efficiently [12 ms]
  Error Message:
   Assert.True() Failure
Expected: True
Actual:   False
  Stack Trace:
     at VanAn.Tests.FinancialSafetyTests.Should_Handle_Large_Order_Carts_Efficiently() in c:\VibeCoding\Gemini_Windsurf\6_Tests\VanAn.Core.Tests\FinancialSafetyTests.cs:line 244
--- End of stack trace from previous location ---
  Failed Kitchen: ProcessVoiceNote - Should Reject Oversized Text Gracefully [1 ms]
  Error Message:
   System.InvalidOperationException : Context not initialized. Call CreateContextAsync first.
  Stack Trace:
     at VanAn.CoreHub.Tests.TestInfrastructure.IntegrationTestBase.get_Context() in c:\VibeCoding\Gemini_Windsurf\6_Tests\VanAn.Core.Tests\IntegrationTestBase.cs:line 17
   at VanAn.CoreHub.Tests.KitchenServiceTests..ctor(ITestOutputHelper output) in c:\VibeCoding\Gemini_Windsurf\6_Tests\VanAn.Core.Tests\KitchenServiceTests.cs:line 26
   at System.RuntimeMethodHandle.InvokeMethod(Object target, Void** arguments, Signature sig, Boolean isConstructor)
   at System.Reflection.MethodBaseInvoker.InvokeDirectByRefWithFewArgs(Object obj, Span`1 copyOfArgs, BindingFlags invokeAttr)
  Failed Kitchen: GetGroupedItems - Should Group Identical Products From Different Orders [1 ms]
  Error Message:
   System.InvalidOperationException : Context not initialized. Call CreateContextAsync first.
  Stack Trace:
     at VanAn.CoreHub.Tests.TestInfrastructure.IntegrationTestBase.get_Context() in c:\VibeCoding\Gemini_Windsurf\6_Tests\VanAn.Core.Tests\IntegrationTestBase.cs:line 17
   at VanAn.CoreHub.Tests.KitchenServiceTests..ctor(ITestOutputHelper output) in c:\VibeCoding\Gemini_Windsurf\6_Tests\VanAn.Core.Tests\KitchenServiceTests.cs:line 26
   at InvokeStub_KitchenServiceTests..ctor(Object, Span`1)
   at System.Reflection.MethodBaseInvoker.InvokeWithOneArg(Object obj, BindingFlags invokeAttr, Binder binder, Object[] parameters, CultureInfo culture)
  Failed Kitchen: GetGroupedItems - Should Include Voice Notes In Grouped Items [1 ms]
  Error Message:
   System.InvalidOperationException : Context not initialized. Call CreateContextAsync first.
  Stack Trace:
     at VanAn.CoreHub.Tests.TestInfrastructure.IntegrationTestBase.get_Context() in c:\VibeCoding\Gemini_Windsurf\6_Tests\VanAn.Core.Tests\IntegrationTestBase.cs:line 17
   at VanAn.CoreHub.Tests.KitchenServiceTests..ctor(ITestOutputHelper output) in c:\VibeCoding\Gemini_Windsurf\6_Tests\VanAn.Core.Tests\KitchenServiceTests.cs:line 26
   at InvokeStub_KitchenServiceTests..ctor(Object, Span`1)
   at System.Reflection.MethodBaseInvoker.InvokeWithOneArg(Object obj, BindingFlags invokeAttr, Binder binder, Object[] parameters, CultureInfo culture)
[xUnit.net 00:00:08.10]     Kitchen: UpdateItemStatus - Should 
Update Underlying Order When All Items Completed [FAIL]
[xUnit.net 00:00:08.10]       System.InvalidOperationException : Context not initialized. Call CreateContextAsync first.
[xUnit.net 00:00:08.10]       Stack Trace:
[xUnit.net 00:00:08.10]         c:\VibeCoding\Gemini_Windsurf\6_Tests\VanAn.Core.Tests\IntegrationTestBase.cs(17,0): at VanAn.CoreHub.Tests.TestInfrastructure.IntegrationTestBase.get_Context()
[xUnit.net 00:00:08.10]         c:\VibeCoding\Gemini_Windsurf\6_Tests\VanAn.Core.Tests\KitchenServiceTests.cs(26,0): at VanAn.CoreHub.Tests.KitchenServiceTests..ctor(ITestOutputHelper output)
[xUnit.net 00:00:08.10]            at InvokeStub_KitchenServiceTests..ctor(Object, Span`1)
[xUnit.net 00:00:08.10]            at System.Reflection.MethodBaseInvoker.InvokeWithOneArg(Object obj, BindingFlags invokeAttr, Binder binder, Object[] parameters, CultureInfo culture)
[xUnit.net 00:00:08.10]     Kitchen: ProcessVoiceNote - Should 
Reject Oversized AudioBlob Gracefully [FAIL]
[xUnit.net 00:00:08.10]       System.InvalidOperationException : Context not initialized. Call CreateContextAsync first.
[xUnit.net 00:00:08.10]       Stack Trace:
[xUnit.net 00:00:08.10]         c:\VibeCoding\Gemini_Windsurf\6_Tests\VanAn.Core.Tests\IntegrationTestBase.cs(17,0): at VanAn.CoreHub.Tests.TestInfrastructure.IntegrationTestBase.get_Context()
[xUnit.net 00:00:08.10]         c:\VibeCoding\Gemini_Windsurf\6_Tests\VanAn.Core.Tests\KitchenServiceTests.cs(26,0): at VanAn.CoreHub.Tests.KitchenServiceTests..ctor(ITestOutputHelper output)
[xUnit.net 00:00:08.10]            at InvokeStub_KitchenServiceTests..ctor(Object, Span`1)
[xUnit.net 00:00:08.10]            at System.Reflection.MethodBaseInvoker.InvokeWithOneArg(Object obj, BindingFlags invokeAttr, Binder binder, Object[] parameters, CultureInfo culture)
[xUnit.net 00:00:08.10]     Kitchen: GetGroupedItems - Should 
Order Groups By Oldest Order Time FIFO [FAIL]
[xUnit.net 00:00:08.10]       System.InvalidOperationException : Context not initialized. Call CreateContextAsync first.
[xUnit.net 00:00:08.10]       Stack Trace:
[xUnit.net 00:00:08.10]         c:\VibeCoding\Gemini_Windsurf\6_Tests\VanAn.Core.Tests\IntegrationTestBase.cs(17,0): at VanAn.CoreHub.Tests.TestInfrastructure.IntegrationTestBase.get_Context()
[xUnit.net 00:00:08.10]         c:\VibeCoding\Gemini_Windsurf\6_Tests\VanAn.Core.Tests\KitchenServiceTests.cs(26,0): at VanAn.CoreHub.Tests.KitchenServiceTests..ctor(ITestOutputHelper output)
[xUnit.net 00:00:08.10]            at InvokeStub_KitchenServiceTests..ctor(Object, Span`1)
[xUnit.net 00:00:08.10]            at System.Reflection.MethodBaseInvoker.InvokeWithOneArg(Object obj, BindingFlags invokeAttr, Binder binder, Object[] parameters, CultureInfo culture)
[xUnit.net 00:00:08.10]     VanAn.Core.Tests.Performance.SQLiteCon
currencyPerformanceTests.OutboxPerformanceTest_ShouldProcessOutbox
Messages_Efficiently [FAIL]
[xUnit.net 00:00:08.10]       Expected at least 80% processed, got 0/50
[xUnit.net 00:00:08.10]       Stack Trace:
[xUnit.net 00:00:08.10]         c:\VibeCoding\Gemini_Windsurf\6_Tests\VanAn.Core.Tests\Performance\SQLiteConcurrencyPerformanceTests.cs(273,0): at VanAn.Core.Tests.Performance.SQLiteConcurrencyPerformanceTests.OutboxPerformanceTest_ShouldProcessOutboxMessages_Efficiently()
[xUnit.net 00:00:08.10]         --- End of stack trace from previous location ---
[xUnit.net 00:00:08.10]       Output:
[xUnit.net 00:00:08.10]         Outbox processing: 0/50 messages in 2ms
[xUnit.net 00:00:08.10]         Rate: 0.00 messages/second
  Failed Kitchen: UpdateItemStatus - Should Update Underlying Order When All Items Completed [1 ms]
  Error Message:
   System.InvalidOperationException : Context not initialized. Call CreateContextAsync first.
  Stack Trace:
     at VanAn.CoreHub.Tests.TestInfrastructure.IntegrationTestBase.get_Context() in c:\VibeCoding\Gemini_Windsurf\6_Tests\VanAn.Core.Tests\IntegrationTestBase.cs:line 17
   at VanAn.CoreHub.Tests.KitchenServiceTests..ctor(ITestOutputHelper output) in c:\VibeCoding\Gemini_Windsurf\6_Tests\VanAn.Core.Tests\KitchenServiceTests.cs:line 26
   at InvokeStub_KitchenServiceTests..ctor(Object, Span`1)
   at System.Reflection.MethodBaseInvoker.InvokeWithOneArg(Object obj, BindingFlags invokeAttr, Binder binder, Object[] parameters, CultureInfo culture)
  Failed Kitchen: ProcessVoiceNote - Should Reject Oversized AudioBlob Gracefully [1 ms]
  Error Message:
   System.InvalidOperationException : Context not initialized. Call CreateContextAsync first.
  Stack Trace:
     at VanAn.CoreHub.Tests.TestInfrastructure.IntegrationTestBase.get_Context() in c:\VibeCoding\Gemini_Windsurf\6_Tests\VanAn.Core.Tests\IntegrationTestBase.cs:line 17
   at VanAn.CoreHub.Tests.KitchenServiceTests..ctor(ITestOutputHelper output) in c:\VibeCoding\Gemini_Windsurf\6_Tests\VanAn.Core.Tests\KitchenServiceTests.cs:line 26
   at InvokeStub_KitchenServiceTests..ctor(Object, Span`1)
   at System.Reflection.MethodBaseInvoker.InvokeWithOneArg(Object obj, BindingFlags invokeAttr, Binder binder, Object[] parameters, CultureInfo culture)
  Failed Kitchen: GetGroupedItems - Should Order Groups By Oldest Order Time FIFO [1 ms]
  Error Message:
   System.InvalidOperationException : Context not initialized. Call CreateContextAsync first.
  Stack Trace:
     at VanAn.CoreHub.Tests.TestInfrastructure.IntegrationTestBase.get_Context() in c:\VibeCoding\Gemini_Windsurf\6_Tests\VanAn.Core.Tests\IntegrationTestBase.cs:line 17
   at VanAn.CoreHub.Tests.KitchenServiceTests..ctor(ITestOutputHelper output) in c:\VibeCoding\Gemini_Windsurf\6_Tests\VanAn.Core.Tests\KitchenServiceTests.cs:line 26
   at InvokeStub_KitchenServiceTests..ctor(Object, Span`1)
   at System.Reflection.MethodBaseInvoker.InvokeWithOneArg(Object obj, BindingFlags invokeAttr, Binder binder, Object[] parameters, CultureInfo culture)
  Passed VanAn.Core.Tests.Infrastructure.Repositories.AccountingEntryRepositoryTests.Should_Only_Expose_Add_Methods [423 ms]
  Failed VanAn.Core.Tests.Performance.SQLiteConcurrencyPerformanceTests.OutboxPerformanceTest_ShouldProcessOutboxMessages_Efficiently [24 ms]
  Error Message:
   Expected at least 80% processed, got 0/50
  Stack Trace:
     at VanAn.Core.Tests.Performance.SQLiteConcurrencyPerformanceTests.OutboxPerformanceTest_ShouldProcessOutboxMessages_Efficiently() in c:\VibeCoding\Gemini_Windsurf\6_Tests\VanAn.Core.Tests\Performance\SQLiteConcurrencyPerformanceTests.cs:line 273
--- End of stack trace from previous location ---
  Standard Output Messages:
 Outbox processing: 0/50 messages in 2ms
 Rate: 0.00 messages/second


  Passed VanAn.Core.Tests.Infrastructure.ValueConverters.TenantIdConverterTests.Should_Convert_To_Database_Value [< 1 ms]
  Passed VanAn.Core.Tests.Infrastructure.ValueConverters.TenantIdConverterTests.Should_Convert_From_Database_Value [< 1 ms]
[xUnit.net 00:00:08.21]     VanAn.Tests.ProductionDataTests.Should
_Handle_Production_Concurrent_Load [FAIL]
[xUnit.net 00:00:08.21]       Assert.All() Failure: 10 out of 10 items in the collection did not pass.
[xUnit.net 00:00:08.21]       [0]: Item:  False
[xUnit.net 00:00:08.21]            Error: Assert.True() Failure
[xUnit.net 00:00:08.21]                   Expected: True
[xUnit.net 00:00:08.21]                   Actual:   False
[xUnit.net 00:00:08.21]       [1]: Item:  False
[xUnit.net 00:00:08.21]            Error: Assert.True() Failure
[xUnit.net 00:00:08.21]                   Expected: True
[xUnit.net 00:00:08.21]                   Actual:   False
[xUnit.net 00:00:08.21]       [2]: Item:  False
[xUnit.net 00:00:08.21]            Error: Assert.True() Failure
[xUnit.net 00:00:08.21]                   Expected: True
[xUnit.net 00:00:08.21]                   Actual:   False
[xUnit.net 00:00:08.21]       [3]: Item:  False
[xUnit.net 00:00:08.21]            Error: Assert.True() Failure
[xUnit.net 00:00:08.21]                   Expected: True
[xUnit.net 00:00:08.21]                   Actual:   False
[xUnit.net 00:00:08.21]       [4]: Item:  False
[xUnit.net 00:00:08.21]            Error: Assert.True() Failure
[xUnit.net 00:00:08.21]                   Expected: True
[xUnit.net 00:00:08.21]                   Actual:   False
[xUnit.net 00:00:08.21]       [5]: Item:  False
[xUnit.net 00:00:08.21]            Error: Assert.True() Failure
[xUnit.net 00:00:08.21]                   Expected: True
[xUnit.net 00:00:08.22]                   Actual:   False
[xUnit.net 00:00:08.22]       [6]: Item:  False
[xUnit.net 00:00:08.22]            Error: Assert.True() Failure
[xUnit.net 00:00:08.22]                   Expected: True
[xUnit.net 00:00:08.22]                   Actual:   False
[xUnit.net 00:00:08.22]       [7]: Item:  False
[xUnit.net 00:00:08.22]            Error: Assert.True() Failure
[xUnit.net 00:00:08.22]                   Expected: True
[xUnit.net 00:00:08.22]                   Actual:   False
[xUnit.net 00:00:08.22]       [8]: Item:  False
[xUnit.net 00:00:08.23]            Error: Assert.True() Failure
[xUnit.net 00:00:08.23]                   Expected: True
[xUnit.net 00:00:08.23]                   Actual:   False
[xUnit.net 00:00:08.23]       [9]: Item:  False
[xUnit.net 00:00:08.23]            Error: Assert.True() Failure
[xUnit.net 00:00:08.23]                   Expected: True
[xUnit.net 00:00:08.23]                   Actual:   False
[xUnit.net 00:00:08.23]       Stack Trace:
[xUnit.net 00:00:08.23]         c:\VibeCoding\Gemini_Windsurf\6_Tests\VanAn.Core.Tests\ProductionDataTests.cs(165,0): at VanAn.Tests.ProductionDataTests.Should_Handle_Production_Concurrent_Load()
[xUnit.net 00:00:08.23]         --- End of stack trace from previous location ---
[xUnit.net 00:00:08.23]     VanAn.Core.Tests.Services.SimpleOutbox
ProcessorTests.ProcessOutboxMessagesAsync_ShouldRetryFailedMessage
s [FAIL]
[xUnit.net 00:00:08.23]       Assert.Equal() Failure: Values differ
[xUnit.net 00:00:08.23]       Expected: 2
[xUnit.net 00:00:08.23]       Actual:   1
[xUnit.net 00:00:08.23]       Stack Trace:
[xUnit.net 00:00:08.23]         c:\VibeCoding\Gemini_Windsurf\6_Tests\VanAn.Core.Tests\Services\SimpleOutboxProcessorTests.cs(137,0): at VanAn.Core.Tests.Services.SimpleOutboxProcessorTests.ProcessOutboxMessagesAsync_ShouldRetryFailedMessages()
[xUnit.net 00:00:08.23]         --- End of stack trace from previous location ---
[xUnit.net 00:00:08.23]     VanAn.Core.Tests.Services.SimpleOutbox
ProcessorTests.ExecuteAsync_ShouldProcessMessagesPeriodically 
[FAIL]
[xUnit.net 00:00:08.23]       Assert.NotNull() Failure: Value of type 'Nullable<DateTime>' does not have a value
[xUnit.net 00:00:08.23]       Stack Trace:
[xUnit.net 00:00:08.23]         c:\VibeCoding\Gemini_Windsurf\6_Tests\VanAn.Core.Tests\Services\SimpleOutboxProcessorTests.cs(247,0): at VanAn.Core.Tests.Services.SimpleOutboxProcessorTests.ExecuteAsync_ShouldProcessMessagesPeriodically()
[xUnit.net 00:00:08.23]         --- End of stack trace from previous location ---
  Passed VanAn.Core.Tests.Infrastructure.ValueConverters.TenantIdConverterTests.Should_Handle_Null_Values [< 1 ms]
  Passed VanAn.Core.Tests.Infrastructure.ValueConverters.MoneyConverterTests.Should_Handle_Null_Values [8 ms]
  Passed VanAn.Core.Tests.Infrastructure.ValueConverters.MoneyConverterTests.Should_Convert_From_Database_Value [1 ms]
  Passed VanAn.Core.Tests.Infrastructure.ValueConverters.MoneyConverterTests.Should_Handle_Zero_Value [2 ms]
  Passed VanAn.Core.Tests.Infrastructure.ValueConverters.MoneyConverterTests.Should_Convert_To_Database_Value [< 1 ms]
  Failed VanAn.Tests.ProductionDataTests.Should_Handle_Production_Concurrent_Load [5 s]
  Error Message:
   Assert.All() Failure: 10 out of 10 items in the collection did not pass.
[0]: Item:  False
     Error: Assert.True() Failure
            Expected: True
            Actual:   False
[1]: Item:  False
     Error: Assert.True() Failure
            Expected: True
            Actual:   False
[2]: Item:  False
     Error: Assert.True() Failure
            Expected: True
            Actual:   False
[3]: Item:  False
     Error: Assert.True() Failure
            Expected: True
            Actual:   False
[4]: Item:  False
     Error: Assert.True() Failure
            Expected: True
            Actual:   False
[5]: Item:  False
     Error: Assert.True() Failure
            Expected: True
            Actual:   False
[6]: Item:  False
     Error: Assert.True() Failure
            Expected: True
            Actual:   False
[7]: Item:  False
     Error: Assert.True() Failure
            Expected: True
            Actual:   False
[8]: Item:  False
     Error: Assert.True() Failure
            Expected: True
            Actual:   False
[9]: Item:  False
     Error: Assert.True() Failure
            Expected: True
            Actual:   False
  Stack Trace:
     at VanAn.Tests.ProductionDataTests.Should_Handle_Production_Concurrent_Load() in c:\VibeCoding\Gemini_Windsurf\6_Tests\VanAn.Core.Tests\ProductionDataTests.cs:line 165
--- End of stack trace from previous location ---
  Failed VanAn.Core.Tests.Services.SimpleOutboxProcessorTests.ProcessOutboxMessagesAsync_ShouldRetryFailedMessages [2 s]
  Error Message:
   Assert.Equal() Failure: Values differ
Expected: 2
Actual:   1
  Stack Trace:
     at VanAn.Core.Tests.Services.SimpleOutboxProcessorTests.ProcessOutboxMessagesAsync_ShouldRetryFailedMessages() in c:\VibeCoding\Gemini_Windsurf\6_Tests\VanAn.Core.Tests\Services\SimpleOutboxProcessorTests.cs:line 137
--- End of stack trace from previous location ---
  Failed VanAn.Core.Tests.Services.SimpleOutboxProcessorTests.ExecuteAsync_ShouldProcessMessagesPeriodically [6 ms]
  Error Message:
   Assert.NotNull() Failure: Value of type 'Nullable<DateTime>' does not have a value
  Stack Trace:
     at VanAn.Core.Tests.Services.SimpleOutboxProcessorTests.ExecuteAsync_ShouldProcessMessagesPeriodically() in c:\VibeCoding\Gemini_Windsurf\6_Tests\VanAn.Core.Tests\Services\SimpleOutboxProcessorTests.cs:line 247
--- End of stack trace from previous location ---
[xUnit.net 00:00:08.29]       Assert.NotNull() Failure: Value of type 'Nullable<DateTime>' does not have a value
[xUnit.net 00:00:08.29]       Stack Trace:
[xUnit.net 00:00:08.29]         c:\VibeCoding\Gemini_Windsurf\6_Tests\VanAn.Core.Tests\Services\SimpleOutboxProcessorTests.cs(211,0): at VanAn.Core.Tests.Services.SimpleOutboxProcessorTests.ProcessOutboxMessagesAsync_ShouldHandleDifferentEventTypes()
[xUnit.net 00:00:08.29]         --- End of stack trace from previous location ---
[xUnit.net 00:00:08.29]       Assert.Equal() Failure: Values differ
[xUnit.net 00:00:08.29]       Expected: 2
[xUnit.net 00:00:08.29]     VanAn.Core.Tests.Services.SimpleOutbox
ProcessorTests.ProcessOutboxMessagesAsync_ShouldHandleDifferentEve
ntTypes [FAIL]
[xUnit.net 00:00:08.29]     VanAn.Core.Tests.Integration.SQLiteCon
currencyIntegrationTests.ErrorRecovery_ShouldRetryFailedMessages 
[FAIL]
[xUnit.net 00:00:08.29]       Actual:   1
[xUnit.net 00:00:08.29]       Stack Trace:
[xUnit.net 00:00:08.29]         c:\VibeCoding\Gemini_Windsurf\6_Tests\VanAn.Core.Tests\Integration\SQLiteConcurrencyIntegrationTests.cs(267,0): at VanAn.Core.Tests.Integration.SQLiteConcurrencyIntegrationTests.ErrorRecovery_ShouldRetryFailedMessages()
[xUnit.net 00:00:08.29]         --- End of stack trace from previous location ---
[xUnit.net 00:00:08.37]     VanAn.Core.Tests.Infrastructure.Reposi
tories.AccountingEntryRepositoryTests.Should_Add_Entry_Successfull
y [FAIL]
[xUnit.net 00:00:08.37]       System.InvalidOperationException : Failed to add accounting entry d652c716-01ab-4968-a243-5c7d25b4e968 to database
[xUnit.net 00:00:08.37]       ---- System.InvalidCastException : Object must implement IConvertible.
[xUnit.net 00:00:08.37]       Stack Trace:
[xUnit.net 00:00:08.37]         C:\VibeCoding\Gemini_Windsurf\3_CoreHub\Repositories\AccountingEntryRepository.cs(191,0): at VanAn.CoreHub.Repositories.AccountingEntryRepository.AddAsync(AccountingEntry entry, CancellationToken cancellationToken)
[xUnit.net 00:00:08.37]         c:\VibeCoding\Gemini_Windsurf\6_Tests\VanAn.Core.Tests\Infrastructure\Repositories\AccountingEntryRepositoryTests.cs(42,0): at VanAn.Core.Tests.Infrastructure.Repositories.AccountingEntryRepositoryTests.Should_Add_Entry_Successfully()
[xUnit.net 00:00:08.37]         --- End of stack trace from previous location ---
[xUnit.net 00:00:08.37]         ----- Inner Stack Trace -----
[xUnit.net 00:00:08.37]            at System.Convert.ChangeType(Object value, Type conversionType, IFormatProvider provider)
[xUnit.net 00:00:08.37]            at Microsoft.EntityFrameworkCore.Storage.ValueConversion.ValueConverter`2.Sanitize[T](Object value)
[xUnit.net 00:00:08.37]            at Microsoft.EntityFrameworkCore.Storage.ValueConversion.ValueConverter`2.<>c__DisplayClass6_0`2.<SanitizeConverter>b__1(Object v)
[xUnit.net 00:00:08.37]            at Microsoft.EntityFrameworkCore.Storage.RelationalTypeMapping.GenerateSqlLiteral(Object value)
[xUnit.net 00:00:08.37]            at Microsoft.EntityFrameworkCore.Query.QuerySqlGenerator.VisitSqlConstant(SqlConstantExpression sqlConstantExpression)
[xUnit.net 00:00:08.37]            at Microsoft.EntityFrameworkCore.Query.SqlExpressionVisitor.VisitExtension(Expression extensionExpression)
[xUnit.net 00:00:08.37]            at Microsoft.EntityFrameworkCore.Sqlite.Query.Internal.SqliteQuerySqlGenerator.VisitExtension(Expression extensionExpression)
[xUnit.net 00:00:08.37]            at Microsoft.EntityFrameworkCore.Query.QuerySqlGenerator.VisitSqlBinary(SqlBinaryExpression sqlBinaryExpression)
[xUnit.net 00:00:08.37]            at Microsoft.EntityFrameworkCore.Query.SqlExpressionVisitor.VisitExtension(Expression extensionExpression)
[xUnit.net 00:00:08.37]            at Microsoft.EntityFrameworkCore.Sqlite.Query.Internal.SqliteQuerySqlGenerator.VisitExtension(Expression extensionExpression)
[xUnit.net 00:00:08.38]            at Microsoft.EntityFrameworkCore.Query.QuerySqlGenerator.VisitSqlBinary(SqlBinaryExpression sqlBinaryExpression)
[xUnit.net 00:00:08.38]            at Microsoft.EntityFrameworkCore.Query.SqlExpressionVisitor.VisitExtension(Expression extensionExpression)
[xUnit.net 00:00:08.38]            at Microsoft.EntityFrameworkCore.Sqlite.Query.Internal.SqliteQuerySqlGenerator.VisitExtension(Expression extensionExpression)
[xUnit.net 00:00:08.38]            at Microsoft.EntityFrameworkCore.Query.QuerySqlGenerator.VisitSelect(SelectExpression selectExpression)
[xUnit.net 00:00:08.38]            at Microsoft.EntityFrameworkCore.Query.QuerySqlGenerator.GenerateRootCommand(Expression queryExpression)
[xUnit.net 00:00:08.38]            at Microsoft.EntityFrameworkCore.Query.QuerySqlGenerator.GetCommand(Expression queryExpression)
[xUnit.net 00:00:08.38]            at Microsoft.EntityFrameworkCore.Query.Internal.RelationalCommandCache.GetRelationalCommandTemplate(IReadOnlyDictionary`2 parameters)
[xUnit.net 00:00:08.38]            at Microsoft.EntityFrameworkCore.Internal.RelationCommandCacheExtensions.RentAndPopulateRelationalCommand(RelationalCommandCache relationalCommandCache, RelationalQueryContext queryContext)
[xUnit.net 00:00:08.38]            at Microsoft.EntityFrameworkCore.Query.Internal.SingleQueryingEnumerable`1.AsyncEnumerator.InitializeReaderAsync(AsyncEnumerator enumerator, CancellationToken cancellationToken)
[xUnit.net 00:00:08.38]            at Microsoft.EntityFrameworkCore.Query.Internal.SingleQueryingEnumerable`1.AsyncEnumerator.MoveNextAsync()
[xUnit.net 00:00:08.38]            at Microsoft.EntityFrameworkCore.Query.ShapedQueryCompilingExpressionVisitor.SingleOrDefaultAsync[TSource](IAsyncEnumerable`1 asyncEnumerable, CancellationToken cancellationToken)
[xUnit.net 00:00:08.38]            at Microsoft.EntityFrameworkCore.Query.ShapedQueryCompilingExpressionVisitor.SingleOrDefaultAsync[TSource](IAsyncEnumerable`1 asyncEnumerable, CancellationToken cancellationToken)
[xUnit.net 00:00:08.38]         C:\VibeCoding\Gemini_Windsurf\3_CoreHub\Repositories\AccountingEntryRepository.cs(167,0): at VanAn.CoreHub.Repositories.AccountingEntryRepository.AddAsync(AccountingEntry entry, CancellationToken cancellationToken)
  Failed VanAn.Core.Tests.Services.SimpleOutboxProcessorTests.ProcessOutboxMessagesAsync_ShouldHandleDifferentEventTypes [48 ms]
  Error Message:
   Assert.NotNull() Failure: Value of type 'Nullable<DateTime>' does not have a value
  Stack Trace:
     at VanAn.Core.Tests.Services.SimpleOutboxProcessorTests.ProcessOutboxMessagesAsync_ShouldHandleDifferentEventTypes() in c:\VibeCoding\Gemini_Windsurf\6_Tests\VanAn.Core.Tests\Services\SimpleOutboxProcessorTests.cs:line 211
--- End of stack trace from previous location ---
  Failed VanAn.Core.Tests.Integration.SQLiteConcurrencyIntegrationTests.ErrorRecovery_ShouldRetryFailedMessages [6 s]
  Error Message:
   Assert.Equal() Failure: Values differ
Expected: 2
Actual:   1
  Stack Trace:
     at VanAn.Core.Tests.Integration.SQLiteConcurrencyIntegrationTests.ErrorRecovery_ShouldRetryFailedMessages() in c:\VibeCoding\Gemini_Windsurf\6_Tests\VanAn.Core.Tests\Integration\SQLiteConcurrencyIntegrationTests.cs:line 267
--- End of stack trace from previous location ---
  Passed VanAn.Core.Tests.Services.OrderQueueServiceTests.StartAsync_ShouldBeginProcessingOrders [153 ms]
  Passed VanAn.Core.Tests.Services.OrderQueueServiceTests.EnqueueOrderAsync_ShouldAddOrderToQueue [1 ms]
  Passed VanAn.Core.Tests.Services.OrderQueueServiceTests.StopAsync_ShouldStopProcessingGracefully [9 ms]
  Failed VanAn.Core.Tests.Infrastructure.Repositories.AccountingEntryRepositoryTests.Should_Add_Entry_Successfully [280 ms]
  Error Message:
   System.InvalidOperationException : Failed to add accounting entry d652c716-01ab-4968-a243-5c7d25b4e968 to database
---- System.InvalidCastException : Object must implement IConvertible.
  Stack Trace:
     at VanAn.CoreHub.Repositories.AccountingEntryRepository.AddAsync(AccountingEntry entry, CancellationToken cancellationToken) in C:\VibeCoding\Gemini_Windsurf\3_CoreHub\Repositories\AccountingEntryRepository.cs:line 191
   at VanAn.Core.Tests.Infrastructure.Repositories.AccountingEntryRepositoryTests.Should_Add_Entry_Successfully() in c:\VibeCoding\Gemini_Windsurf\6_Tests\VanAn.Core.Tests\Infrastructure\Repositories\AccountingEntryRepositoryTests.cs:line 42
--- End of stack trace from previous location ---
----- Inner Stack Trace -----
   at System.Convert.ChangeType(Object value, Type conversionType, IFormatProvider provider)
   at Microsoft.EntityFrameworkCore.Storage.ValueConversion.ValueConverter`2.Sanitize[T](Object value)
   at Microsoft.EntityFrameworkCore.Storage.ValueConversion.ValueConverter`2.<>c__DisplayClass6_0`2.<SanitizeConverter>b__1(Object v)
   at Microsoft.EntityFrameworkCore.Storage.RelationalTypeMapping.GenerateSqlLiteral(Object value)
   at Microsoft.EntityFrameworkCore.Query.QuerySqlGenerator.VisitSqlConstant(SqlConstantExpression sqlConstantExpression)
   at Microsoft.EntityFrameworkCore.Query.SqlExpressionVisitor.VisitExtension(Expression extensionExpression)
   at Microsoft.EntityFrameworkCore.Sqlite.Query.Internal.SqliteQuerySqlGenerator.VisitExtension(Expression extensionExpression)
   at Microsoft.EntityFrameworkCore.Query.QuerySqlGenerator.VisitSqlBinary(SqlBinaryExpression sqlBinaryExpression)
   at Microsoft.EntityFrameworkCore.Query.SqlExpressionVisitor.VisitExtension(Expression extensionExpression)
   at Microsoft.EntityFrameworkCore.Sqlite.Query.Internal.SqliteQuerySqlGenerator.VisitExtension(Expression extensionExpression)
   at Microsoft.EntityFrameworkCore.Query.QuerySqlGenerator.VisitSqlBinary(SqlBinaryExpression sqlBinaryExpression)
   at Microsoft.EntityFrameworkCore.Query.SqlExpressionVisitor.VisitExtension(Expression extensionExpression)
   at Microsoft.EntityFrameworkCore.Sqlite.Query.Internal.SqliteQuerySqlGenerator.VisitExtension(Expression extensionExpression)
   at Microsoft.EntityFrameworkCore.Query.QuerySqlGenerator.VisitSelect(SelectExpression selectExpression)
   at Microsoft.EntityFrameworkCore.Query.QuerySqlGenerator.GenerateRootCommand(Expression queryExpression)
   at Microsoft.EntityFrameworkCore.Query.QuerySqlGenerator.GetCommand(Expression queryExpression)
   at Microsoft.EntityFrameworkCore.Query.Internal.RelationalCommandCache.GetRelationalCommandTemplate(IReadOnlyDictionary`2 parameters)
   at Microsoft.EntityFrameworkCore.Internal.RelationCommandCacheExtensions.RentAndPopulateRelationalCommand(RelationalCommandCache relationalCommandCache, RelationalQueryContext queryContext)
   at Microsoft.EntityFrameworkCore.Query.Internal.SingleQueryingEnumerable`1.AsyncEnumerator.InitializeReaderAsync(AsyncEnumerator enumerator, CancellationToken cancellationToken)
   at Microsoft.EntityFrameworkCore.Query.Internal.SingleQueryingEnumerable`1.AsyncEnumerator.MoveNextAsync()
   at Microsoft.EntityFrameworkCore.Query.ShapedQueryCompilingExpressionVisitor.SingleOrDefaultAsync[TSource](IAsyncEnumerable`1 asyncEnumerable, CancellationToken cancellationToken)
   at Microsoft.EntityFrameworkCore.Query.ShapedQueryCompilingExpressionVisitor.SingleOrDefaultAsync[TSource](IAsyncEnumerable`1 asyncEnumerable, CancellationToken cancellationToken)
   at VanAn.CoreHub.Repositories.AccountingEntryRepository.AddAsync(AccountingEntry entry, CancellationToken cancellationToken) in C:\VibeCoding\Gemini_Windsurf\3_CoreHub\Repositories\AccountingEntryRepository.cs:line 167
  Passed VanAn.Tests.TimeBasedBugTests.Should_Handle_Rapid_Successive_Updates [5 s]
[xUnit.net 00:00:08.45]     
VanAn.Tests.TimeBasedBugTests.Should_Handle_Future_Timestamps 
[FAIL]
[xUnit.net 00:00:08.45]       Assert.True() Failure
[xUnit.net 00:00:08.45]       Expected: True
[xUnit.net 00:00:08.45]       Actual:   False
[xUnit.net 00:00:08.45]       Stack Trace:
[xUnit.net 00:00:08.45]         c:\VibeCoding\Gemini_Windsurf\6_Tests\VanAn.Core.Tests\TimeBasedBugTests.cs(303,0): at VanAn.Tests.TimeBasedBugTests.Should_Handle_Future_Timestamps()
[xUnit.net 00:00:08.45]         --- End of stack trace from previous location ---
  Passed VanAn.Tests.TimeBasedBugTests.Should_Handle_Timestamp_Overflow [3 ms]
  Passed VanAn.Tests.TimeBasedBugTests.Should_Handle_Daylight_Saving_Time_Transitions [5 ms]
  Passed VanAn.Tests.TimeBasedBugTests.Should_Handle_Timezone_Differences [16 ms]
  Passed VanAn.Tests.TimeBasedBugTests.Should_Handle_Clock_Drift_During_Sync [5 ms]
  Passed VanAn.Tests.TimeBasedBugTests.Should_Handle_Millisecond_Precision [4 ms]
  Passed VanAn.Tests.TimeBasedBugTests.Should_Handle_Negative_Timestamps [15 ms]
  Passed VanAn.Tests.TimeBasedBugTests.Should_Handle_Concurrent_Time_Updates [4 ms]
  Failed VanAn.Tests.TimeBasedBugTests.Should_Handle_Future_Timestamps [5 ms]
  Error Message:
   Assert.True() Failure
Expected: True
Actual:   False
  Stack Trace:
     at VanAn.Tests.TimeBasedBugTests.Should_Handle_Future_Timestamps() in c:\VibeCoding\Gemini_Windsurf\6_Tests\VanAn.Core.Tests\TimeBasedBugTests.cs:line 303
--- End of stack trace from previous location ---
  Passed VanAn.Tests.UIStateMachineTests.UI_Should_Display_Sync_Progress_For_Multiple_Orders [683 ms]
[xUnit.net 00:00:08.57]     VanAn.Tests.UIStateMachineTests.UI_Sho
uld_Handle_Network_State_Changes [FAIL]
[xUnit.net 00:00:08.57]       Assert.Equal() Failure: Collections differ
[xUnit.net 00:00:08.57]                             ??? (pos 0)
[xUnit.net 00:00:08.57]       Expected: bool[]     [True, False, True]
[xUnit.net 00:00:08.57]       Actual:   List<bool> [False, False, False]
[xUnit.net 00:00:08.57]                             ??? (pos 0)
[xUnit.net 00:00:08.57]       Stack Trace:
[xUnit.net 00:00:08.57]         c:\VibeCoding\Gemini_Windsurf\6_Tests\VanAn.Core.Tests\UIStateMachineTests.cs(388,0): at VanAn.Tests.UIStateMachineTests.UI_Should_Handle_Network_State_Changes()
[xUnit.net 00:00:08.57]         --- End of stack trace from previous location ---
[xUnit.net 00:00:08.68]     VanAn.Core.Tests.Infrastructure.Reposi
tories.AccountingEntryRepositoryTests.Should_Get_By_Tenant_And_Boo
kType [FAIL]
[xUnit.net 00:00:08.68]       System.InvalidOperationException : Failed to add accounting entry b9e14355-4985-47a8-8c14-8f0a76928843 to database
[xUnit.net 00:00:08.68]       ---- System.InvalidCastException : Object must implement IConvertible.
[xUnit.net 00:00:08.68]       Stack Trace:
[xUnit.net 00:00:08.68]         C:\VibeCoding\Gemini_Windsurf\3_CoreHub\Repositories\AccountingEntryRepository.cs(191,0): at VanAn.CoreHub.Repositories.AccountingEntryRepository.AddAsync(AccountingEntry entry, CancellationToken cancellationToken)
[xUnit.net 00:00:08.68]         c:\VibeCoding\Gemini_Windsurf\6_Tests\VanAn.Core.Tests\Infrastructure\Repositories\AccountingEntryRepositoryTests.cs(62,0): at VanAn.Core.Tests.Infrastructure.Repositories.AccountingEntryRepositoryTests.Should_Get_By_Tenant_And_BookType()
[xUnit.net 00:00:08.68]         --- End of stack trace from previous location ---
[xUnit.net 00:00:08.68]         ----- Inner Stack Trace -----
[xUnit.net 00:00:08.68]            at System.Convert.ChangeType(Object value, Type conversionType, IFormatProvider provider)
[xUnit.net 00:00:08.68]            at Microsoft.EntityFrameworkCore.Storage.ValueConversion.ValueConverter`2.Sanitize[T](Object value)
[xUnit.net 00:00:08.68]            at Microsoft.EntityFrameworkCore.Storage.ValueConversion.ValueConverter`2.<>c__DisplayClass6_0`2.<SanitizeConverter>b__1(Object v)
[xUnit.net 00:00:08.68]            at Microsoft.EntityFrameworkCore.Storage.RelationalTypeMapping.GenerateSqlLiteral(Object value)
[xUnit.net 00:00:08.68]            at Microsoft.EntityFrameworkCore.Query.QuerySqlGenerator.VisitSqlConstant(SqlConstantExpression sqlConstantExpression)
[xUnit.net 00:00:08.68]            at Microsoft.EntityFrameworkCore.Query.SqlExpressionVisitor.VisitExtension(Expression extensionExpression)
[xUnit.net 00:00:08.68]            at Microsoft.EntityFrameworkCore.Sqlite.Query.Internal.SqliteQuerySqlGenerator.VisitExtension(Expression extensionExpression)
[xUnit.net 00:00:08.68]            at Microsoft.EntityFrameworkCore.Query.QuerySqlGenerator.VisitSqlBinary(SqlBinaryExpression sqlBinaryExpression)
[xUnit.net 00:00:08.68]            at Microsoft.EntityFrameworkCore.Query.SqlExpressionVisitor.VisitExtension(Expression extensionExpression)
[xUnit.net 00:00:08.68]            at Microsoft.EntityFrameworkCore.Sqlite.Query.Internal.SqliteQuerySqlGenerator.VisitExtension(Expression extensionExpression)
[xUnit.net 00:00:08.68]            at Microsoft.EntityFrameworkCore.Query.QuerySqlGenerator.VisitSqlBinary(SqlBinaryExpression sqlBinaryExpression)
[xUnit.net 00:00:08.68]            at Microsoft.EntityFrameworkCore.Query.SqlExpressionVisitor.VisitExtension(Expression extensionExpression)
[xUnit.net 00:00:08.68]            at Microsoft.EntityFrameworkCore.Sqlite.Query.Internal.SqliteQuerySqlGenerator.VisitExtension(Expression extensionExpression)
[xUnit.net 00:00:08.68]            at Microsoft.EntityFrameworkCore.Query.QuerySqlGenerator.VisitSelect(SelectExpression selectExpression)
[xUnit.net 00:00:08.68]            at Microsoft.EntityFrameworkCore.Query.QuerySqlGenerator.GenerateRootCommand(Expression queryExpression)
[xUnit.net 00:00:08.68]            at Microsoft.EntityFrameworkCore.Query.QuerySqlGenerator.GetCommand(Expression queryExpression)
[xUnit.net 00:00:08.68]            at Microsoft.EntityFrameworkCore.Query.Internal.RelationalCommandCache.GetRelationalCommandTemplate(IReadOnlyDictionary`2 parameters)
[xUnit.net 00:00:08.68]            at Microsoft.EntityFrameworkCore.Internal.RelationCommandCacheExtensions.RentAndPopulateRelationalCommand(RelationalCommandCache relationalCommandCache, RelationalQueryContext queryContext)
[xUnit.net 00:00:08.68]            at Microsoft.EntityFrameworkCore.Query.Internal.SingleQueryingEnumerable`1.AsyncEnumerator.InitializeReaderAsync(AsyncEnumerator enumerator, CancellationToken cancellationToken)
[xUnit.net 00:00:08.68]            at Microsoft.EntityFrameworkCore.Query.Internal.SingleQueryingEnumerable`1.AsyncEnumerator.MoveNextAsync()
[xUnit.net 00:00:08.68]            at Microsoft.EntityFrameworkCore.Query.ShapedQueryCompilingExpressionVisitor.SingleOrDefaultAsync[TSource](IAsyncEnumerable`1 asyncEnumerable, CancellationToken cancellationToken)
[xUnit.net 00:00:08.68]            at Microsoft.EntityFrameworkCore.Query.ShapedQueryCompilingExpressionVisitor.SingleOrDefaultAsync[TSource](IAsyncEnumerable`1 asyncEnumerable, CancellationToken cancellationToken)
[xUnit.net 00:00:08.68]         C:\VibeCoding\Gemini_Windsurf\3_CoreHub\Repositories\AccountingEntryRepository.cs(167,0): at VanAn.CoreHub.Repositories.AccountingEntryRepository.AddAsync(AccountingEntry entry, CancellationToken cancellationToken)
[xUnit.net 00:00:08.93]     VanAn.Core.Tests.Infrastructure.Reposi
tories.AccountingEntryRepositoryTests.Should_Get_By_Tenant_And_Dat
eRange [FAIL]
[xUnit.net 00:00:08.93]       System.InvalidOperationException : Failed to add accounting entry f771dbea-2d33-4e27-ac17-5c18eefa81ce to database
[xUnit.net 00:00:08.93]       ---- System.InvalidCastException : Object must implement IConvertible.
[xUnit.net 00:00:08.93]       Stack Trace:
[xUnit.net 00:00:08.93]         C:\VibeCoding\Gemini_Windsurf\3_CoreHub\Repositories\AccountingEntryRepository.cs(191,0): at VanAn.CoreHub.Repositories.AccountingEntryRepository.AddAsync(AccountingEntry entry, CancellationToken cancellationToken)
[xUnit.net 00:00:08.93]         c:\VibeCoding\Gemini_Windsurf\6_Tests\VanAn.Core.Tests\Infrastructure\Repositories\AccountingEntryRepositoryTests.cs(87,0): at VanAn.Core.Tests.Infrastructure.Repositories.AccountingEntryRepositoryTests.Should_Get_By_Tenant_And_DateRange()
[xUnit.net 00:00:08.93]         --- End of stack trace from previous location ---
[xUnit.net 00:00:08.93]         ----- Inner Stack Trace -----
[xUnit.net 00:00:08.93]            at System.Convert.ChangeType(Object value, Type conversionType, IFormatProvider provider)
[xUnit.net 00:00:08.93]            at Microsoft.EntityFrameworkCore.Storage.ValueConversion.ValueConverter`2.Sanitize[T](Object value)
[xUnit.net 00:00:08.93]            at Microsoft.EntityFrameworkCore.Storage.ValueConversion.ValueConverter`2.<>c__DisplayClass6_0`2.<SanitizeConverter>b__1(Object v)
[xUnit.net 00:00:08.93]            at Microsoft.EntityFrameworkCore.Storage.RelationalTypeMapping.GenerateSqlLiteral(Object value)
[xUnit.net 00:00:08.93]            at Microsoft.EntityFrameworkCore.Query.QuerySqlGenerator.VisitSqlConstant(SqlConstantExpression sqlConstantExpression)
[xUnit.net 00:00:08.93]            at Microsoft.EntityFrameworkCore.Query.SqlExpressionVisitor.VisitExtension(Expression extensionExpression)
[xUnit.net 00:00:08.93]            at Microsoft.EntityFrameworkCore.Sqlite.Query.Internal.SqliteQuerySqlGenerator.VisitExtension(Expression extensionExpression)
[xUnit.net 00:00:08.93]            at Microsoft.EntityFrameworkCore.Query.QuerySqlGenerator.VisitSqlBinary(SqlBinaryExpression sqlBinaryExpression)
[xUnit.net 00:00:08.93]            at Microsoft.EntityFrameworkCore.Query.SqlExpressionVisitor.VisitExtension(Expression extensionExpression)
[xUnit.net 00:00:08.93]            at Microsoft.EntityFrameworkCore.Sqlite.Query.Internal.SqliteQuerySqlGenerator.VisitExtension(Expression extensionExpression)
[xUnit.net 00:00:08.93]            at Microsoft.EntityFrameworkCore.Query.QuerySqlGenerator.VisitSqlBinary(SqlBinaryExpression sqlBinaryExpression)
[xUnit.net 00:00:08.93]            at Microsoft.EntityFrameworkCore.Query.SqlExpressionVisitor.VisitExtension(Expression extensionExpression)
[xUnit.net 00:00:08.93]            at Microsoft.EntityFrameworkCore.Sqlite.Query.Internal.SqliteQuerySqlGenerator.VisitExtension(Expression extensionExpression)
[xUnit.net 00:00:08.93]            at Microsoft.EntityFrameworkCore.Query.QuerySqlGenerator.VisitSelect(SelectExpression selectExpression)
[xUnit.net 00:00:08.93]            at Microsoft.EntityFrameworkCore.Query.QuerySqlGenerator.GenerateRootCommand(Expression queryExpression)
[xUnit.net 00:00:08.93]            at Microsoft.EntityFrameworkCore.Query.QuerySqlGenerator.GetCommand(Expression queryExpression)
[xUnit.net 00:00:08.93]            at Microsoft.EntityFrameworkCore.Query.Internal.RelationalCommandCache.GetRelationalCommandTemplate(IReadOnlyDictionary`2 parameters)
[xUnit.net 00:00:08.93]            at Microsoft.EntityFrameworkCore.Internal.RelationCommandCacheExtensions.RentAndPopulateRelationalCommand(RelationalCommandCache relationalCommandCache, RelationalQueryContext queryContext)
[xUnit.net 00:00:08.93]            at Microsoft.EntityFrameworkCore.Query.Internal.SingleQueryingEnumerable`1.AsyncEnumerator.InitializeReaderAsync(AsyncEnumerator enumerator, CancellationToken cancellationToken)
[xUnit.net 00:00:08.93]            at Microsoft.EntityFrameworkCore.Query.Internal.SingleQueryingEnumerable`1.AsyncEnumerator.MoveNextAsync()
[xUnit.net 00:00:08.93]            at Microsoft.EntityFrameworkCore.Query.ShapedQueryCompilingExpressionVisitor.SingleOrDefaultAsync[TSource](IAsyncEnumerable`1 asyncEnumerable, CancellationToken cancellationToken)
[xUnit.net 00:00:08.93]            at Microsoft.EntityFrameworkCore.Query.ShapedQueryCompilingExpressionVisitor.SingleOrDefaultAsync[TSource](IAsyncEnumerable`1 asyncEnumerable, CancellationToken cancellationToken)
[xUnit.net 00:00:08.93]         C:\VibeCoding\Gemini_Windsurf\3_CoreHub\Repositories\AccountingEntryRepository.cs(167,0): at VanAn.CoreHub.Repositories.AccountingEntryRepository.AddAsync(AccountingEntry entry, CancellationToken cancellationToken)
[xUnit.net 00:00:09.36]     VanAn.Core.Tests.Accounting.DynamicFor
mExtensionTests.DynamicForm_ShouldRenderAllAccountingFields_WithCo
rrectTypes [FAIL]
[xUnit.net 00:00:09.36]       System.NullReferenceException : Object reference not set to an instance of an object.
[xUnit.net 00:00:09.36]       Stack Trace:
[xUnit.net 00:00:09.36]         c:\VibeCoding\Gemini_Windsurf\UI.Platform\Components\Composite\DynamicForm.razor(43,0): at VanAn.UI.Platform.Components.Composite.DynamicForm.BuildRenderTree(RenderTreeBuilder __builder)
[xUnit.net 00:00:09.36]            at Microsoft.AspNetCore.Components.ComponentBase.<.ctor>b__6_0(RenderTreeBuilder builder)
[xUnit.net 00:00:09.36]            at Microsoft.AspNetCore.Components.Rendering.ComponentState.RenderIntoBatch(RenderBatchBuilder batchBuilder, RenderFragment renderFragment, Exception& renderFragmentException)
[xUnit.net 00:00:09.37]         --- End of stack trace from previous location ---
[xUnit.net 00:00:09.37]         /_/src/bunit.core/Rendering/TestRenderer.cs(629,0): at Bunit.Rendering.TestRenderer.AssertNoUnhandledExceptions()
[xUnit.net 00:00:09.37]         /_/src/bunit.core/Rendering/TestRenderer.cs(480,0): at Bunit.Rendering.TestRenderer.Render[TResult](RenderFragment renderFragment, Func`2 activator)
[xUnit.net 00:00:09.37]         /_/src/bunit.core/Rendering/TestRenderer.cs(101,0): at Bunit.Rendering.TestRenderer.RenderFragment(RenderFragment renderFragment)
[xUnit.net 00:00:09.37]         /_/src/bunit.core/Extensions/TestContextBaseRenderExtensions.cs(43,0): at Bunit.Extensions.TestContextBaseRenderExtensions.RenderInsideRenderTree(TestContextBase testContext, RenderFragment renderFragment)
[xUnit.net 00:00:09.37]         /_/src/bunit.core/Extensions/TestContextBaseRenderExtensions.cs(23,0): at Bunit.Extensions.TestContextBaseRenderExtensions.RenderInsideRenderTree[TComponent](TestContextBase testContext, RenderFragment renderFragment)
[xUnit.net 00:00:09.37]         /_/src/bunit.web/TestContext.cs(68,0): at Bunit.TestContext.Render[TComponent](RenderFragment renderFragment)
[xUnit.net 00:00:09.37]         /_/src/bunit.web/TestContext.cs(54,0): at Bunit.TestContext.RenderComponent[TComponent](Action`1 parameterBuilder)
[xUnit.net 00:00:09.37]         c:\VibeCoding\Gemini_Windsurf\6_Tests\VanAn.Core.Tests\Accounting\DynamicFormExtensionTests.cs(91,0): at VanAn.Core.Tests.Accounting.DynamicFormExtensionTests.DynamicForm_ShouldRenderAllAccountingFields_WithCorrectTypes()
[xUnit.net 00:00:09.37]            at System.RuntimeMethodHandle.InvokeMethod(Object target, Void** arguments, Signature sig, Boolean isConstructor)
[xUnit.net 00:00:09.37]            at System.Reflection.MethodBaseInvoker.InvokeWithNoArgs(Object obj, BindingFlags invokeAttr)
  Failed VanAn.Tests.UIStateMachineTests.UI_Should_Handle_Network_State_Changes [63 ms]
  Error Message:
   Assert.Equal() Failure: Collections differ
                      ??? (pos 0)
Expected: bool[]     [True, False, True]
Actual:   List<bool> [False, False, False]
                      ??? (pos 0)
  Stack Trace:
     at VanAn.Tests.UIStateMachineTests.UI_Should_Handle_Network_State_Changes() in c:\VibeCoding\Gemini_Windsurf\6_Tests\VanAn.Core.Tests\UIStateMachineTests.cs:line 388
--- End of stack trace from previous location ---
  Passed VanAn.Tests.UIStateMachineTests.UI_Should_Handle_Large_Order_Lists_Efficiently [2 ms]
  Failed VanAn.Core.Tests.Infrastructure.Repositories.AccountingEntryRepositoryTests.Should_Get_By_Tenant_And_BookType [309 ms]
  Error Message:
   System.InvalidOperationException : Failed to add accounting entry b9e14355-4985-47a8-8c14-8f0a76928843 to database
---- System.InvalidCastException : Object must implement IConvertible.
  Stack Trace:
     at VanAn.CoreHub.Repositories.AccountingEntryRepository.AddAsync(AccountingEntry entry, CancellationToken cancellationToken) in C:\VibeCoding\Gemini_Windsurf\3_CoreHub\Repositories\AccountingEntryRepository.cs:line 191
   at VanAn.Core.Tests.Infrastructure.Repositories.AccountingEntryRepositoryTests.Should_Get_By_Tenant_And_BookType() in c:\VibeCoding\Gemini_Windsurf\6_Tests\VanAn.Core.Tests\Infrastructure\Repositories\AccountingEntryRepositoryTests.cs:line 62
--- End of stack trace from previous location ---
----- Inner Stack Trace -----
   at System.Convert.ChangeType(Object value, Type conversionType, IFormatProvider provider)
   at Microsoft.EntityFrameworkCore.Storage.ValueConversion.ValueConverter`2.Sanitize[T](Object value)
   at Microsoft.EntityFrameworkCore.Storage.ValueConversion.ValueConverter`2.<>c__DisplayClass6_0`2.<SanitizeConverter>b__1(Object v)
   at Microsoft.EntityFrameworkCore.Storage.RelationalTypeMapping.GenerateSqlLiteral(Object value)
   at Microsoft.EntityFrameworkCore.Query.QuerySqlGenerator.VisitSqlConstant(SqlConstantExpression sqlConstantExpression)
   at Microsoft.EntityFrameworkCore.Query.SqlExpressionVisitor.VisitExtension(Expression extensionExpression)
   at Microsoft.EntityFrameworkCore.Sqlite.Query.Internal.SqliteQuerySqlGenerator.VisitExtension(Expression extensionExpression)
   at Microsoft.EntityFrameworkCore.Query.QuerySqlGenerator.VisitSqlBinary(SqlBinaryExpression sqlBinaryExpression)
   at Microsoft.EntityFrameworkCore.Query.SqlExpressionVisitor.VisitExtension(Expression extensionExpression)
   at Microsoft.EntityFrameworkCore.Sqlite.Query.Internal.SqliteQuerySqlGenerator.VisitExtension(Expression extensionExpression)
   at Microsoft.EntityFrameworkCore.Query.QuerySqlGenerator.VisitSqlBinary(SqlBinaryExpression sqlBinaryExpression)
   at Microsoft.EntityFrameworkCore.Query.SqlExpressionVisitor.VisitExtension(Expression extensionExpression)
   at Microsoft.EntityFrameworkCore.Sqlite.Query.Internal.SqliteQuerySqlGenerator.VisitExtension(Expression extensionExpression)
   at Microsoft.EntityFrameworkCore.Query.QuerySqlGenerator.VisitSelect(SelectExpression selectExpression)
   at Microsoft.EntityFrameworkCore.Query.QuerySqlGenerator.GenerateRootCommand(Expression queryExpression)
   at Microsoft.EntityFrameworkCore.Query.QuerySqlGenerator.GetCommand(Expression queryExpression)
   at Microsoft.EntityFrameworkCore.Query.Internal.RelationalCommandCache.GetRelationalCommandTemplate(IReadOnlyDictionary`2 parameters)
   at Microsoft.EntityFrameworkCore.Internal.RelationCommandCacheExtensions.RentAndPopulateRelationalCommand(RelationalCommandCache relationalCommandCache, RelationalQueryContext queryContext)
   at Microsoft.EntityFrameworkCore.Query.Internal.SingleQueryingEnumerable`1.AsyncEnumerator.InitializeReaderAsync(AsyncEnumerator enumerator, CancellationToken cancellationToken)
   at Microsoft.EntityFrameworkCore.Query.Internal.SingleQueryingEnumerable`1.AsyncEnumerator.MoveNextAsync()
   at Microsoft.EntityFrameworkCore.Query.ShapedQueryCompilingExpressionVisitor.SingleOrDefaultAsync[TSource](IAsyncEnumerable`1 asyncEnumerable, CancellationToken cancellationToken)
   at Microsoft.EntityFrameworkCore.Query.ShapedQueryCompilingExpressionVisitor.SingleOrDefaultAsync[TSource](IAsyncEnumerable`1 asyncEnumerable, CancellationToken cancellationToken)
   at VanAn.CoreHub.Repositories.AccountingEntryRepository.AddAsync(AccountingEntry entry, CancellationToken cancellationToken) in C:\VibeCoding\Gemini_Windsurf\3_CoreHub\Repositories\AccountingEntryRepository.cs:line 167
  Passed GetPostgreSQLMetricsAsync_Should_Handle_Empty_Database [790 ms]
  Standard Output Messages:
 [DashboardServiceTests] Initialized with Test Harness 4 layer - Schema Created
 Empty database handled correctly


  Failed VanAn.Core.Tests.Infrastructure.Repositories.AccountingEntryRepositoryTests.Should_Get_By_Tenant_And_DateRange [248 ms]
  Error Message:
   System.InvalidOperationException : Failed to add accounting entry f771dbea-2d33-4e27-ac17-5c18eefa81ce to database
---- System.InvalidCastException : Object must implement IConvertible.
  Stack Trace:
     at VanAn.CoreHub.Repositories.AccountingEntryRepository.AddAsync(AccountingEntry entry, CancellationToken cancellationToken) in C:\VibeCoding\Gemini_Windsurf\3_CoreHub\Repositories\AccountingEntryRepository.cs:line 191
   at VanAn.Core.Tests.Infrastructure.Repositories.AccountingEntryRepositoryTests.Should_Get_By_Tenant_And_DateRange() in c:\VibeCoding\Gemini_Windsurf\6_Tests\VanAn.Core.Tests\Infrastructure\Repositories\AccountingEntryRepositoryTests.cs:line 87
--- End of stack trace from previous location ---
----- Inner Stack Trace -----
   at System.Convert.ChangeType(Object value, Type conversionType, IFormatProvider provider)
   at Microsoft.EntityFrameworkCore.Storage.ValueConversion.ValueConverter`2.Sanitize[T](Object value)
   at Microsoft.EntityFrameworkCore.Storage.ValueConversion.ValueConverter`2.<>c__DisplayClass6_0`2.<SanitizeConverter>b__1(Object v)
   at Microsoft.EntityFrameworkCore.Storage.RelationalTypeMapping.GenerateSqlLiteral(Object value)
   at Microsoft.EntityFrameworkCore.Query.QuerySqlGenerator.VisitSqlConstant(SqlConstantExpression sqlConstantExpression)
   at Microsoft.EntityFrameworkCore.Query.SqlExpressionVisitor.VisitExtension(Expression extensionExpression)
   at Microsoft.EntityFrameworkCore.Sqlite.Query.Internal.SqliteQuerySqlGenerator.VisitExtension(Expression extensionExpression)
   at Microsoft.EntityFrameworkCore.Query.QuerySqlGenerator.VisitSqlBinary(SqlBinaryExpression sqlBinaryExpression)
   at Microsoft.EntityFrameworkCore.Query.SqlExpressionVisitor.VisitExtension(Expression extensionExpression)
   at Microsoft.EntityFrameworkCore.Sqlite.Query.Internal.SqliteQuerySqlGenerator.VisitExtension(Expression extensionExpression)
   at Microsoft.EntityFrameworkCore.Query.QuerySqlGenerator.VisitSqlBinary(SqlBinaryExpression sqlBinaryExpression)
   at Microsoft.EntityFrameworkCore.Query.SqlExpressionVisitor.VisitExtension(Expression extensionExpression)
   at Microsoft.EntityFrameworkCore.Sqlite.Query.Internal.SqliteQuerySqlGenerator.VisitExtension(Expression extensionExpression)
   at Microsoft.EntityFrameworkCore.Query.QuerySqlGenerator.VisitSelect(SelectExpression selectExpression)
   at Microsoft.EntityFrameworkCore.Query.QuerySqlGenerator.GenerateRootCommand(Expression queryExpression)
   at Microsoft.EntityFrameworkCore.Query.QuerySqlGenerator.GetCommand(Expression queryExpression)
   at Microsoft.EntityFrameworkCore.Query.Internal.RelationalCommandCache.GetRelationalCommandTemplate(IReadOnlyDictionary`2 parameters)
   at Microsoft.EntityFrameworkCore.Internal.RelationCommandCacheExtensions.RentAndPopulateRelationalCommand(RelationalCommandCache relationalCommandCache, RelationalQueryContext queryContext)
   at Microsoft.EntityFrameworkCore.Query.Internal.SingleQueryingEnumerable`1.AsyncEnumerator.InitializeReaderAsync(AsyncEnumerator enumerator, CancellationToken cancellationToken)
   at Microsoft.EntityFrameworkCore.Query.Internal.SingleQueryingEnumerable`1.AsyncEnumerator.MoveNextAsync()
   at Microsoft.EntityFrameworkCore.Query.ShapedQueryCompilingExpressionVisitor.SingleOrDefaultAsync[TSource](IAsyncEnumerable`1 asyncEnumerable, CancellationToken cancellationToken)
   at Microsoft.EntityFrameworkCore.Query.ShapedQueryCompilingExpressionVisitor.SingleOrDefaultAsync[TSource](IAsyncEnumerable`1 asyncEnumerable, CancellationToken cancellationToken)
   at VanAn.CoreHub.Repositories.AccountingEntryRepository.AddAsync(AccountingEntry entry, CancellationToken cancellationToken) in C:\VibeCoding\Gemini_Windsurf\3_CoreHub\Repositories\AccountingEntryRepository.cs:line 167
  Passed VanAn.Core.Tests.Accounting.DynamicFormExtensionTests.DynamicForm_ShouldRenderTextArea_WhenFieldTypeIsTextArea [1 s]
  Passed VanAn.Core.Tests.Accounting.DynamicFormExtensionTests.DynamicForm_ShouldRenderDateInput_WhenFieldTypeIsDate [19 ms]
  Failed VanAn.Core.Tests.Accounting.DynamicFormExtensionTests.DynamicForm_ShouldRenderAllAccountingFields_WithCorrectTypes [4 ms]
  Error Message:
   System.NullReferenceException : Object reference not set to an instance of an object.
  Stack Trace:
     at VanAn.UI.Platform.Components.Composite.DynamicForm.BuildRenderTree(RenderTreeBuilder __builder) in c:\VibeCoding\Gemini_Windsurf\UI.Platform\Components\Composite\DynamicForm.razor:line 43
   at Microsoft.AspNetCore.Components.ComponentBase.<.ctor>b__6_0(RenderTreeBuilder builder)
   at Microsoft.AspNetCore.Components.Rendering.ComponentState.RenderIntoBatch(RenderBatchBuilder batchBuilder, RenderFragment renderFragment, Exception& renderFragmentException)
--- End of stack trace from previous location ---
   at Bunit.Rendering.TestRenderer.AssertNoUnhandledExceptions() in /_/src/bunit.core/Rendering/TestRenderer.cs:line 629
   at Bunit.Rendering.TestRenderer.Render[TResult](RenderFragment renderFragment, Func`2 activator) in /_/src/bunit.core/Rendering/TestRenderer.cs:line 480
   at Bunit.Rendering.TestRenderer.RenderFragment(RenderFragment renderFragment) in /_/src/bunit.core/Rendering/TestRenderer.cs:line 101
   at Bunit.Extensions.TestContextBaseRenderExtensions.RenderInsideRenderTree(TestContextBase testContext, RenderFragment renderFragment) in /_/src/bunit.core/Extensions/TestContextBaseRenderExtensions.cs:line 43
   at Bunit.Extensions.TestContextBaseRenderExtensions.RenderInsideRenderTree[TComponent](TestContextBase testContext, RenderFragment renderFragment) in /_/src/bunit.core/Extensions/TestContextBaseRenderExtensions.cs:line 23
   at Bunit.TestContext.Render[TComponent](RenderFragment renderFragment) in /_/src/bunit.web/TestContext.cs:line 68
   at Bunit.TestContext.RenderComponent[TComponent](Action`1 parameterBuilder) in /_/src/bunit.web/TestContext.cs:line 54
   at VanAn.Core.Tests.Accounting.DynamicFormExtensionTests.DynamicForm_ShouldRenderAllAccountingFields_WithCorrectTypes() in c:\VibeCoding\Gemini_Windsurf\6_Tests\VanAn.Core.Tests\Accounting\DynamicFormExtensionTests.cs:line 91
   at System.RuntimeMethodHandle.InvokeMethod(Object target, Void** arguments, Signature sig, Boolean isConstructor)
   at System.Reflection.MethodBaseInvoker.InvokeWithNoArgs(Object obj, BindingFlags invokeAttr)
  Passed VanAn.Core.Tests.Accounting.DynamicFormExtensionTests.DynamicForm_ShouldRenderCurrencyInput_WhenFieldTypeIsCurrency [7 ms]
  Passed GetPostgreSQLMetricsAsync_Should_Perform_With_Large_Dataset [1 s]
  Standard Output Messages:
 [DashboardServiceTests] Initialized with Test Harness 4 layer - Schema Created
 Performance test: 1004 orders processed in 922ms


  Passed GetPostgreSQLMetricsAsync_Should_Return_Correct_Total_Revenue [525 ms]
  Standard Output Messages:
 [DashboardServiceTests] Initialized with Test Harness 4 layer - Schema Created
 Total Revenue: $1,100


  Passed GetSQLiteMetricsAsync_Should_Throw_For_Unknown_Node_Type [288 ms]
  Standard Output Messages:
 [DashboardServiceTests] Initialized with Test Harness 4 layer - Schema Created
 Correctly threw exception: Unknown node type: UnknownNode


  Passed GetPostgreSQLMetricsAsync_Should_Handle_Zero_Division [317 ms]
  Standard Output Messages:
 [DashboardServiceTests] Initialized with Test Harness 4 layer - Schema Created
 Zero division handled: Sync rate = 75


  Passed GetSyncStatusAsync_Should_Calculate_Overall_Metrics [267 ms]
  Standard Output Messages:
 [DashboardServiceTests] Initialized with Test Harness 4 layer - Schema Created
 Sync status retrieved at: 5/21/2026 3:21:05 PM


  Passed GetSQLiteMetricsAsync_Should_Handle_Missing_Database_File [249 ms]
  Standard Output Messages:
 [DashboardServiceTests] Initialized with Test Harness 4 layer - Schema Created
 Missing database file handled correctly


  Passed GetSystemHealthAsync_Should_Check_Database_Connectivity [309 ms]
  Standard Output Messages:
 [DashboardServiceTests] Initialized with Test Harness 4 layer - Schema Created
 PostgreSQL online: True
 System healthy: False


  Passed GetPostgreSQLMetricsAsync_Should_Calculate_Tenant_Growth [367 ms]
  Standard Output Messages:
 [DashboardServiceTests] Initialized with Test Harness 4 layer - Schema Created
 Tenant growth: 0.0%


  Passed GetPostgreSQLMetricsAsync_Should_Return_Correct_Order_Count [319 ms]
  Standard Output Messages:
 [DashboardServiceTests] Initialized with Test Harness 4 layer - Schema Created
 Total Orders: 4


  Passed GetPostgreSQLMetricsAsync_Should_Calculate_Revenue_Growth [402 ms]
  Standard Output Messages:
 [DashboardServiceTests] Initialized with Test Harness 4 layer - Schema Created
 Revenue growth: 0.0%


  Passed GetPostgreSQLMetricsAsync_Should_Handle_Null_TenantId [260 ms]
  Standard Output Messages:
 [DashboardServiceTests] Initialized with Test Harness 4 layer - Schema Created
 Null TenantId handled correctly


  Passed GetPostgreSQLMetricsAsync_Should_Calculate_Sync_Rate_Correctly [216 ms]
  Standard Output Messages:
 [DashboardServiceTests] Initialized with Test Harness 4 layer - Schema Created
 Sync Rate: 75.0%


  Passed GetPostgreSQLMetricsAsync_Should_Return_Correct_Tenant_Count [241 ms]
  Standard Output Messages:
 [DashboardServiceTests] Initialized with Test Harness 4 layer - Schema Created
 Tenant Count: 2


  Passed VanAn.Core.Tests.Integration.SQLiteConcurrencyIntegrationTests.PerformanceMetrics_ShouldTrackProcessingEfficiency [6 s]
[xUnit.net 00:00:17.77]     VanAn.Core.Tests.Integration.SQLiteCon
currencyIntegrationTests.MultiTenantIsolation_ShouldRespectTenantB
oundaries [FAIL]
[xUnit.net 00:00:17.77]       Assert.True() Failure
[xUnit.net 00:00:17.77]       Expected: True
[xUnit.net 00:00:17.77]       Actual:   False
[xUnit.net 00:00:17.77]       Stack Trace:
[xUnit.net 00:00:17.77]         c:\VibeCoding\Gemini_Windsurf\6_Tests\VanAn.Core.Tests\Integration\SQLiteConcurrencyIntegrationTests.cs(296,0): at VanAn.Core.Tests.Integration.SQLiteConcurrencyIntegrationTests.MultiTenantIsolation_ShouldRespectTenantBoundaries()
[xUnit.net 00:00:17.77]         --- End of stack trace from previous location ---
  Failed VanAn.Core.Tests.Integration.SQLiteConcurrencyIntegrationTests.MultiTenantIsolation_ShouldRespectTenantBoundaries [3 s]
  Error Message:
   Assert.True() Failure
Expected: True
Actual:   False
  Stack Trace:
     at VanAn.Core.Tests.Integration.SQLiteConcurrencyIntegrationTests.MultiTenantIsolation_ShouldRespectTenantBoundaries() in c:\VibeCoding\Gemini_Windsurf\6_Tests\VanAn.Core.Tests\Integration\SQLiteConcurrencyIntegrationTests.cs:line 296
--- End of stack trace from previous location ---
Attempting to cancel the build...
